TTTTTTTTTTTTTTTTTTTTTTTTTTTTTTTTTTTTTTTTTTTTTTTTTTTTTTTTTTTTTTTTTTTTTTTTTTTTTTTTTTTTTTTTTTTTTTTTTTTTTTTTTTTTTTTTTTTTTTTTTTTTTTTTTTTTTTTTTTTTTTTTTTTTTTTTTTTTTTTTTTTTTTTTTTTTTTTTTTTTTTTTTTTTTTTTTTTTTTTTTTTTTTTTTTTTTTTTTTTTTTTTTTTTTTTTTTTTTTTT
TssssssssssssssssssssssssssssssssssssssssssssssssssssssssssssssssssssssssssssssssssssssssssssssssssssssssssssssssssssssssssssssssssssssssssssssssssssssssssssssssssssssssssssssssssssssssssssssssssssssssssssssssssssssssssssssssssssssssssssssT
T~~~~~~~~~~~~~~~~~~~~~~~~~~~~~~~~~~~~~~~~~~~~~~~~~~~~~~~~~~~~~~~~~~~~~~~~~~~~~~~~~~~~~~~~~~~~~~~~~~~~~~~~~~~~~~~~~~~~~~~~~~~~~~~~~~~~~~~~~~~~~~~~~~~~~~~~~~~~~~~~~~~~~~~~~~~~~~~~~~~~~~~~~~~~~~~~~~~~~~~~~~~~~~~~~~~~~~~~~~~~~~~~~~~~~~~~~~~~~~T
T~~~~~~~~~~~~~~~~~~~~~~~~~~~~~~~~~~~~~~~~~~~~~~~~~~~~~~~~~~~~~~~~~~~~~~~~~~~~~~~~~~~~~~~~~~~~~~~~~~~~~~~~~~~~~~~~~~~~~~~~~~~~~~~~~~~~~~~~~~~~~~~~~~~~~~~~~~~~~~~~~~~~~~~~~~~~~~~~~~~~~~~~~~~~~~~~~~~~~~~~~~~~~~~~~~~~~~~~~~~~~~~~~~~~~~~~~~~~~~T
T~~~~~~~~~~~~~~~~~~~~~~~~~~~~~~~~~~~~~~~~~~~~~~~~~~~~~~~~~~~~~~~~~~~~~~~~~~~~~~~~~~~~~~~~~~~~~~~~~~~~~~~~~~~~~~~~~~~~~~~~~~~~~~~~~~~~~~~~~~~~~~~~~~~~~~~~~~~~~~~~~~~~~~~~~~~~~~~~~~~~~~~~~~~~~~~~~~~~~~~~~~~~~~~~~~~~~~~~~~~~~~~~~~~~~~~~~~~~~~T
T~~~~~~~~~~~~~~~~~~~~~~~~~~~~~~~~~~~~~~~~~~~~~~~~~~~~ssssssssssss~~~~~~~~~~~~~~~~~~~~~~~~~~~~~~~~~~~~~~~~~~~~~~~~~~~~~~~~~~~~~~ssssssssssssssssssssss~~~~~~~~~~~~~~~~~~~~~~~~~~~~~~~~~~~~~~~~~~~~~~~~~~~~~~~~~~~~sssssssssssssssssss~~~~~~~~~~~T
T~~~~~~~~~~~~~~~~~~~~~~~~~~~~~~~~~~~~~~~~~~~~~~~~~~~~ssssssssssss~~~~~~~~~~~~~~~~~~~~~~~~~~~~~~~~~~~~~~~~~~~~~~~~~~~~~~~~~~~~~~ssssssssssssssssssssss~~~~~~~~~~~~~~~~~~~~~~~~~~~~~~~~~~~~~~~~~~~~~~~~~~~~~~~~~~~~sssssssssssssssssss~~~~~~~~~~~T
T~~~~~~~~~~~~~~~~~~~~~~~~~~~~~~~~~~~~~~~~~~~~~~~~~~~~~~~~~~~~~~~~~~~~~~~~~~~~~~~~~~~~~~~~~~~~~~~~~~~~~~~~~~~~~~~~~~~~~~~~~~~~~~~~~~~~~~~~~~~~~~~~~~~~~~~~~~~~~~~~~~~~~~~~~~~~~~~~~~~~~~~~~~~~~~~~~~~~~~~~~~~~~~~~~~~~~~~~~~~~~~~~~~~~~~~~~~~~~~T
T~~~~~~~~~~~~~~~~~~~~~~~~~~~~~~~~~~~~~~~~~~~~~~~~~~~~~~~~~~~~~~~~~~~~~~~~~~~~~~~~~~~~~~~~~~~~~~~~~~~~~~~~~~~~~~~~~~~~~~~~~~~~~~~~~~~~~~~~~~~~~~~~~~~~~~~~~~~~~~~~~~~~~~~~~~~~~~~~~~~~~~~~~~~~~~~~~~~~~~~~~~~~~~~~~~~~~~~~~~~~~~~~~~~~~~~~~~~~~~T
T~~~~~~~~~~~~~~~~~~~~~~~~~~~~~~~~~~~~~~~~~~~~~~~~~~~~~~~~~~~~~~~~~~~~~~~~~~~~~~~~~~~~~~~~~~~~~~~~~~~~~~~~~~~~~~~~~~~~~~~~~~~~~~~~~~~~~~~~~~~~~~~~~~~~~~~~~~~~~~~~~~~~~~~~~~~~~~~~~~~~~~~~~~~~~~~~~~~~~~~~~~~~~~~~~~~~~~~~~~~~~~~~~~~~~~~~~~~~~~T
TssssssssssssssssssssssssssssssssssssssssssssssssssssssssssssssssssssssssssssssssssssssssssssssssssssssssssssssssssssssssssssssssssssssssssssssssssssssssssssssssssssssssssssssssssssssssssssssssssssssssssssssssssssssssssssssssssssssssssssssT
TTTTTTTTTTTT....TT.::.ooooooooooooooooo..""""""""""""""""".::."""""""~"""""""""..TT....TTT~TTTTTTT.::.ooooooooooooooooo..TTTTTTTTT~TTTTTTT.::.,,,,,,,,,,,,,,,,,..TTTTTTTTTTTTTTTTT.::.ooooooo~ooooooooo..T..TTTTTTTTTTTTTT.::."""""""~"""""""""T
T...T...T...T...T..::...T...T...T...T...T...T...T...T...T..::...T...T~..T...T...T...T...T.~.T...T..::...T...T...T...T...T...T...T.~.T...T..::...T...T...T...T...T...T...T...T...T..::...T...T~..T...T...T...T...T...T...T..::...T...T~..T...T..T
T::::::::::::::::::::::::::::::::::::::::::::::::::::::::::::::::::::::::::::::::::::::::::::::::::::::::::::::::::::::::::::::::::::::::::::::::::::::::::::::::::::::::::::::::::::::::::::::::::::::::::::::::::::::::::::::::::::::::::::::T
T::::::::::::::::::::::::::::::::::::::::::::::::::::::::::::::::::::::::::::::::::::::::::::::::::::::::::::::::::::::::::::::::::::::::::::::::::::::::::::::::::::::::::::::::::::::::::::::::::::::::::::::::::::::::::::::::::::::::::::::T
T...T...T...T...T..::...T...T...T...T...T...T...T...T...T..::...T...T~..T...T...T...T...T.~.T...T..::...T...T...T...T...T...T...T.~.T...T..::...T...T...T...T...T...T...T...T...T..::...T...T~..T...T...T...T...T...T...T..::...T...T~..T...T..T
T,,,,,,,,,,,,,,,,,.::.TTTTTTTTTTTTTTTTT..ttttttttttttttttt.::.ooooooo~ooooooooo..TTTTTTTTT~TTTTTTT.::.TTTTTTTTTTTTTTTTT.."""""""""~""""""".::.ooooooooooooooooo..ttttttttttttttttt.::."""""""~"""""""""..,,,,,,,,,,,,,,,,,.::.ttttttt~tttttttttT
T,,,,,,,,,,,,,,,,,.::.TTTTTT...TTTTTTTT..""""""""""""""""".::.ooooooo~ooooooooo..TT.....TT~T....TT.::.TTT..TTTTTT..TTTT.."""""""""~""""""".::.ooooooooooooooooo..ooooooooooooooooo.::."""""""~"""""""""..,,,,,,,,,,,,,,,,,.::.ooooooo~oooooooooT
T,,,,,,,,,,,,,,,,,.::.TT.............TT..""""""""""""""""".::."""""""~"""""""""..T......TT~......T.::.TT............TTT.."""""""""~""""""".::."""""""""""""""""..""""""""""""""""".::."""""""~"""""""""..,,,,,,,,,,,,,,,,,.::."""""""~"""""""""T
T,,,,,,,,,,,,,,,,,.::.T...............T..""""""""""""""""".::.ooooooo~ooooooooo...........~......T.::.TT...........TTTT.."""""""""~""""""".::.ooooooooooooooooo..ooooooooooooooooo.::."""""""~"""""""""..,,,,,,,,,,,,,,,,,.::.ooooooo~oooooooooT
T,,,,,,,,,,,,,,,,,.::.T.......T.......T..""""""""""""""""".::.ooooooo~ooooooooo......TTT..~......T.::.T............TTTT.."""""""""~""""""".::.ooooooooooooooooo..ooooooooooooooooo.::."""""""~"""""""""..,,,,,,,,,,,,,,,,,.::.ooooooo~oooooooooT
T,,,,,,,,,,,,,,,,,.::.TT.....TTT.....TT..""""""""""""""""".::."""""""~""""""""".....TTTT..~.....TT.::.T............TTTT.."""""""""~""""""".::."""""""""""""""""..""""""""""""""""".::."""""""~"""""""""..,,,,,,,,,,,,,,,,,.::."""""""~"""""""""T
T,,,,,,,,,,,,,,,,,.::.TT.....TTT....TTT..""""""""""""""""".::.ooooooo~ooooooooo......TTTT.~.....TT.::.TT.....T.......TT.."""""""""~""""""".::.ooooooooooooooooo..ooooooooooooooooo.::."""""""~"""""""""..,,,,,,,,,,,,,,,,,.::.ooooooo~oooooooooT
T,,,,,,,,,,,,,,,,,.::.TT....TTTTTTT.TTT..""""""""""""""""".::.ooooooo~ooooooooo......TTTTT~.....TT.::.TT....TTT.......T.."""""""""~""""""".::.ooooooooooooooooo..ooooooooooooooooo.::."""""""~"""""""""..,,,,,,,,,,,,,,,,,.::.ooooooo~oooooooooT
T,,,,,,,,,,,,,,,,,.::.TT....TTTTTTTTTTT..""""""""""""""""".::."""""""~"""""""""..T..TTTTTT~.....TT.::.TTT...TTTT......T.."""""""""~""""""".::."""""""""""""""""..""""""""""""""""".::."""""""~"""""""""..,,,,,,,,,,,,,,,,,.::."""""""~"""""""""T
T,,,,,,,,,,,,,,,,,.::.TTT..TTTTTTTTTTTT..""""""""""""""""".::.ooooooo~ooooooooo..TTTTTTTTT~T.....T.::.TTTT.TTTTT.....TT.."""""""""~""""""".::.ooooooooooooooooo..ooooooooooooooooo.::."""""""~"""""""""..,,,,,,,,,,,,,,,,,.::.ooooooo~oooooooooT
T,,,,,,,,,,,,,,,,,.::.TTTTTTTTTTTTTTTTT..""""""""""""""""".::.ooooooo~ooooooooo..TTTTTTTTT~TT...TT.::.TTTTTTTTTTT..TTTT.."""""""""~""""""".::.ooooooooooooooooo..ooooooooooooooooo.::."""""""~"""""""""..,,,,,,,,,,,,,,,,,.::.ooooooo~oooooooooT
T..................::......................................::........~....................~........::.............................~........::......................................::........~.............................::........~.........T
T.........~........::......................................::.............................~........::......................................::........~.............................::......................................::..................T
Tttttttttt~ttttttt.::."""""""""""""""""..TTTTTTTTTT....TTT.::.TTTTTTTTTTTTTTTTT..ttttttttt~ttttttt.::.TTTTTTTTTTTTTTTTT..ttttttttttttttttt.::."""""""~"""""""""..TT....TTTTTTTTTTT.::.TTTTTTTTTTTTTTTTT..T..TTTTTTTTTTTTTT.::.TTTTTTTTTTTTTTTTTT
T"""""""""~""""""".::."""""""""""""""""..TT.............TT.::.TTTTTT..TTTTT..TT..ooooooooo~ooooooo.::.TT..........TTTTT..ooooooooooooooooo.::."""""""~"""""""""..T......TTT..TTTTT.::.TTTTTTT.......TTT......TT.......TTTT.::.T.......TTTTTT.TTT
T"""""""""~""""""".::."""""""""""""""""..T...............T.::.TT.......TTT...TT.."""""""""~""""""".::.T.............TTT..""""""""""""""""".::."""""""~""""""""".........TT.....TTT.::.TTTTTT.........TT................TTT.::.T........TTTTT.TTT
T"""""""""~""""""".::."""""""""""""""""..T..........TTT..T.::.T.........T...TTT..ooooooooo~ooooooo.::.T...............T..ooooooooooooooooo.::."""""""~"""""""""......~~~~~~~~~..TT.::.TTTT~~~~~~~~~..TT..T......TTT....TTT.::.TT.......TTTTTTTTT
T"""""""""~""""""".::."""""""""""""""""..TT....TT..TTTT..T.::.T.............TTT..ooooooooo~ooooooo.::.TT.................ooooooooooooooooo.::."""""""~"""""""""......~~~~~~~~~.TTT.::.TTT.~~~~~~~~~..TT..TT....TTTTT...TTT.::.TT......TTTTTTTTTT
T"""""""""~""""""".::."""""""""""""""""..TT...TTTTTTTTT..T.::.T...........TTTTT.."""""""""~""""""".::.TT.................""""""""""""""""".::."""""""~"""""""""..T...~~~~~~~~~.TTT.::.TT..~~~~~~~~~..TT..TT....TTTT....TTT.::.TT......TTTTTTTTTT
T"""""""""~""""""".::."""""""""""""""""..TT...TTTTTTTTT....::.....TT......TTTTT..ooooooooo~ooooooo.::.TT.................ooooooooooooooooo.::."""""""~"""""""""..T...~~~~~~~~~.TTT.::.TT..~~~~~~~~~...T..TT.............TT.::.TT......TTTTTTTTTT
T"""""""""~""""""".::."""""""""""""""""..T...TTTTTTTTT.....::..............TTTT..ooooooooo~ooooooo.::.T..................ooooooooooooooooo.::."""""""~"""""""""..TT..~~~~~~~~~..TT.::.TT..~~~~~~~~~......T..............TT.::.T.......TTTTTTTTTT
T"""""""""~""""""".::."""""""""""""""""..TT.TTTTTT.......T.::.T....TT......TTTT.."""""""""~""""""".::.T...............T..""""""""""""""""".::."""""""~"""""""""..TTTTTTT........TT.::.T..................T......TTT.....TT.::.T......TTTTTTTTTTT
T"""""""""~""""""".::."""""""""""""""""..TTTTTTTTT......TT.::.TT..TTTTTT...TTTT..ooooooooo~ooooooo.::.T........TT...TTT..ooooooooooooooooo.::."""""""~"""""""""..TTTTTTTT.....TTTT.::.TT..TT..........T..TT....TTTTT...TTT.::.T....TTTTTTTTTTTTT
T"""""""""~""""""".::."""""""""""""""""..TTTTTTTTTT....TTT.::.TTTTTTTTTTTTTTTTT..ooooooooo~ooooooo.::.TTTTTTTTTTTTTTTTT..ooooooooooooooooo.::."""""""~"""""""""..TTTTTTTTTTTTTTTTT.::.TTTTTTT..TTTT..TT..TTTTTTTTTTTTTTTTT.::.TTTTTTTTTTTTTTTTTT
T...T...T.~.T...T..::...T...T...T...T...T...T...T...T...T..::...T...T...T...T...T...T...T.~.T...T..::...T...T...T...T...T...T...T...T...T..::...T...T~..T...T...T...T...T...T...T..::...T...T...T...T...T...T...T...T...T..::...T...T...T...T..T
T::::::::::::::::::::::::::::::::::::::::::::::::::::::::::::::::::::::::::::::::::::::::::::::::::::::::::::::::::::::::::::::::::::::::::::::::::::::::::::::::::::::::::::::::::::::::::::::::::::::::::::::::::::::::::::::::::::::::::::::T
T::::::::::::::::::::::::::::::::::::::::::::::::::::::::::::::::::::::::::::::::::::::::::::::::::::::::::::::::::::::::::::::::::::::::::::::::::::::::::::::::::::::::::::::::::::::::::::::::::::::::::::::::::::::::::::::::::::::::::::::T
T...T...T.~.T...T..::...T...T...T...T...T...T...T...T...T..::...T...T...T...T...T...T...T.~.T...T..::...T...T...T...T...T...T...T...T...T..::...T...T~..T...T...T...T...T...T...T..::...T...T...T...T...T...T...T...T...T..::...T...T...T...T..T
Tooooooooo~ooooooo.::.TTTTTTTTTTTTTTTTT..ttttttttttttttttt.::.TTTTT..TTTTTTTTTT..TTTT..TTT~TTTTTTT.::.ttttttttttttttttt..ttttttttttttttttt.::.TTTTTTT~TTTTTTTTT..ttttttttttttttttt.::.ttttttttttttttttt..TTTTTTTTTTTTTTTTT.::.oooooooooooooooooT
Tooooooooo~ooooooo.::.TTTTTTTTTTTTT..TT..""""""""""""""""".::.TTTT.....TTTT.TTT..TTT....TT~TTTTTTT.::.ooooooooooooooooo..""""""""""""""""".::.TTT.TTT~TTTT...TT..""""""""""""""""".::.ooooooooooooooooo..TTTTTTTTTT.....TT.::.oooooooooooooooooT
T"""""""""~""""""".::.TTT...TTTTTT....T..""""""""""""""""".::.TTTT......TT...TT..TTT....TT~T..TTTT.::."""""""""""""""""..""""""""""""""""".::.TT...TT~TTTT....T..""""""""""""""""".::."""""""""""""""""..TT...TTTTT......T.::."""""""""""""""""T
Tooooooooo~ooooooo.::.TT.....TTTT.....T..""""""""""""""""".::.TTT.............T..TTT.....T~...TTTT.::.ooooooooooooooooo..""""""""""""""""".::.TT...TT~TTTT....T..""""""""""""""""".::.ooooooooooooooooo..T.....TTTT.....TT.::.oooooooooooooooooT
Tooooooooo~ooooooo.::.T...............T..""""""""""""""""".::.TTT...T.........T..TT.......~...TTTT.::.ooooooooooooooooo..""""""""""""""""".::.TT....T~TTTTT...T..""""""""""""""""".::.ooooooooooooooooo..T.....TTTTTTTTTTT.::.oooooooooooooooooT
T"""""""""~""""""".::.T...............T..""""""""""""""""".::.TT....TT........T..TT.......~...TTTT.::."""""""""""""""""..""""""""""""""""".::.TT.....~..TTT...T..""""""""""""""""".::."""""""""""""""""........TTTTTTTTTTT.::."""""""""""""""""T
Tooooooooo~ooooooo.::.T.....T.........T..""""""""""""""""".::.TT....TT........T..TT.......~...TTTT.::.ooooooooooooooooo..""""""""""""""""".::.TT.....~...TT...T..""""""""""""""""".::.ooooooooooooooooo........TTTTTTTTTTT.::.oooooooooooooooooT
Tooooooooo~ooooooo.::.T....TTT........T..""""""""""""""""".::.TT...........TTTT..TT.......~..TTTTT.::.ooooooooooooooooo..""""""""""""""""".::.T......~........T..""""""""""""""""".::.ooooooooooooooooo..T.....TTTTTTTTTTT.::.oooooooooooooooooT
T"""""""""~""""""".::.TT....TT........T..""""""""""""""""".::.TT........TTTTTTT..TTT.....T~TTTTTTT.::."""""""""""""""""..""""""""""""""""".::.T......~........T..""""""""""""""""".::."""""""""""""""""..TTT....TTTTTT..TT.::."""""""""""""""""T
Tooooooooo~ooooooo.::.TT....TTT...TTTTT..""""""""""""""""".::.TTT......TTTTTTTT..TTTT...TT~TTTTTTT.::.ooooooooooooooooo..""""""""""""""""".::.T......~.......TT..""""""""""""""""".::.ooooooooooooooooo..TTTT....TTTTT..TT.::.oooooooooooooooooT
Tooooooooo~ooooooo.::.TTT..TTTTTTTTTTTT..""""""""""""""""".::.TTTTTTTTTTTTTTTTT..TTTTTTTTT~TTTTTTT.::.ooooooooooooooooo..""""""""""""""""".::.TTTTTTT~TTTTTTTTT..""""""""""""""""".::.ooooooooooooooooo..TTTTTT.TTTTTTTTTT.::.oooooooooooooooooT
T.........~........::......................................::.............................~........::......................................::........~.............................::......................................::..................T
T.........~........::.............................~........::......................................::.............................~........::......................................::......................................::........~.........T
TTTTTTTTTT~TTTTTTT.::.T..TTTTTTTTTTTTTT..ttttttttt~ttttttt.::.ttttttttttttttttt..ooooooooooooooooo.::.TTTTT..TTTTTTTTTT..ttttttttt~ttttttt.::.,,,,,,,,,,,,,,,,,..ttttttttttttttttt.::.ttttttttttttttttt..ttttttttttttttttt.::."""""""~"""""""""T
TTT.....TT~TT...TT.::.......TTTTTT..TTT.."""""""""~""""""".::.,,,,,,,,,,,,,,,,,..ooooooooooooooooo.::.TTTT....TTTTTTTTT.."""""""""~""""""".::.,,,,,,,,,,,,,,,,,..ooooooooooooooooo.::.,,,,,,,,,,,,,,,,,..,,,,,,,,,,,,,,,,,.::."""""""~"""""""""T
TT......TT~TTT.TTT.::........TTTT....TT.."""""""""~""""""".::.,,,,,,,,,,,,,,,,,..""""""""""""""""".::.TTTT.......TTTTTT.."""""""""~""""""".::.,,,,,,,,,,,,,,,,,..""""""""""""""""".::.,,,,,,,,,,,,,,,,,..,,,,,,,,,,,,,,,,,.::."""""""~"""""""""T
TT.....TTT~TTTTTTT.::.T...~~~~~~~~~..TT.."""""""""~""""""".::.,,,,,,,,,,,,,,,,,..ooooooooooooooooo.::...TTT........TTTT.."""""""""~""""""".::.,,,,,,,,,,,,,,,,,..ooooooooooooooooo.::.,,,,,,,,,,,,,,,,,..,,,,,,,,,,,,,,,,,.::."""""""~"""""""""T
TT....TTTT~TTTTTTT.::.TTTT~~~~~~~~~.TTT.."""""""""~""""""".::.,,,,,,,,,,,,,,,,,..ooooooooooooooooo.::.T..TT..........TT.."""""""""~""""""".::.,,,,,,,,,,,,,,,,,..ooooooooooooooooo.::.,,,,,,,,,,,,,,,,,..,,,,,,,,,,,,,,,,,.::."""""""~"""""""""T
TT....TTTT~...TTTT.::.TTTT~~~~~~~~~TTTT.."""""""""~""""""".::.,,,,,,,,,,,,,,,,,..""""""""""""""""".::.T...TT..........T.."""""""""~""""""".::.,,,,,,,,,,,,,,,,,..""""""""""""""""".::.,,,,,,,,,,,,,,,,,..,,,,,,,,,,,,,,,,,.::."""""""~"""""""""T
TTT..TTTTT~....TTT.::.TTTT~~~~~~~~~TTTT.."""""""""~""""""".::.,,,,,,,,,,,,,,,,,..ooooooooooooooooo.::.T....TTT..........."""""""""~""""""".::.,,,,,,,,,,,,,,,,,..ooooooooooooooooo.::.,,,,,,,,,,,,,,,,,..,,,,,,,,,,,,,,,,,.::."""""""~"""""""""T
TTTTTTTTTT~.....TT.::.TTTT~~~~~~~~~TTTT.."""""""""~""""""".::.,,,,,,,,,,,,,,,,,..ooooooooooooooooo.::.T....TTTT.......T.."""""""""~""""""".::.,,,,,,,,,,,,,,,,,..ooooooooooooooooo.::.,,,,,,,,,,,,,,,,,..,,,,,,,,,,,,,,,,,.::."""""""~"""""""""T
TTTTTTTTT.~.....TT.::.TTTTT.....TTTTTTT.."""""""""~""""""".::.,,,,,,,,,,,,,,,,,..""""""""""""""""".::.T....TTTT......TT.."""""""""~""""""".::.,,,,,,,,,,,,,,,,,..""""""""""""""""".::.,,,,,,,,,,,,,,,,,..,,,,,,,,,,,,,,,,,.::."""""""~"""""""""T
TTTTTTT...~.....TT.::.TTTTTTTTTTTTT..TT.."""""""""~""""""".::.,,,,,,,,,,,,,,,,,..ooooooooooooooooo.::.T...TTTTTT..TTTTT.."""""""""~""""""".::.,,,,,,,,,,,,,,,,,..ooooooooooooooooo.::.,,,,,,,,,,,,,,,,,..,,,,,,,,,,,,,,,,,.::."""""""~"""""""""T
TTTTTTT..T~TTTTTTT.::.TTTTTTTTTTTTT.TTT.."""""""""~""""""".::.,,,,,,,,,,,,,,,,,..ooooooooooooooooo.::.TT.TTTTTTTTTTTTTT.."""""""""~""""""".::.,,,,,,,,,,,,,,,,,..ooooooooooooooooo.::.,,,,,,,,,,,,,,,,,..,,,,,,,,,,,,,,,,,.::."""""""~"""""""""T
T...T...T.~.T...T..::...T...T...T...T...T...T...T.~.T...T..::...T...T...T...T...T...T...T...T...T..::...T...T...T...T...T...T...T.~.T...T..::...T...T...T...T...T...T...T...T...T..::...T...T...T...T...T...T...T...T...T..::...T...T~..T...T..T
T::::::::::::::::::::::::::::::::::::::::::::::::::::::::::::::::::::::::::::::::::::::::::::::::::::::::::::::::::::::::::::::::::::::::::::::::::::::::::::::::::::::::::::::::::::::::::::::::::::::::::::::::::::::::::::::::::::::::::::::T
T::::::::::::::::::::::::::::::::::::::::::::::::::::::::::::::::::::::::::::::::::::::::::::::::::::::::::::::::::::::::::::::::::::::::::::::::::::::::::::::::::::::::::::::::::::::::::::::::::::::::::::::::::::::::::::::::::::::::::::::T
T...T...T.~.T...T..::...T...T...T...T...T...T...T.~.T...T..::...T...T...T...T...T...T...T...T...T..::...T...T...T...T...T...T...T.~.T...T..::...T...T...T...T...T...T...T...T...T..::...T...T...T...T...T...T...T...T...T..::...T...T~..T...T..T
TTT...TTTT~TTTTTTT.::.ooooooooooooooooo..TTTTTT...~..TTTTT.::."""""""""""""""""..ttttttttttttttttt.::.TTTTTTTTTTTTTTTTT..ooooooooo~ooooooo.::.ooooooooooooooooo..ttttttttttttttttt.::.,,,,,,,,,,,,,,,,,..,,,,,,,,,,,,,,,,,.::.TTTTTTT~TTTTTTTTTT
TT.....TTT~.TTTTTT.::.ooooooooooooooooo..TTTTT....~....TTT.::."""""""""""""""""..""""""""""""""""".::.TTTTTT....TTTTTTT..ooooooooo~ooooooo.::.ooooooooooooooooo..""""""""""""""""".::.,,,,,,,,,,,,,,,,,..,,,,,,,,,,,,,,,,,.::.TT.TT.T~TTTTTTTTTT
TT.....TTT~..TTTTT.::."""""""""""""""""..TT..T....~.....TT.::."""""""""""""""""..""""""""""""""""".::.TTTTTT....TTTT..T.."""""""""~""""""".::."""""""""""""""""..""""""""""""""""".::.,,,,,,,,,,,,,,,,,..,,,,,,,,,,,,,,,,,.::.T......~TT...TTTTT
TTT....TTT~..TTTTT.::.ooooooooooooooooo..TTTTTT...~.T....T.::."""""""""""""""""..""""""""""""""""".::.TTTTTT....TTTT..T..ooooooooo~ooooooo.::.ooooooooooooooooo..""""""""""""""""".::.,,,,,,,,,,,,,,,,,..,,,,,,,,,,,,,,,,,.::.T......~T......TTT
TTTT.TTTTT~..TTTTT.::.ooooooooooooooooo..TTTTTTT..~TTT...T.::."""""""""""""""""..""""""""""""""""".::.TTTTTT....TTTT..T..ooooooooo~ooooooo.::.ooooooooooooooooo..""""""""""""""""".::.,,,,,,,,,,,,,,,,,..,,,,,,,,,,,,,,,,,.::.T......~T......TTT
TTTTTTTTT.~.....TT.::."""""""""""""""""..TTTTTT...~TTT...T.::."""""""""""""""""..""""""""""""""""".::.TTTTT.....TTT..TT.."""""""""~""""""".::."""""""""""""""""..""""""""""""""""".::.,,,,,,,,,,,,,,,,,..,,,,,,,,,,,,,,,,,.::.T......~T.....TTTT
TTTTTTTTT.~......T.::.ooooooooooooooooo..TT.......~TTT...T.::."""""""""""""""""..""""""""""""""""".::.TTTTT....TTTTTTTT..ooooooooo~ooooooo.::.ooooooooooooooooo..""""""""""""""""".::.,,,,,,,,,,,,,,,,,..,,,,,,,,,,,,,,,,,.::.T......~T.....TTTT
TTTTTTTT..~......T.::.ooooooooooooooooo..T.......T~TTT...T.::."""""""""""""""""..""""""""""""""""".::.TTTT....TTTTT.TTT..ooooooooo~ooooooo.::.ooooooooooooooooo..""""""""""""""""".::.,,,,,,,,,,,,,,,,,..,,,,,,,,,,,,,,,,,.::.T.....T~TT....TTTT
TTTTTTTTT.~.TTTTTT.::."""""""""""""""""..T......TT~TTT..TT.::."""""""""""""""""..""""""""""""""""".::.TTT....TTTTTTTTTT.."""""""""~""""""".::."""""""""""""""""..""""""""""""""""".::.,,,,,,,,,,,,,,,,,..,,,,,,,,,,,,,,,,,.::.T....TT~TT.....TTT
TTTTTTTTTT~TTTTTTT.::.ooooooooooooooooo..T.....TTT~TTTTTTT.::."""""""""""""""""..""""""""""""""""".::.TT....TTTTTTTTTTT..ooooooooo~ooooooo.::.ooooooooooooooooo..""""""""""""""""".::.,,,,,,,,,,,,,,,,,..,,,,,,,,,,,,,,,,,.::.T...TTT~TTT...TTTT
TTTTTTTTTT~TTTTTTT.::.ooooooooooooooooo..TTTTTTTTT~TTTTTTT.::."""""""""""""""""..""""""""""""""""".::.TTT..TTTTTTTTTTTT..ooooooooo~ooooooo.::.ooooooooooooooooo..""""""""""""""""".::.,,,,,,,,,,,,,,,,,..,,,,,,,,,,,,,,,,,.::.TT.TTTT~TTTTTTTTTT
T.........~........::.............................~........::......................................::.............................~........::......................................::......................................::........~.........T
T..................::.............................~........::......................................::.............................~........::......................................::......................................::..................T
Tttttttttttttttttt.::.TTT..TTTTT...TTTT..TTTTTTTTT~TTTTTTT.::.TTTTTTTT.....TTTT..TTTTTTTT......TTT.::.TTTTTTT..TTTTTTTT.."""""""""~""""""".::.ttttttttttttttttt..ooooooooooooooooo.::.ooooooooooooooooo..ttttttttttttttttt.::."""""""""""""""""T
Tooooooooooooooooo.::.T.....TTT......TT..TT......T~TTT...T.::.TTTTTT.........TT..TTTTTTT........TT.::.TTTTTT....TTTT.TT.."""""""""~""""""".::.ooooooooooooooooo..ooooooooooooooooo.::.ooooooooooooooooo..""""""""""""""""".::."""""""""""""""""T
T""""""""""""""""".::........TT.......T..TT.......~TT......::.TT.TT...........T..T..TTTT........TT.::.TTTTTT.....TT...T.."""""""""~""""""".::."""""""""""""""""..""""""""""""""""".::."""""""""""""""""..""""""""""""""""".::."""""""""""""""""T
Tooooooooooooooooo.::................TT..TTTTT....~......T.::.T...............T..T..T~~~~~~~~~...T.::.TTTTTT.....TTT.TT.."""""""""~""""""".::.ooooooooooooooooo..ooooooooooooooooo.::.ooooooooooooooooo..""""""""""""""""".::."""""""""""""""""T
Tooooooooooooooooo.::.......T.......TTT..TTTTTT...~.....TT.::.................T..T..T~~~~~~~~~...T.::.TTTTTT....TTTTTTT.."""""""""~""""""".::.ooooooooooooooooo..ooooooooooooooooo.::.ooooooooooooooooo..""""""""""""""""".::."""""""""""""""""T
T""""""""""""""""".::.....TTTT......TTT..TTTTT....~T....TT.::.................T..T..T~~~~~~~~~...T.::.TTTTTT....TTTTTTT.."""""""""~""""""".::."""""""""""""""""..""""""""""""""""".::."""""""""""""""""..""""""""""""""""".::."""""""""""""""""T
Tooooooooooooooooo.::.....TTTT......TTT..TTT......~TTTTTTT.::.T...............T..T..T~~~~~~~~~.....::.TTTTTT....TTTTTTT.."""""""""~""""""".::.ooooooooooooooooo..ooooooooooooooooo.::.ooooooooooooooooo..""""""""""""""""".::."""""""""""""""""T
Tooooooooooooooooo.::.T...TTTT.......TT..TT.......~TTTTTTT.::.T.....TTTT......T..TTTT~~~~~~~~~T....::.TTTTTT....TTT..TT.."""""""""~""""""".::.ooooooooooooooooo..ooooooooooooooooo.::.ooooooooooooooooo..""""""""""""""""".::."""""""""""""""""T
T""""""""""""""""".::.T....T.........TT..TT.......~TTTTTTT.::.T....TTTTTTT....T..TTTTTT.....TTTT.T.::.T..TTT....TT...TT.."""""""""~""""""".::."""""""""""""""""..""""""""""""""""".::."""""""""""""""""..""""""""""""""""".::."""""""""""""""""T
Tooooooooooooooooo.::.TT..T.......T.TTT..TTTTTTTT.~TTTTTTT.::.T....TTTTTTTTT.TT..TTTTTTTT..TTTTTTT.::.T...TTT..TTTT..TT.."""""""""~""""""".::.ooooooooooooooooo..ooooooooooooooooo.::.ooooooooooooooooo..""""""""""""""""".::."""""""""""""""""T
Tooooooooooooooooo.::.TTTTTT..TTTTTTTTT..TTTTTTTTT~TTTTTTT.::.TT..TTTTTTTTTTTTT..TTTTTTTTTTTTTTTTT.::.TT..TTTTTTTTTTTTT.."""""""""~""""""".::.ooooooooooooooooo..ooooooooooooooooo.::.ooooooooooooooooo..""""""""""""""""".::."""""""""""""""""T
T...T...T...T...T..::...T...T...T...T...T...T...T.~.T...T..::...T...T...T...T...T...T...T...T...T..::...T...T...T...T...T...T...T.~.T...T..::...T...T...T...T...T...T...T...T...T..::...T...T...T...T...T...T...T...T...T..::...T...T...T...T..T
T::::::::::::::::::::::::::::::::::::::::::::::::::::::::::::::::::::::::::::::::::::::::::::::::::::::::::::::::::::::::::::::::::::::::::::::::::::::::::::::::::::::::::::::::::::::::::::::::::::::::::::::::::::::::::::::::::::::::::::::T
T::::::::::::::::::::::::::::::::::::::::::::::::::::::::::::::::::::::::::::::::::::::::::::::::::::::::::::::::::::::::::::::::::::::::::::::::::::::::::::::::::::::::::::::::::::::::::::::::::::::::::::::::::::::::::::::::::::::::::::::T
T...T...T...T...T..::...T...T...T...T...T...T...T.~.T...T..::...T...T...T...T...T...T...T...T...T..::...T...T...T...T...T...T...T.~.T...T..::...T...T...T...T...T...T...T...T...T..::...T...T...T...T...T...T...T...T...T..::...T...T...T...T..T
Tttttttttttttttttt.::.TTTTTTTTTTTTT..TT..TT..TTTTT~......T.::.ttttttttttttttttt..TTTTT..TTTTTTTTTT.::.ooooooooooooooooo..TTTTTTTTT~TTTTTTT.::.ttttttttttttttttt..ooooooooooooooooo.::.,,,,,,,,,,,,,,,,,..TTTTTTTTTTTTTTTTT.::.tttttttttttttttttT
T""""""""""""""""".::.TTTTTTTTTTTT....T..T....TTTT~........::."""""""""""""""""..TT.............TT.::.ooooooooooooooooo..TTTTT..TT~TTTT.TT.::.,,,,,,,,,,,,,,,,,..ooooooooooooooooo.::.,,,,,,,,,,,,,,,,,..TTTTTTTTTT.....TT.::."""""""""""""""""T
T""""""""""""""""".::.TTTTTT..TTTT....T.......TTTT~........::."""""""""""""""""..T...............T.::."""""""""""""""""..TTTT.....~TTT...T.::.,,,,,,,,,,,,,,,,,..""""""""""""""""".::.,,,,,,,,,,,,,,,,,..TTT...TTTT.....TT.::."""""""""""""""""T
T""""""""""""""""".::.TTTT~~~~~~~~~...........TTT.~........::."""""""""""""""""..T...~~~~~~~~~...T.::.ooooooooooooooooo..TTT......~TT....T.::.,,,,,,,,,,,,,,,,,..ooooooooooooooooo.::.,,,,,,,,,,,,,,,,,..TT....TTTT.....TT.::."""""""""""""""""T
T""""""""""""""""".::.TTTT~~~~~~~~~T.....T...TTTT.~........::."""""""""""""""""..T...~~~~~~~~~...T.::.ooooooooooooooooo..TTT......~......T.::.,,,,,,,,,,,,,,,,,..ooooooooooooooooo.::.,,,,,,,,,,,,,,,,,..T.....TTTT....TTT.::."""""""""""""""""T
T""""""""""""""""".::.TTT.~~~~~~~~~T.....TTTTTTTTT~........::."""""""""""""""""..TT.T~~~~~~~~~TTTT.::."""""""""""""""""..TT.......~........::.,,,,,,,,,,,,,,,,,..""""""""""""""""".::.,,,,,,,,,,,,,,,,,..T.....TTTTT...TTT.::."""""""""""""""""T
T""""""""""""""""".::.TT..~~~~~~~~~T.....TTTTTTTTT~......T.::."""""""""""""""""..TTTT~~~~~~~~~TTTT.::.ooooooooooooooooo..TT...TT..~........::.,,,,,,,,,,,,,,,,,..ooooooooooooooooo.::.,,,,,,,,,,,,,,,,,..TT.....TTTTT..TTT.::."""""""""""""""""T
T""""""""""""""""".::.TT..~~~~~~~~~......TTTTTTTTT~.....TT.::."""""""""""""""""..TTTT~~~~~~~~~..TT.::.ooooooooooooooooo..T....TT..~........::.,,,,,,,,,,,,,,,,,..ooooooooooooooooo.::.,,,,,,,,,,,,,,,,,..TT......TTTT..TTT.::."""""""""""""""""T
T""""""""""""""""".::.TTT......TTTT...T..TTTTTTTTT~....TTT.::."""""""""""""""""..TTTTTTTTTT......T.::."""""""""""""""""..T....TT..~T.......::.,,,,,,,,,,,,,,,,,..""""""""""""""""".::.,,,,,,,,,,,,,,,,,..T........TTTTTTTT.::."""""""""""""""""T
T""""""""""""""""".::.TTTT....TTTTT..TT..TTTTTTTTT~....TTT.::."""""""""""""""""..TTTTTTTTT.......T.::.ooooooooooooooooo..TT..TTTTT~TT......::.,,,,,,,,,,,,,,,,,..ooooooooooooooooo.::.,,,,,,,,,,,,,,,,,..TT......TTTTTTTTT.::."""""""""""""""""T
T""""""""""""""""".::.TTTTTTTTTTTTTTTTT..TTTTTTTTT~T.TTTTT.::."""""""""""""""""..TTTTTTTTTT..TTTTT.::.ooooooooooooooooo..TTTTTTTTT~TTT...T.::.,,,,,,,,,,,,,,,,,..ooooooooooooooooo.::.,,,,,,,,,,,,,,,,,..TTTTTTTTTTTTTTTTT.::."""""""""""""""""T
T..................::.............................~........::......................................::.............................~........::......................................::......................................::..................T
T..................::......................................::......................................::......................................::......................................::......................................::........~.........T
Tttttttttttttttttt.::.T.......TTTTTTTTT..""""""""""""""""".::."""""""""""""""""..ttttttttttttttttt.::.ooooooooooooooooo..TTTTTTTTTTTTTTTTT.::.ttttttttttttttttt..ttttttttttttttttt.::.TTTTTTTTTTTTTTTTT..ttttttttttttttttt.::.TTTTTTT~TTTTTTTTTT
T,,,,,,,,,,,,,,,,,.::............TTT.TT..""""""""""""""""".::."""""""""""""""""..ooooooooooooooooo.::.ooooooooooooooooo..TT......TTT....TT.::.ooooooooooooooooo..""""""""""""""""".::.TTTT......TTTTTTT..ooooooooooooooooo.::.TTTTT..~......TTTT
T,,,,,,,,,,,,,,,,,.::.................T..""""""""""""""""".::."""""""""""""""""..""""""""""""""""".::."""""""""""""""""..T.......TT......T.::."""""""""""""""""..""""""""""""""""".::.TT.........TTTTTT..""""""""""""""""".::.TTTT...~.......TTT
T,,,,,,,,,,,,,,,,,.::.................T..""""""""""""""""".::."""""""""""""""""..ooooooooooooooooo.::.ooooooooooooooooo..T...~~~~~~~~~...T.::.ooooooooooooooooo..""""""""""""""""".::.TT.........TTTTTT..ooooooooooooooooo.::.TTTTT..~.......TTT
T,,,,,,,,,,,,,,,,,.::.T..............TT..""""""""""""""""".::."""""""""""""""""..ooooooooooooooooo.::.ooooooooooooooooo..T...~~~~~~~~~...T.::.ooooooooooooooooo..""""""""""""""""".::.T.........TTTTTTT..ooooooooooooooooo.::.TTTT...~.......TTT
T,,,,,,,,,,,,,,,,,.::.T..............TT..""""""""""""""""".::."""""""""""""""""..""""""""""""""""".::."""""""""""""""""..T...~~~~~~~~~.....::."""""""""""""""""..""""""""""""""""".::.T.......TTTTTTTTT..""""""""""""""""".::.TT.....~.......TTT
T,,,,,,,,,,,,,,,,,.::.TT.............TT..""""""""""""""""".::."""""""""""""""""..ooooooooooooooooo.::.ooooooooooooooooo..TT..~~~~~~~~~.....::.ooooooooooooooooo..""""""""""""""""".::.........TTTTTTTTT..ooooooooooooooooo.::.T......~.......TTT
T,,,,,,,,,,,,,,,,,.::.TTTTTT.........TT..""""""""""""""""".::."""""""""""""""""..ooooooooooooooooo.::.ooooooooooooooooo..TT..~~~~~~~~~.....::.ooooooooooooooooo..""""""""""""""""".::............TTTTTT..ooooooooooooooooo.::.T......~.......TTT
T,,,,,,,,,,,,,,,,,.::.TTTTTTT......TTTT..""""""""""""""""".::."""""""""""""""""..""""""""""""""""".::."""""""""""""""""..TTT.........TT..T.::."""""""""""""""""..""""""""""""""""".::.T..........TTTTTT..""""""""""""""""".::.T......~...TT..TTT
T,,,,,,,,,,,,,,,,,.::.TTTTTTTT....TTTTT..""""""""""""""""".::."""""""""""""""""..ooooooooooooooooo.::.ooooooooooooooooo..TTTT.TT.....TTTTT.::.ooooooooooooooooo..""""""""""""""""".::.TT........TTTTTTT..ooooooooooooooooo.::.TT.TTTT~..TTTTTTTT
T,,,,,,,,,,,,,,,,,.::.TTTTTTTTTTTTTTTTT..""""""""""""""""".::."""""""""""""""""..ooooooooooooooooo.::.ooooooooooooooooo..TTTTTTTT...TTTTTT.::.ooooooooooooooooo..""""""""""""""""".::.TTTTTTTTTTTTTTTTT..ooooooooooooooooo.::.TTTTTTT~TTTTTTTTTT
T...T...T...T...T..::...T...T...T...T...T...T...T...T...T..::...T...T...T...T...T...T...T...T...T..::...T...T...T...T...T...T...T...T...T..::...T...T...T...T...T...T...T...T...T..::...T...T...T...T...T...T...T...T...T..::...T...T~..T...T..T
T::::::::::::::::::::::::::::::::::::::::::::::::::::::::::::::::::::::::::::::::::::::::::::::::::::::::::::::::::::::::::::::::::::::::::::::::::::::::::::::::::::::::::::::::::::::::::::::::::::::::::::::::::::::::::::::::::::::::::::::T
T::::::::::::::::::::::::::::::::::::::::::::::::::::::::::::::::::::::::::::::::::::::::::::::::::::::::::::::::::::::::::::::::::::::::::::::::::::::::::::::::::::::::::::::::::::::::::::::::::::::::::::::::::::::::::::::::::::::::::::::T
T...T...T...T...T..::...T...T...T...T...T...T...T...T...T..::...T...T...T...T...T...T...T...T...T..::...T...T...T...T...T...T...T...T...T..::...T...T...T...T...T...T...T...T...T..::...T...T...T...T...T...T...T...T...T..::...T...T~..T...T..T
Tttttttttttttttttt.::.TTTTTTTTTTTT...TT..TTTTTTTTTTTTTTTTT.::.TTTTTTTTTTTTTTTTT..TTTTTTTTTTTTTTTTT.::.ooooooooooooooooo..TTTTTTTTTTTTTTTTT.::.ttttttttttttttttt..ttttttttttttttttt.::.TTTTTTTTTTTTTTTTT..TTTTTTTTTTTTTTTTT.::.ttttttt~tttttttttT
T,,,,,,,,,,,,,,,,,.::.TT...TTTTTTT....T..TT......TTTTTTTTT.::.TTTTTTTTTTTTTTTTT..TT..........TTTTT.::.ooooooooooooooooo..TT...TTTTTTTTTTTT.::."""""""""""""""""..""""""""""""""""".::.TTTTTTT...TTTTTTT..TTTTTTTTTTT....TT.::."""""""~"""""""""T
T,,,,,,,,,,,,,,,,,.::.T......TTTT.....T..T.......TTTTTTTTT.::.TTTTTTTT.....TTTT..TT...........TTTT.::."""""""""""""""""..T.....TTTTTT....T.::."""""""""""""""""..""""""""""""""""".::.TTT.......TTTT..T..TTTTTTTTTT.....TT.::."""""""~"""""""""T
T,,,,,,,,,,,,,,,,,.::.T.......TTT....TT..TT......TTTTTTTTT.::.TTTT~~~~~~~~~.TTT..TTTTT........TTTT.::.ooooooooooooooooo..T.....TTTTT.....T.::."""""""""""""""""..""""""""""""""""".::.TT........TTT...T..TTTT..........TTT.::."""""""~"""""""""T
T,,,,,,,,,,,,,,,,,.::.T.............TTT..TTTTTTTTTT...TTTT.::.TTTT~~~~~~~~~..TT..TTTTTT........TTT.::.ooooooooooooooooo..TT....TTTTT.....T.::."""""""""""""""""..""""""""""""""""".::.T........TTTT...T..TTT..........TTTT.::."""""""~"""""""""T
T,,,,,,,,,,,,,,,,,.::.T.............TTT..TTTTTTTTT.....TTT.::.TTT.~~~~~~~~~...T..TTTTTTT........TT.::."""""""""""""""""..TTTT.TTTTTTT...TT.::."""""""""""""""""..""""""""""""""""".::.T........TTT....T..TT...........TTTT.::."""""""~"""""""""T
T,,,,,,,,,,,,,,,,,.::.T.............TTT..TTTTTTTTT.....TTT.::.TT..~~~~~~~~~......TTTTTTT.........T.::.ooooooooooooooooo..TTTTTTTTTTTTTTTTT.::."""""""""""""""""..""""""""""""""""".::.T........TTT...TT..TT..........TTTTT.::."""""""~"""""""""T
T,,,,,,,,,,,,,,,,,.::.T..............TT..TTTTTTTTT......TT.::.TT..~~~~~~~~~......TTTTTTT.........T.::.ooooooooooooooooo..TTTTTTTTT..TTTTTT.::."""""""""""""""""..""""""""""""""""".::.TT.TTTTTTTTT...TT..T..........TTTTTT.::."""""""~"""""""""T
T,,,,,,,,,,,,,,,,,.::.TT.TT...........T..TTTTTTTT.......TT.::.TT.....TTTTT.......TTTTTTT.........T.::."""""""""""""""""..TTTTTTTT.......TT.::."""""""""""""""""..""""""""""""""""".::.TTTTTTTTTTTTT.TTT..TT........TTTTTTT.::."""""""~"""""""""T
T,,,,,,,,,,,,,,,,,.::.TTTTTTT..TTT....T..TTTTTTTTT......TT.::.TTT...TTTTTTT...T..TTTTTTTT...TTTTTT.::.ooooooooooooooooo..TTTTTTTTT......TT.::."""""""""""""""""..""""""""""""""""".::.TTTTTTTTTTTTTTTTT..TTTTTTT..TTTTTTTT.::."""""""~"""""""""T
T,,,,,,,,,,,,,,,,,.::.TTTTTTTTTTTTTTTTT..TTTTTTTTTTTTTTTTT.::.TTTTTTTTTTTTTTTTT..TTTTTTTTTTTTTTTTT.::.ooooooooooooooooo..TTTTTTTTTT.....TT.::."""""""""""""""""..""""""""""""""""".::.TTTTTTTTTTTTTTTTT..TTTTTTTTTTTTTTTTT.::."""""""~"""""""""T
T..................::......................................::......................................::......................................::......................................::......................................::........~.........T
T.........~........::.............................~........::......................................::........~.............................::......................................::......................................::..................T
TTTTTTTT..~TTTTTTT.::.ooooooooooooooooo..,,,,,,,,,~,,,,,,,.::.TTTTTTTTTTTTTTTTT..ttttttttttttttttt.::.TTTTTTT~TTTTTTTTT..ttttttttttttttttt.::.TT....TTTTTTTTTTT..TTTTTT..TTTTTTTTT.::.ttttttttttttttttt..TTTTTTTTTTTTTTTTT.::.tttttttttttttttttT
TTT.......~...TTTT.::.ooooooooooooooooo..,,,,,,,,,~,,,,,,,.::.TT..TTTTTTTTTTTTT..""""""""""""""""".::.TTTTT..~.......TT..""""""""""""""""".::.T.....TTTTT...TTT..TTT.......TTTTTTT.::."""""""""""""""""..TT...TTTTT...TTTT.::."""""""""""""""""T
TT........~....TTT.::."""""""""""""""""..,,,,,,,,,~,,,,,,,.::.T...TTTTT....TTTT..""""""""""""""""".::.TTTT...~.......TT..""""""""""""""""".::.T.....TTTT.....TT..TT........TTTTTTT.::."""""""""""""""""..T.....TTT.....TTT.::."""""""""""""""""T
TT...T....~.....TT.::.ooooooooooooooooo..,,,,,,,,,~,,,,,,,.::.TTTTTTTT......TTT..""""""""""""""""".::.TT..~~~~~~~~~..TT..""""""""""""""""".::.T....TTTTT....TTT..TT.........TTTTTT.::."""""""""""""""""..T...~~~~~~~~~.TTT.::."""""""""""""""""T
TT..TTT...~.....TT.::.ooooooooooooooooo..,,,,,,,,,~,,,,,,,.::.TTTTTTT.......TTT..""""""""""""""""".::.TT..~~~~~~~~~..TT..""""""""""""""""".::.TT..TTTTTT....TTT..TT.........TTTTTT.::."""""""""""""""""..T...~~~~~~~~~.TTT.::."""""""""""""""""T
TT...T....~.....TT.::."""""""""""""""""..,,,,,,,,,~,,,,,,,.::.TTT............TT..""""""""""""""""".::.TT..~~~~~~~~~..TT..""""""""""""""""".::.TT..TTTTT......TT..TT.........TTTTTT.::."""""""""""""""""......~~~~~~~~~TTTT.::."""""""""""""""""T
TT........~T....TT.::.ooooooooooooooooo..,,,,,,,,,~,,,,,,,.::.TT.............TT..""""""""""""""""".::.TT..~~~~~~~~~...T..""""""""""""""""".::.T...TTTT........T..TT........TTTTTTT.::."""""""""""""""""......~~~~~~~~~TTTT.::."""""""""""""""""T
TT........~TT...TT.::.ooooooooooooooooo..,,,,,,,,,~,,,,,,,.::.T..............TT..""""""""""""""""".::.TTT.~~~~~~~~~...T..""""""""""""""""".::.T...TTT.........T..T......TTTTTTTTTT.::."""""""""""""""""..T...~~~~~~~~~TTTT.::."""""""""""""""""T
TT........~TTT.TTT.::."""""""""""""""""..,,,,,,,,,~,,,,,,,.::.T...............T..""""""""""""""""".::.TTTTTTT~TT......T..""""""""""""""""".::.T..............TT..T.....TTTTTTTTTTT.::."""""""""""""""""..TTTT.......TTTTTT.::."""""""""""""""""T
TTT......T~TTTTTTT.::.ooooooooooooooooo..,,,,,,,,,~,,,,,,,.::.TTTTTTT....TT...T..""""""""""""""""".::.TTTTTTT~TT......T..""""""""""""""""".::.TT.........TTTTTT..TT...TTTTTTTTTTTT.::."""""""""""""""""..TTTTTT...TTTTTTTT.::."""""""""""""""""T
TTTTTTTTTT~TTTTTTT.::.ooooooooooooooooo..,,,,,,,,,~,,,,,,,.::.TTTTTTTT..TTTTTTT..""""""""""""""""".::.TTTTTTT~TTTT...TT..""""""""""""""""".::.TTTT.....TTTTTTTT..TTTTTTTTTTTTTTTTT.::."""""""""""""""""..TTTTTTTTTTTTTTTTT.::."""""""""""""""""T
T...T...T.~.T...T..::...T...T...T...T...T...T...T.~.T...T..::...T...T...T...T...T...T...T...T...T..::...T...T~..T...T...T...T...T...T...T..::...T...T...T...T...T...T...T...T...T..::...T...T...T...T...T...T...T...T...T..::...T...T...T...T..T
T::::::::::::::::::::::::::::::::::::::::::::::::::::::::::::::::::::::::::::::::::::::::::::::::::::::::::::::::::::::::::::::::::::::::::::::::::::::::::::::::::::::::::::::::::::::::::::::::::::::::::::::::::::::::::::::::::::::::::::::T
T::::::::::::::::::::::::::::::::::::::::::::::::::::::::::::::::::::::::::::::::::::::::::::::::::::::::::::::::::::::::::::::::::::::::::::::::::::::::::::::::::::::::::::::::::::::::::::::::::::::::::::::::::::::::::::::::::::::::::::::T
T...T...T.~.T...T..::...T...T...T...T...T...T...T.~.T...T..::...T...T...T...T...T...T...T...T...T..::...T...T~..T...T...T...T...T...T...T..::...T...T...T...T...T...T...T...T...T..::...T...T...T...T...T...T...T...T...T..::...T...T...T...T..T
T"""""""""~""""""".::.ttttttttttttttttt..ttttttttt~ttttttt.::.ttttttttttttttttt..TTTTTTTTTTTTTTTTT.::.TTTTTTT~TTTTTTTTT..ttttttttttttttttt.::.,,,,,,,,,,,,,,,,,..ttttttttttttttttt.::.TTTTTTTTTTTTTTTTT..TTTTTTTT.TTTTTTTT.::.TTT......TTTTTTTTT
T"""""""""~""""""".::.ooooooooooooooooo..ooooooooo~ooooooo.::.ooooooooooooooooo..TT.TTTTTTTTTT...T.::.TTTTT..~....TTTTT..""""""""""""""""".::.,,,,,,,,,,,,,,,,,..ooooooooooooooooo.::.TTTTT..TTTTT...TT..TTTTTTT...TT...TT.::.TT.............TTT
T"""""""""~""""""".::.""""""""""""""""".."""""""""~""""""".::."""""""""""""""""..T.........TTT.....::.TTTT...~.....TTTT..""""""""""""""""".::.,,,,,,,,,,,,,,,,,..""""""""""""""""".::.TT.....TTTT.....T..TTTTTTT..TTT....T.::.TT..............TT
T"""""""""~""""""".::.ooooooooooooooooo..ooooooooo~ooooooo.::.ooooooooooooooooo..T..TT.....TTT.....::.TTT.~~~~~~~~~TTTT..""""""""""""""""".::.,,,,,,,,,,,,,,,,,..ooooooooooooooooo.::.TT.....TTT......T..TTTTTT...TTT....T.::.TT.......T......TT
T"""""""""~""""""".::.ooooooooooooooooo..ooooooooo~ooooooo.::.ooooooooooooooooo..T..TT......TTT..T.::.T...~~~~~~~~~TTTT..""""""""""""""""".::.,,,,,,,,,,,,,,,,,..ooooooooooooooooo.::.TT.....TTTT.....T..TTTTTT...TTTT...T.::.TT......TTTTT...TT
T"""""""""~""""""".::.""""""""""""""""".."""""""""~""""""".::."""""""""""""""""..TTTTT......TTTTTT.::.T...~~~~~~~~~.TTT..""""""""""""""""".::.,,,,,,,,,,,,,,,,,..""""""""""""""""".::.TT.....TTTT....TT..TTTTTT....TTT..TT.::.TT......TTTTTTTTTT
T"""""""""~""""""".::.ooooooooooooooooo..ooooooooo~ooooooo.::.ooooooooooooooooo..TTTTT.......TTTTT.::.T...~~~~~~~~~..TT..""""""""""""""""".::.,,,,,,,,,,,,,,,,,..ooooooooooooooooo.::.T.......TT.....TT....TTTT....TTT..TT.::.TT.......TTTTTTTTT
T"""""""""~""""""".::.ooooooooooooooooo..ooooooooo~ooooooo.::.ooooooooooooooooo..TTTT.......TTTTTT.::.TT..~~~~~~~~~...T..""""""""""""""""".::.,,,,,,,,,,,,,,,,,..ooooooooooooooooo.::.T..............TT....TTTT....TTT..TT.::.TT............TTTT
T"""""""""~""""""".::.""""""""""""""""".."""""""""~""""""".::."""""""""""""""""..TTTT......TTT.TTT.::.TT.....~TTT.....T..""""""""""""""""".::.,,,,,,,,,,,,,,,,,..""""""""""""""""".::.T..............TT....TTTT.........TT.::.TT............TTTT
T"""""""""~""""""".::.ooooooooooooooooo..ooooooooo~ooooooo.::.ooooooooooooooooo..TTTTTTTTTTTTT..TT.::.TTT.T.T~TTTT...TT..""""""""""""""""".::.,,,,,,,,,,,,,,,,,..ooooooooooooooooo.::.TT............TTT..TTTTTT.........TT.::.TTT..TTTT......TTT
T"""""""""~""""""".::.ooooooooooooooooo..ooooooooo~ooooooo.::.ooooooooooooooooo..TTTTTTTTTTTTTTTTT.::.TTTTTTT~TTTTTTTTT..""""""""""""""""".::.,,,,,,,,,,,,,,,,,..ooooooooooooooooo.::.TTTTTTTT...TTTTTT..TTTTTTT..TT..TTTT.::.TTTTTTTTTTTT..TTTT
TTTTTTTTTTTTTTTTTTTTTTTTTTTTTTTTTTTTTTTTTTTTTTTTTTTTTTTTTTT::TTTTTTTTTTTTTTTTTTTTTTTTTTTTTTTTTTTTTT::TTTTTTTTTTTTTTTTTTTTTTTTTTTTTTTTTTTTTTTTTTTTTTTTTTTTTTTTTTTTTTTTTTTTTTTTTTTTTT::TTTTTTTTTTTTTTTTTTTTTTTTTTTTTTTTTTTTTTTTTTTTTTTTTTTTTTTTTTT
