TTTTTTTTTTTTTTTTTTT==TTTTTTTTTTTTTTTTTTT
Ttttttttttttttttttt==ttttttttttttttttttT
Tt........"...,..".==".."...........".tT
Tt."........"....".==.................tT
Tt......".,.,,""...==................,tT
Tt...,..xxxxxxxxx.,==,..xxxxxxxxx"....tT
Tt,.....xxxxxxxxx..==...xxxxxxxxx.,...tT
Tt......xxxxxxxxx..==...xxxxxxxxx.....tT
Tt......xxxxxxxxx..=="..xxxxxxxxx.....tT
Tt......xxxxxxxxx..==...xxxxxxxxx.....tT
Tt...",....,.......==.......,......,..tT
Tt.,......,....,...===................tT
Tt,........,....,..===................tT
========================================
========================================
Tt......".."..........".....".........tT
Tt...."..........".,....,.........,"..tT
Tt..================================,.tT
Tt..================================..tT
Tt.....".,......""........,...........tT
Tt"......."...........,......,..".....tT
Tt.."...,.".,.....,....."......".,....tT
Tt................".,..."...."..."....tT
Tt.".."".,.......,.....,..".........."tT
Tt.......,....,........,.....,,."",..,tT
Tt................."..........,."...".tT
TttttttttttttttttttttttttttttttttttttttT
TTTTTTTTTTTTTTTTTTTTTTTTTTTTTTTTTTTTTTTT
