TTTTTTTTTTTTTTTTTTTTTTTTTTTTTTTTTTTTTTTT
Ttttttttttttttj~~~~jtttttttttttttttttttT
Tt...".,.T...Tj~~~~s.T...T...,...Tt.tTtT
Tt.T,,,,,..T..s~~~~s...T.,.T.".,"..T..tT
Ttt.,,,,,,...Tj~~~~s."..tT,,,,,..T...TtT
Tt.T,,,,,t.T.tj~~~~j...T.,,,,,,T".."..tT
Ttt.,,,,,T..tTs~~~~s,Tt,.,,,,,,."",ttTtT
Tt,T,,,,,..T..j~~~~s...T..,,,,,Tt.."..tT
Tt.t.Tt.,T...Tj~~~~stTt..T,,,,,..T...TtT
Tt.T...T...T..s~~~~j..,T.t.,,..T..tT.,tT
Tt.".T.,tT...Tj~~~~s,T..,T...T.,.T...TtT
TttT...T...T..j~~~~s...T..."...T...T..tT
Tt,.tT...T,..Ts~~~~s.T...T.,.T...T,.,TtT
Tt::::::::::::bbbbbb::::::::::::::::::::
Tt::::::::::::bbbbbb::::::::::::::::::::
Tt.T...Ttt"T..s~~~~s.,.T...Tt..,"..Tt.tT
Tt...T...T...Tj~~~~s.T...T...,...T...TtT
Tt.T..,T,..T..j~~~~j...T..,T..,T.t.,.,tT
Tt...T,,,,,.."s~~~~s.T...T...T...T,..TtT
Tt.T".,,,,,T.tj~~~~s.tt""t.T..,,,,,T..tT
Tt,..T,,,,,..Tj~~~~s,T...T...T,,,,,..TtT
Tt.T..,,,,,T.ts~~~~jt".T...T,.,,,,,T..tT
Tt.t.T,,,,,t.Tj~~~~s.".".,.t.",,,,,".,tT
Tt.T..t,.".,..j~~~~s...T.t.T..,,,,,T..tT
Tt...Tt."Tt..Ts~~~~s.T.,.T..tT...Tt."TtT
Tt"T,"t"...T.tj~~~~j..,T...T...T..,T.ttT
Ttttttttttttttj~~~~stttttttttttttttttttT
TTTTTTTTTTTTTTTTTTTTTTTTTTTTTTTTTTTTTTTT
