TTTTTTTTTTTTTTTTTTT::TTTTTTTTTTTTTTTTTTT
Ttttttttttttttttttt::ttttttttttttttttttT
Tt"..........,".,".::..,....."....,.."tT
Tt,.....,.,.,.,."..::......,,.,..."...tT
Tt................"::............."...tT
Tt.......,.",......::......"..".".....tT
Tt....."...........::....".,.......,..tT
Tt............,....::...,,..".........tT
Tt::::::::::::::::::::::::::::::::::::tT
Tt::::::::::::::::::::::::::::::::::::tT
Tt...."............::...".".".."..".."tT
Tt.........,.......::....."....,......tT
Tt....."..",.......::"..,..."..".....,tT
::::::::::::::::::::::::::::::::::::::::
::::::::::::::::::::::::::::::::::::::::
Tt..........",...,,.......",..........tT
Tt..........".....,,".................tT
Tt.......,..,....",........,..........tT
Tt..........,,.......".......,....,...tT
Tt::::::::::::::::::::::::::::::::::::tT
Tt::::::::::::::::::::::::::::::::::::tT
Tt..".............,........."........"tT
Tt.ooo...ooo...ooo"."ooo.,"ooo...ooo."tT
Tt.ooo.."ooo...ooo...ooo...ooo...ooo,.tT
Tt.ooo..,ooo...ooo...ooo.."ooo...ooo..tT
Tt::::::::::::::::::::::::::::::::::::tT
TttttttttttttttttttttttttttttttttttttttT
TTTTTTTTTTTTTTTTTTTTTTTTTTTTTTTTTTTTTTTT
