KKKKKKKKKKKKKKKKKKKKKKKKKKKKKKKKKKKKKKKKKKKKKKKKKKKKKKKKKKKKKKKK
KxxxxxxxxKKKxxxxxxxxxxxxxxxxxxxxxxxxxxxxxKKKKKKKKKKKKKKKKKKKKKKK
KxxxxxxxxKKKxxxxxxxxxxxxxxxxxxxxxxxxxxxxxKKKKKKKKKKKKKKKKKKKKKKK
Kxx<xxxxxKKKxxccccxxccccxxccccxxccccxxccccKKKKKKKKKKKKKKKKKKKKKK
KxxxxxxxxxxxxxxxxxxxxxxxxxxxxxxxxxxxxxxxxKKKKKKKKKKKKKKKKKKKKKKK
KxxxxxxxxxxxxxccccxxccccxxccccxxccccxxccccKKKKKKKKKKKKKKKKKKKKKK
KxxxxxxxxKKKxxxxxxxxxxxxxxxxxxxxxxxxxxxxxKKKKKKKKKKKKKKKKKKKKKKK
KxxxxxxxxKKKxxccccxxccccxxccccxxccccxxccccKKKKKKKKKKKKKKKKKKKKKK
KxxxxxxxxKKKxxxxxxxxxxxxxxxxxxxxxxxxxxxxxKKKKKKKKKKKKKKKKKKKKKKK
KKxxKKKKKKKKxxccccxxccccxxccccxxccccxxccccKKKKKKKKKKKKKKKKKKKKKK
KKxxKKKKKKKKxxxxxxxxxxxxxxxxxxxxxxxxxxxxxKKKKKKKKKKKKKKKKKKKKKKK
KKxxKKKKKKKKxxccccxxccccxxccccxxccccxxccccKKKKKKKKKKKKKKKKKKKKKK
KKxxKKKKKKKKxxxxxxxxxxxxxxxxxxxxxxxxxxxxxKKKKKKKKKKKKKKKKKKKKKKK
KKxxKKKKKKKKKKKKKKKKKKKKKKxxKKKKKKKKKKKKKKKKKKKKKKKKKKKKKKKKKKKK
KKxxKKKKKKKKKKKKKKKKKKKKKKxxKKKKKKKKKKKKKKKKKKKKwwwwwwwwwwwwwwwK
KKxxKKKKKKKKKKKKKKKKKKKKKKxxKKKKKKKKKKKKKKKKKKKKwwwwwwwwwwwwwwwK
KKxxKKKKKKKKKKKKKKKKKKKKKKxxKKKKKKKKKKKKKKKKKKKKwwwwwrrrrrwwwwwK
KKxxKKKKKKKKKKKKKKKKKKKKKKxxKKKKKKKKKKKKKKKKKKKKwwwwwrrrrrwwwwwK
KKxxKKKKKKwwwwwwwwwwwwwwwwwwwwwwwwwwwwwwwwwwwKKKwwwwwrrrrrwwwwwK
KKxxKKKKKKwwwwwwwwwwwwwwwwwwwwwwwwwwwwwwwwwwwKKKwwwwwrrrrrwwwwwK
KKxxKKKKKKwwwwwwwwwwwwwwwwwwwwwwwwwwwwwwwwwwwKKKwwwwwrrrrrwwwwwK
KKxxKKKKKKwwwwwwwwwwwwwwwwwwwwwwwwwwwwwwwwwwwKKKwwwwwrrrrrwwwwwK
KKxxKKKKKKwwwwrrrrrrrrrrrrrrrrrrrrrrrrrrrwwwwKKKwwwwwrrrrrwwwwwK
KKxxKKKKKKwwwwcccccccccccccccccccccccccccwwwwKKKwwwwwrrrrrwwwwwK
KKxxKKKKKKwwwwcccccccccccccccccccccccccccwwwxxxxwwwwwrrrrrwwwwwK
KKxxKKKKKKwwwwrrrrrrrrrrrrrrrrrrrrrrrrrrrwwwxxxxwwwwwrrrrrwwwwwK
KKxxKKKKKKwwwwwwwwwwwwwwwwwwwwwwwwwwwwwwwwwwwKKKwwwwwrrrrrwwwwwK
KKxxKKKKKKwwwwwwwwwwwwwwwwwwwwwwwwwwwwwwwwwwwKKKwwwwwrrrrrwwwwwK
KKxxKKKKKKwwwwwwwwwwwwwwwwwwwwwwwwwwwwwwwwwwwKKKwwwwwrrrrrwwwwwK
KKxxKKKKKKwwwwwwwwwwwwwwwwwwwwwwwwwwwwwwwwwwwKKKwwwwwrrrrrwwwwwK
KKxxKKKKKKwwwwwwwwwwwwwwwwwwwwwwwwwwwwwwwwwwwKKKwwwwwrrrrrwwwwwK
KKxxKKKKKKKKKKKKKKKKKKKKKKKKKKKKKKKKKKKKKKKKKKKKwwwwwwwwwwwwwwwK
KxxxxxxxxxxxxKKKKKKKKKKKKKKKKKKKKKKKKKKKKKKKKKKKwwwwwwwwwwwwwwwK
KxxxxxxxxxxxxKKKKKKKKKKKKKKKKKKKKKKKKKKKKKKKKKKKwwwwwwwwwwwwwwwK
KxxccxccxccxxKKKKKKKKKKKKKKKKKKKKKKKKKKKKKKKKKKKwwwwwwwwwwwwwwwK
KxxccxccxccxxKKKKKKKKKKKKKKKKKKKKKKKKKKKKKKKKKKKKKKKKKKKKKKKKKKK
KxxccxccxccxxKKKKKKKKKKKKKKKKKKKKKKKKKKKKKKKKKKKKKKKKKKKKKKKKKKK
KxxxxxxxxxxxxKKKKKKKKKKKKKKKKKKKKKKKKKKKKKKKKKKKKKKKKKKKKKKKKKKK
KxxxxxxxxxxxxKKKKKKKKKKKKKKKKKKKKKKKKKKKKKKKKKKKKKKKKKKKKKKKKKKK
KKKKKKKKKKKKKKKKKKKKKKKKKKKKKKKKKKKKKKKKKKKKKKKKKKKKKKKKKKKKKKKK
