TTTTTTTTTTTTTTTTTTTTTTTTTTTTTTTTTTTTTTTT
TttttttttttttttttttttttttttttttttttttttT
Tt.,.....,................,"..........tT
Tt.,...........,,...."......,.........tT
Tt..,.ggggggggggggggggggggggggggggg...tT
Tt..,.ggggggggggggggggggggggggggggg.,"tT
Tt...,ggggggggggggggggggggggggggggg...tT
Tt..".ggggggggggggggggggggggggggggg...tT
Tt....ggggggggggggggggggggggggggggg,".tT
Tt....ggggggggggggggggggggggggggggg".,tT
Tt,...ggggggggggggggggggggggggggggg...tT
Tt..."ggggggggggggggggggggggggggggg...tT
Tt....ggggggggggggggggggggggggggggg...tT
ggggggggggggggggggggggggggggggggggg.."tT
ggggggggggggggggggggggggggggggggggg.",tT
Tt....ggggggggggggggggggggggggggggg.".tT
Tt..".ggggggggggggggggggggggggggggg.".tT
Tt....ggggggggggggggggggggggggggggg...tT
Tt",..ggggggggggggggggggggggggggggg...tT
Tt...,ggggggggggggggggggggggggggggg...tT
Tt,...ggggggggggggggggggggggggggggg,..tT
Tt....ggggggggggggggggggggggggggggg,..tT
Tt,...ggggggggggggggggggggggggggggg...tT
Tt......"",...........................tT
Tt.".,,.,,...,"........,......,.......tT
Tt......"..,................,"".......tT
TttttttttttttttttttttttttttttttttttttttT
TTTTTTTTTTTTTTTTTTTTTTTTTTTTTTTTTTTTTTTT
