KKKKKKKKKKKKKKKKKKKKKKKKKKKKKKKKKKKKKKKKKKKKKKKKKKKKKKKKKKKK
KKKKKKKKKKKKKKKKKKKKKKKKKKKKKKKKKKKKKKKKKKKKKKKKKKKKKKKKKKKK
KKxxxxxKxxxxxxxxxxxxxxxxxxxxxxxKxxxxxxxxKxxxxxxxxxxxKxxxxxKK
KKx<xxxKxxxxxxxxxxxxxxxxxxxxxxxKxxxxxxxxKxxxxxxxxxxxKxxxxxKK
KKxxxxxKKKKxxKxxKKKKKKKKKKKKKxxhxxKxxKxxKKKKxxKxxKxxKKKKxxKK
KKxxxxxxxxKxxKxxxxxKxxxxxKxxxxxhxxKxxKxxxxxKxxKxxKxxxxxKxxKK
KKxxKxxxxxKxxKxxxxxKxxxxxKxxxxxKxxKxxKxxxxxKxxKxxhxxxxxKxxKK
KKxxKKKKxxKxxKKKKxxKxxKxxKxxKKKKxxKxxKKKKxxKKKKxxKKKKxxKxxKK
KKxxxxxhxxKxxxxxKxxxxxKxxKxxxxxKxxKxxxxxKxxxxxxxxKxxxxxKxxKK
KKxxxxxKxxKxxxxxKxxxxxKxxKxxxxxKxxKxxxxxKxxxxxxxxKxxxxxhxxKK
KKxxKKKKxxKKKKxxKhKKKKKxxKKKKxxKKKKKKKxxKKKKKKKKKKxxKhhKxxKK
KKxxxxxKxxxxxKxxKxxxxxxxxKxxxxxKxxxxxxxxKxxxxxKxxxxxKxxxxxKK
KKxxxxxKxxxxxKxxKxxxxxxxxKxxxxxKxxxxxxxxKxxxxxKxxxxxKxxxxxKK
KKxxKxxKKKKxxKKKKxxKKKKKKKxxKKKKxxKxxKKKKKKKxxKxxKKKKKKKxxKK
KKxxKxxxxxKxxKxxxxxKxxxxxKxxKxxxxxKxxKxxxxxKxxKxxKxxxxxxxxKK
KKxxKxxxxxKxxKxxxxxKxxxxxKxxKxxxxxKxxKxxxxxKxxKxxKxxxxxxxxKK
KKxxKxxKxxKxxKxxKKKKxxKKKKxxKxxKKKKxxKxxKxxKxxKxxKKKKxxKxxKK
KKxxKxxKxxKxxKxxxxxKxxxxxxxxxxxKxxxxxKxxKxxKxxKxxxxxxxxKxxKK
KKxxKxxKxxKxxKxxxxxKxxxxxxxxxxxKxxxxxKxxKxxKxxKxxxxxxxxKxxKK
KKKKKxxKxxKxxKKKKxxKxxKKKKKKKKKKKKKKKKxxKxxKxxKKKKKKKKKKxxKK
KKxxxxxKxxKxxKxxxxxKxxKxxxxxxxxxxxxxxxxxKxxKxxxxxxxxxxxKxxKK
KKxxxxxKxxKxxKxxxxxKxxKxxxxxxxxxxxxxxxxxKxxKxxxxxxxxxxxKxxKK
KKxxKKKKKKKxxKxxKKKKKKKxxKKKKKKKKKKKKKKKKxxKKKKxxKKKKKKKxxKK
KKxxxxxKxxxxxKxxxxxxxxxxxKxxxxxxxxKxxxxxKxxxxxKxxxxxKxxxxxKK
KKxxxxxKxxxxxKxxxxxxxxxxxKxxxxxxxxKxxxxxKxxxxxKxxxxxKxxxxxKK
KKKKKxxKxxKKKKxxKKKKKKKKKKKKKxxKxxKKKKxxKKKKxxKxxKxxKxxKKKKK
KKxxxxxKxxxxxKxxxxxKxxxxxKxxxxxKxxxxxKxxxxxKxxKxxKxxxxxKxxKK
KKxxxxxKxxxxxKxxxxxKxxxxxKxxxxxKxxxxxKxxxxxKxxKxxKxxxxxKxxKK
KKxxKxxKKKKxxKKKKxxKxxKxxKxxKKKKKKKxxKxxKxxKxxKxxKKKKKKKxxKK
KKxxKxxxxxKxxKxxxxxxxxKxxxxxKxxxxxKxxxxxKxxKxxKxxKxxxxxxxxKK
KKxxKxxxxxKxxKxxxxxxxxKxxxxxKxxxxxKxxxxxKxxKxxKxxKxxxxxxxxKK
KKxxKKKKKKKxxKKKKKKKKKKKKKKKKxxKxxKKKKKKKKKKxxKxxKKhhKKKxxKK
KKxxxxxxxxKxxKxxxxxKxxxxxKxxxxxKxxxxxxxxxxxxxxKxxxxxxxxxxxKK
KKxxxxxxxxKxxKxxxxxhxxxxxKxxxxxKxxxxxxxxxxxxxxKxxxxxxxxxxxKK
KKxxKKKKxxKxxKxxKxxKxxKxxKxxKKKKKKKKKKKKKKKKKKKKKKKKKKKKxxKK
KKxxxxxKxxxxxxxxKxxxxxKxxxxxKxxxxxxxxxxxxxxxxxxxxxxxxxxxxxKK
KKxxxxxKxxxxxxxxKxxxxxKxxxxxKxxxxxxxxxxxxxxxxxxxxxxxxxxxxxKK
KKKKKKKKKKKKKKKKKKKKKKKKKKKKKKKKKKKKKKKKKKKKKKKKKKKKKKKKKKKK
KKKKKKKKKKKKKKKKKKKKKKKKKKKKKKKKKKKKKKKKKKKKKKKKKKKKKKKKKKKK
KKKKKKKKKKKKKKKKKKKKKKKKKKKKKKKKKKKKKKKKKKKKKKKKKKKKKKKKKKKK
