TTTTTTTTTTTTTTTTTTTTTTTTTTTTTTTTTTTTTTTT
TttttttttttttttttttttttttttttttttttttttT
Tt""....,,.....,..........".........."tT
Tt......".........____.,..............tT
Tt................____................tT
Tt..............".____",."....,......"tT
Tt..,,......,,....____,....."..".....,tT
Tt......".........____..,..........,..tT
Tt.,......,..."...____.......,......".tT
Tt.......,.,......____.,..............tT
Tt..,..."....,,...____...,......,.....tT
Tt........____________________.......,tT
Tt......."____________________,..,....tT
==========____________________==========
==========____________________==========
Tt,..",.=.____________________.=."....tT
Tt..,,..=.____________________,=...,..tT
Tt.,"..,=.____________________.=.."...tT
Tt..."."=.____________________.=....".tT
Tt,...,.=.____________________.=....,.tT
Tt......=.____________________.=......tT
Tt......=....,.....==.,..,,....=......tT
Tt."....=.........,==..........=.,....tT
Tt."...===..,......==.........===."...tT
Tt.................==.................tT
Tt..,,."...,".,....==.........,....,..tT
Ttttttttttttttttttt==ttttttttttttttttttT
TTTTTTTTTTTTTTTTTTT==TTTTTTTTTTTTTTTTTTT
