KKKKKKKKKKKKKKKKKKKKKKKKKKKKKKKKKKKKKKKKKKKKKKKKKKKKKKKKKKKKKKKKKKKKKKKKKKKKKKKK
KKKKKKKKKKKKKKKKKKKKKKKKKKKKKKKKKKKKKKKKKKKKKKKKKKKKKKKKKKKKKKKKKKKKKKKKKKKKKKKK
KKkkkkkKKKKkkkKKKKKKkkkKKKKKKKKKKKkkKKKKKKKKKKKKKKKKKKKKKKkkKKKKKKKKKKKKKKKKKKKK
KKk<kkkKKKkkkkkKKKKkkkkkkkkkkkkkkkkkkKKKkkKKKKKkkKKKKKKKKkkkkKKKKKKKKKKKKKkKKKKK
KKkkkkkKKKkkkkkkKKkkkkkkkkkkkkkkkkkkkkkkkkkKKKkkkKKKKKKKkkkkkKKKKkkKKKKKKkkkKKKK
KKkkkqqqqqqqqqqqqqqqqqqqqqqqqqqqqqqqqqqqqqqqqqqqqqqqqqqqqqqqqqqqqqqqqqqqqqqkKKKK
KKkkkkkkkkkkkkkkkkkkkkkkkkkkKkkkkkKKKKKkkkkKKKKkkKKKKKkkkkqquqKKquqqKKKKKkqkKKKK
KKKKkkkkkkkkkkkkkkkkkkkkkkkKKKkkkkKKKKKkkkkkKKKkkkKKKkkkkkqqquqqqquqqKKKKkqkKKKK
KKKKkkkkkkkkkkqqqquqqqquqqKKKKkkkkkKKKkkkkkkkkkkkkkkkkkkkkqqqquqqqquqqKKKKqkKKKK
KKKKkkkkkkkkkkKqqqquqqqquKKKKkkkkkkkkkkkkkkkkkkkkkkkkkkkkkuqqqquqqqquqqKKKqkKKKK
KKKKKkkkkkkkkKKKqqqquqqqqKKKKkkkkkkkkkkkkkkkkkkkkkKKKkkkkkquqqqquqqqquqKKKqkkKKK
KKKKKKKKkkkkkKKKuqqqquqqqKKKkkkkkkkkkkkkkkkkkkkkkKKKKKkkkkqquqqqquqqqquKKKqkkKKK
KKKKKKKKKKkkKKKKquqqqquqqqqkkkkkkkkkkkkkkkkkkkkkkKKKKKkkkkqqquqqqquqqqqKKKqKKKKK
KKKkkkKKKKKKKKKKqquqqqquqqqkkkkkkkkkkkkkkkkkkkkkkkKKKkkkkkqqqquqqqquqqKKKKqKKKKK
KKKkkkkkKKKKKKKqqqquqqqquqqkkKKKkkkkkkkkkkkkkkkkkkkkkkkkkkuqqqqqqqqqKKKKKKqkKKKK
KKKkkkkkkKKkkkquqqqquqqqquqkkKKKkkkkkkkkkkkkkkkkkkkkkkkkkkkkkkkqqqkKKKKKkkqkkKKK
KKkkkkkkkkkkkkqquqqqqqqqqqukkKKKkkkkkkkkkKkkkkkkkkkkkkkkkkkkkkkqqqkkKKKkkkqkkKKK
KKkkkkkkkkkkkkkkkkkqqqkkkkkkkKKKkkkkkkkkkKkkkkkkkkkkkkkkkkkkkkkkkkkkkkkkkkqkKKKK
KKkkkkkkkkkkkkkkkkkqqqkkkkkkkkGkkkkk~~~~~~~~~~~kkkkkkkkkkkkkkkkkkkkkkkkkkkqkKKKK
KKKkkkkkkkkkkkkkkkkkkkkkkkkkkkkkkkkk~~~~~~~~~~~kkkkkkkkkkkkkkkkkkkkkkkkkkkqkKKKK
KKKKkkkkkkkkkkKKKkkkkkkkkkkkkkkkkkkk~~~~~~~~~~~kkkkkkkkkkkkkkkkkkkkkkkkkkkqkkKKK
KKKKkkkkkkkkkKKKKkkkkkkkkkkkkkkkkkkk~~~~~~~~~~~kkkkkkkkkkkkkkkkkkkkkkkkkkkqkkKKK
KKKKkkkkkkkkkKKKkkkkkkkkKKkkkkkkkkkkbbbbbbbbbbbkkkkkkkkkkkkkkkkkkkKKKKkkkkqkkKKK
KKKKkkkkkkkkkkkkkkkkkkkKKKKkkkkkkkkk~~~~~~~~~~~kkkkkkkkkkkkkkkkkkKKKKKkkkkqkkKKK
KKKkkkkkkkkkkkkkkkkkkkKKKKKkkkkkkkkk~~~~~~~~~~~kkkkkkkkkkkkkkkkkkkKKKkkkkkqkkKKK
KKKkkkkkkkkkkkkkkkkKKKKKKKKkkkkkkkkk~~~~~~~~~~~kkkkkkkkkkkkkkkkkkkkkkkkkkkqkKKKK
KKKKkkkkkkkkkkkkkkkKKKKKKkkkkkkkkkkk~~~~~~~~~~~quqqqquqqqqukkkkkkkkkkkkkkKqKKKKK
KKKKkkkkkkkkkkkkkkkKKKKKkkkkkkkkkkkkkKKKKkkkkkqqquqqqquqqqqkkkkkkkkkkkkkKKqKKKKK
KKKKkkkkkkkkkkkkkkkKKKKkkkkkkkkkkkkkkkKKkkkkkkqqqquqqqquqKKKKKKkkkkkkkkKKKqkkKKK
KKKkkkkkkkkkkkkkkkkKKKkkkkkkkkkkkkkkkkkkkkkkkkuqKKKuqqqqKKKKKKKKKkkKKKKkkkqkkkKK
KKKkkkkkqqquqqqquqqKKKKkkkkkkkkkkkkkkkkkkkkkkkquqKKquqqqKKKKKKKKKKKKKKKkkkqkkkKK
KKkkkkkkqqqquqqqquqKKKKkkkkkkkkkkkKKkkkkkkkkkkqquqqqquqqKKukkKKKKKKKKKkkkkqkkkKK
KKkkkkkkuqqqquqqqquKKKKkkkkkkkkkkkKKKkkkkkkkkkKqquqqqquKKKqkkkKKKKKKKkkkkkqkkKKK
KKkkkkkkquqqqquqqqqKKKKkkkkkkkkkkkKKkkkkkkkkkKKKqquqqqqKKKqkkkkkkKKKKkkkkkqkKKKK
KKkkkkkkqquqqqquqKqqKKkkkkkkkkkkkkkkkkkkkkkkkkuqqqqqqqqqKKKkkkkkkkKKkkkkkkqkKKKK
KKkkkkkkqqquqqqqKKqqqkkkkkkkkkkkkkkkkkkkkkkkkkkkkkkqqqkkkKkkkkkkkkkkkkkkkkqkKKKK
KKkkkkkkqqqquqqqquqqqkkKkkkkkkkkkkkkkkkkkkkkkkkkkkkqqqkkkkkkkkkkkkkkkkkkkkqkkKKK
KKkkkkkKKqqqquqqqquqqkKKKkkkkKKKKkkkkkkkkkkkkkkkkkkkkkkkkkkkkkkkkkkkkkkkkkqkkGKK
KKKkkkKKKKqqqquqqqquqkkKkkkKKKKKKkkkkkkkkkkkkkkkkkkkkkkkkkkkkkkkkkkkkkkkkkqkkGGK
KKKKKKKKKKkkkkkkkkkkkkkkkkKKKKKKKkkkkkkkkkkkkkkkkkkkkkkkkkkkkkkkkkkkkKKKkkqkkKKK
KKKKKKKKKKKkkkkkkkkkkkkkkkKKKKKkkkkkkkkkkkkkkkkkkkkkkKKKkkkkkkkkkkkkkKKKKkqkKKKK
KKKKKkkkkkKkkkkkkkkkKkkkkkKKKKkkkkkkkkkkkkkkkkkkkkkkKKKKKkkkkkkkkkkkkkKKKKqKKKKK
KKKKkkkkkkkkkkkkkkkKKKkkkkkkkkkkkkkkkkkkkkkkkkkKKkkkKKKKKKkkkkkkkkkkkkkKKKqKKKKK
KKKKKkkkkkkkkkkkkkKKKKkkkkkkkkkkkkkkkkkkkkkkkkkKKKkkKKKKKKkkkkkkkkkkkkkkkKqKKKKK
KKKKKKKKKKKkkkkkkKKKKKKkkkkkkkkkkkkKKkkkkkkkkkKKKKKKKKKKKKKkkkkkKKkkkkkkkKK>KKKK
KKKKKKKKKKKKkkKKKKKKKKKKkkkKKKkkkKKKKKkkKKkkKKKKKKKKKKKKKKKKKKKKKKKkkKKKKKKKKKKK
KKKKKKKKKKKKKKKKKKKKKKKKKKKKKKKKKKKKKKKKKKKKKKKKKKKKKKKKKKKKKKKKKKKKKKKKKKKKKKKK
KKKKKKKKKKKKKKKKKKKKKKKKKKKKKKKKKKKKKKKKKKKKKKKKKKKKKKKKKKKKKKKKKKKKKKKKKKKKKKKK
