TTTTTTTTTTTTTTTTTTT::TTTTTTTTTTTTTTTTTTT
Ttttttttttttttttttt::ttttttttttttttttttT
Tt.............,.."::....,,...........tT
Tt."..,......."....::.RRRRR.,.RRRRR..,tT
Tt........"."....."::RRRRRRR.RRRRRRR..tT
Tt..,.......RRRRR..::RRRRRRR,RRRRRRR..tT
Tt.........RRRRRRR.::RRRRRRR.RRRRRRR."tT
Tt....",...RRRRRRRR::RRRRRR...RRRRR.,.tT
Tt....,....RRRRRRRR::RRRRR..,.........tT
Tt.,....RRRRRRRRRRR::RRRR,....".....".tT
Tt...."RRRRRRRRRRRR::RRR..,.........,.tT
Tt....RRRRRRRRRRRRR::RR.".............tT
Tt...RRRRRRRRRRR.".::......,......"...tT
Tt.".RRRRRRRRRRR...::"..RRRRR.........tT
Tt...RRRRRRRRRRR...::::::::::::"."....tT
Tt,",.RRRRRRRRR....::::::::::::....,,.tT
Tt..,..................RRRRRRR:.......tT
Tt..RRRRR.......RRRRR...RRRRRR:RR,....tT
Tt.RRRRRRR,....RRRRRRR"....RRR:RRR....tT
Tt.RRRRRRR,....RRRRRRR....RRRR:RRR..."tT
Tt.RRRRRRR,....RRRRRRR...RRRRR:RRR....tT
Tt..RRRRR.".....RRRRR"...RRRRk:kRR,...tT
Tt..",",......,..........RRRRk:kRR....tT
Tt..........,...,.........RRRRR...,"..tT
Tt.....,....,................,.......,tT
Tt......".......,........."...,.....,.tT
TttttttttttttttttttttttttttttttttttttttT
TTTTTTTTTTTTTTTTTTTTTTTTTTTTTTTTTTTTTTTT
