################################################################
#mmmmmmmmm####mmmmmmmmmmmmmmmmmmmmm#############################
#mmmmmmmmm####mmmmmmmmmmmmmmmmmmmmm#############################
#mm<mmmmmm####mmccmmccmmccmmccmmccm#############################
#mmmmmmmmmmmmmmmccmmccmmccmmccmmccm#############################
#mmmmmmmmmmmmmmmccmmccmmccmmccmmccm#############################
#mmmmmmmmm####mmccmmccmmccmmccmmccm#########mmmmmmmmmmmmmmmmmmm#
#mmmmmmmmm####mmccmmccmmccmmccmmccm#########mmmmmmmmmmmmmmmmmmm#
#mmmmmmmmm####mmccmmccmmccmmccmmccm#########mmmmmmmmmmmmmmmmmmm#
##############mmccmmccmmccmmccmmccm#########mmmmmmmmmmmmmmmmmmm#
##############mmccmmccmmccmmccmmccm#########mmmmrrrrrrrrrrrmmmm#
##############mmmmmmmmmmmmmmmmmmmmm#########mmmmrrrrrrrrrrrmmmm#
##############mmmmmmmmmmmmmmmmmmmmm#########mmmmrrrrrrrrrrrmmmm#
########################mm##################mmmmrrrrrrrrrrrmmmm#
########################mm##################mmmmrrrrrrrrrrrmmmm#
########################mm##################mmmmrrrrrrrrrrrmmmm#
########################mm##################mmmmrrrrrrrrrrrmmmm#
########################mm##################mmmmrrrrrrrrrrrmmmm#
######xxxxxxxxxxxxxxxxxxxxxxxxxxxxxxxxxxx###mmmmrrrrrrrrrrrmmmm#
######xxxxxxxxxxxxxxxxxxxxxxxxxxxxxxxxxxx###mmmmrrcccccccrrmmmm#
######xxxxxxxxxxxxxxxxxxxxxxxxxxxxxxxxxxx###mmmmrrcccccccrrmmmm#
######xxxPPPxxxPPPxxxPPPxxxPPPxxxPPPxxxxx###mmmmrrcccccccrrmmmm#
######xxxPPPxxxPPPxxxPPPxxxPPPxxxPPPxxxxx###mmmmrrcccccccrrmmmm#
######xxxxxxxxxxxxxxxxxxxxxxxxxxxxxxxxxxx###mmmmrrcccccccrrmmmm#
######xxxxxxxxxxxxxxxxxxxxxxxxxxxxxxxxxxmmmmmmmmrrcccccccrrmmmm#
######xxxxxxxxxxxxxxxxxxxxxxxxxxxxxxxxxxmmmmmmmmrrrrrrrrrrrmmmm#
######xxxPPPxxxPPPxxxxxxxxxPPPxxxPPPxxxxx###mmmmrrrrrrrrrrrmmmm#
######xxxPPPxxxPPPxxxxxxxxxPPPxxxPPPxxxxx###mmmmrrrrrrrrrrrmmmm#
######xxxxxxxxxxxxxxxxxxxxxxxxxxxxxxxxxxx###mmmmrrrrrrrrrrrmmmm#
######xxxxxxxxxxxxxxxxxxxxxxxxxxxxxxxxxxx###mmmmrrrrrrrrrrrmmmm#
######xxxxxxxxxxxxxxxxxxxxxxxxxxxxxxxxxxx###mmmmrrrrrrrrrrrmmmm#
############################################mmmmrrrrrrrrrrrmmmm#
############################################mmmmrrrrrrrrrrrmmmm#
############################################mmmmmmmmmmmmmmmmmmm#
############################################mmmmmmmmmmmmmmmmmmm#
############################################mmmmmmmmmmmmmmmmmmm#
############################################mmmmmmmmmmmmmmmmmmm#
################################################################
################################################################
################################################################
