KKKKKKKKKKKKKKKKKKKKKKKKKKKKKKKKKKKKKKKKKKKKKKKK
KKKKKKKKKKKKKKKKKKKKKKKKKKKKKKKKKKKKKKKKKKKKKKKK
KKxxxxxKxxxxxxxxxxxxxxxxxxxxxxxKxxxxxKxxxxxxxxKK
KKxexxxKxxxxxxxxxxxxxxxxxxxxxxxKxxxxxKxxxxxxxxKK
KKxxxxxKxxKKKKKKKxxKKKKxxKKKKxxKxxKxxKKKKxxKKKKK
KKxxxxxKxxKxxxxxKxxxxxKxxKxxKxxxxxKxxxxxKxxxxxKK
KKxxxxxKxxKxxxxxKxxxxxKxxKxxKxxxxxKxxxxxKxxxxxKK
KKxxKKKKKKKxxKxxKKKKKKKxxKxxKKKKKKKKKKxxKKKKxxKK
KKxxxxxKxxxxxKxxxxxxxxxxxKxxxxxxxxKxxxxxKxxxxxKK
KKxxxxxKxxxxxKxxxxxxxxxxxKxxxxxxxxKxxxxxKxxxxxKK
KKKKKxxKxxKKKKKKKKKKKKKKKKxxKKKKxxKxxKKKKxxKKKKK
KKxxKxxxxxKxxxxxKxxxxxKxxxxxxxxKxxKxxxxxKxxxxxKK
KKxxKxxxxxKxxxxxKxxxxxxxxxxxxxxKxxKxxxxxKxxxxxKK
KKxxKKKKKKKxxKxxKxxxxxxxxxxxxxxKKKKKKKxxKKKKxxKK
KKxxxxxKxxxxxKxxxxxxxxxxxxxxxxxKxxxxxKxxKxxxxxKK
KKxxxxxKxxxxxKxxxxxxxxxxxxxxxxxKxxxxxKxxKxxxxxKK
KKxxKKKKxxKxxKKKKKxxxxxxxxxxxxxxxxxxxxxxxxxxKKKK
KKxxKxxxxxKxxKxxxxxxxxxxxxxxxxxKxxKxxxxxKxxxxxKK
KKxxKxxxxxKxxKxxxxxxxxxxxxxxxxxKxxKxxxxxKxxxxxKK
KKxxKxxKKKKxxKKKKxxxxxxxxxxxxxKKxxKKKKKKKKKxxxKK
KKxxKxxKxxKxxxxxKxxxxxxxxxxxxxxxxxKxxKxxxxxxxxKK
KKxxKxxKxxKxxxxxKxxKxxxxxKxxxxxxxxKxxKxxxxxxxxKK
KKxxKxxKxxKKKKxxKxxKxxKKKKxxKKKKKKKxxKxxKxxxKKKK
KKxxKxxxxxKxxxxxKxxxxxKxxxxxKxxxxxxxxxxxKxxxxxKK
KKxxKxxxxxKxxxxxKxxxxxKxxxxxKxxxxxxxxxxxKxxxxxKK
KKxxKxxKKKKxxKKKKKKKKKKxxKKKKKKKKKKKKKKKKKKxxxKK
KKxxxxxKxxxxxKxxxxxxxxKxxxxxxxxxxxKxxxxxxxxxxxKK
KKxxxxxKxxxxxKxxxxxxxxKxxxxxxxxxxxKxxxxxxxxxxxKK
KKxxKKKKxxKKKKxxKKKKxxKKKKKKKKKKxxKxxKxxxxxxxxKK
KKxxxxxKxxxxxxxxxxxKxxxxxxxxxxxxxxxxxKxxxxxxxxKK
KKxxxxxKxxxxxxxxxxxKxxxxxxxxxxxxxxxxxKxxxxxKxxKK
KKKKKKKKKKKKKKKKKKKKKKKKKKKKKKKKKKKKKKKKKKKKKKKK
