KKKKKKKKKKKKKKKKKKKKKKKKKKKKKKKKKKKKKKKKKKKKKKKKKKKKKKKKKKKK
KmmmmmmmmmKKKKKKKKKKKKKKKKKKKKKKKKKKKKKKKKKKKKKKKKKKKKKKKKKK
KmmmmmmmmmKKKKKKKKmmmmmmmmmmmmmmmKxxxxxxKxxKxxxxxxxxxxxKKKKK
Kmm<mmmmmmKKKKKKKKmmmmmmmmmmmmmmmKxxxxxxKxxKxxxxxxxxxxxKKKKK
KmmmmmmmxxxxxxxxxxmmppmppmppmppmmKKxxKxxKxxKxxKKKKKKKxxKKKKK
KmmmmmmmxxxxxxxxxxmmmmmmmmmmmmmmmKKxxxxxKxxKxxxxxKxxxxxKKKKK
KmmmmmmmmmKKKKKKKKmmmmmmmmmmmmmxxxxxxxxxKxxKxxxxxKxxxxxKKKKK
KmmmmmmmmmKKKKKKKKmmmmmmmmmmmmmxxxxxxKKKKxxKKKKxxKxxKKKKKKKK
KmmmmxxmmmKKKKKKKKmmppmppmppmppmmKKxxxxxKxxxxxxxxKxxxxxKKKKK
KKKKKxxKKKKKKKKKKKmmmmmmmmmmmmmmmKKxxxxxKxxxxxxxxKxxxxxKKKKK
KKKKKxxKKKKKKKKKKKmmmmmmmxxmmmmmmKKKKKxxKKKKxxKKKKKKKxxKKKKK
KKKKKxxKKKKKKKKKKKKKKKKKKxxKKKKKKKKxxKxxxxxKxxKxxxxxKxxKKKKK
KKKKKxxKKKKKKKKKKKKKKKKKKxxKKKKKKKKxxKxxxxxKxxKxxxxxKxxKKKKK
KKKKKxxKKKKKKKKKKKKKKKKKKxxKKKKKKKKxxKKKKxxKxxKxxKxxKxxKKKKK
KKKKKxxKKKKKKKKKKKKKKKKKKxxKKKKKKKKxxKxxxxxKxxKxxKxxKxxKKKKK
KKKKKxxKKKKKKKKKKKKKKKKKKxxKKKKKKKKxxKxxxxxKxxKxxKxxKxxKKKKK
KKKKKxxKKKKKKKKKKKKKKKKKKxxKKKKKKKKxxKxxKKKKKKKxxKxxKxxKKKKK
KKKKKxxKKKKKKKKKKKKKKKKKKxxKKKKKKKKxxxxxxxxxxxxxxKxxxxxKKKKK
KKKKKxxKKKKKKKKKKKKKKKKKKxxKKKKKKKKxxxxxxxxxxxxxxKxxxxxKKKKK
KKKKKxxKKKKKKKKKKKKKKKKKKxxKKKKKKKKKKKKKKKKKKKKKKKKKKKKKKKKK
KKKKKxxKKKKKKKmmmmmmmmmmmmmmmmmmmmmmmKKKKKKKKKKKKKKKKKxxKKKK
KKKKKxxKKKKKKKmmmmmmmmrrrrrrrmmmmmmmmKKKKKKKKKKKKKKKKKxxKKKK
KKKKKxxKKKKKKKmmmmmmmmrrrrrrrmmmmmmmmKKKKKKKKKKKKKKKKKxxKKKK
KKKKKxxKKKKKKKmmmmmmmmmmrrrmmmmmmmmmmKKKKKKKKKKKKKKKKKxxKKKK
KKKKKxxKKKKKKKmmmmmmmmmmrrrmmmmmmmmmmKKKKKKKKKKKKKKKKKxxKKKK
KKKKKxxKKKKKKKmmmmmmmmmmrrrmmmmmmmmmmKKKKKKKKKKKKKKKKKxxKKKK
KKKKKxxKKKKKKKmmmmmmmmmmrrrmmmmmmmmmxxxxxxxxxxxxxxxxxxxxxKKK
KKKKKxxKKKKKKKmmmmmmmmmmrrrmmmmmmmmmxxxxxxxxxxxxxxxxxxxxKKKK
KKKKKxxKKKKKKKxxmmmmmmmmrrrmmmmmmmmmmKKKKKKKKKKKKKKKKKxxKKKK
KKKKKxxKKKKKKKxxmmmmmmmmrrrmmmmmmmmmmKKKKKKKKKKKKKKKKKxxKKKK
KKkkkkkkkkkkkKxxmmmmmmmmmmmmmmmmmmmmmKKKKKKKKKKKKKKKKKxxKKKK
KKkkkkkkkkkkkKxxKKKKKKKKKKKKKKKKKKKKKKKKKKKKKKKKKKKKKKxxKKKK
KKkkkkkkkkkkkKxxKKKKKKKKKKKKKKKKKKKKKKKKKKKKKKKKKKxxxxxxxxxK
KKkk~~~~~~kkkKxxKKKKKKKKKKKKKKKKKKKKKKKKKKKKKKKKKKxxxxxxxxxK
KKkk~~~~~~kkxxxxKKKKKKKKKKKKKKKKKKKKKKKKKKKKKKKKKKxxxxxxxxxK
KKkk~~~~~~kkxxxKKKKKKKKKKKKKKKKKKKKKKKKKKKKKKKKKKKxxxxx<xxxK
KKkk~~~~~~kkkKKKKKKKKKKKKKKKKKKKKKKKKKKKKKKKKKKKKKxxxxxxxxxK
KKkkkkkkkkkkkKKKKKKKKKKKKKKKKKKKKKKKKKKKKKKKKKKKKKxxxxxxxxxK
KKkkkkkkkkkkkKKKKKKKKKKKKKKKKKKKKKKKKKKKKKKKKKKKKKxxxxxxxxxK
KKKKKKKKKKKKKKKKKKKKKKKKKKKKKKKKKKKKKKKKKKKKKKKKKKKKKKKKKKKK
