KKKKKKKKKKKKKKKKKKKKKKKKKKKKKKKKKKKKKKKKKKKKKKKKKKKKKKKKKKKK
KKKKKKKKKKKKKKKKKKKKKKKKKKKKKKKKKKKKKKKKKKKKKKKKKKKKKKKKKKKK
KKnnnnnnMMMMMMMMMMMMMMMMMMMMMMMMMMMMMMMMMMMMMMMMMMMMMMMMMMKK
KKn<nnnnMMMMMMMMMMMMMMMMMMMMMMMMMMMMMMMMMMMMMMMMMMMMMMMMMMKK
KKnnnnnnMMMMMMMMMMMMMMMMMMMMMMMMMMMMMMMMMMMMMMMMMMMMMMMMMMKK
KKnnnnnnnnnnnnnnnnnnnnnnnnnnnnnMMMMMMMMMMMMMMMMMMMMMMMMMMMKK
KKnnnnnnMMMMMMMMMMMMMMMnnnMMMMnMMMMMMMMMMMMMMMMMMMMMMMMMMMKK
KKnnnnnnnMMMMMMMMMMMMMMnnnMMMMnMMMMMMMMMMMMMMMMMMMMMMMMMMMKK
KKMMMMMnnnMMMMMMMMMMMMMnnnMMMMnMMMMMMMMMnnnMMMMMMMMMMMMMMMKK
KKMMMMMnnnnMMMMMMMMMMMMMnnMMMMnMMMMMMMMnnnnMMMMMMMMMMMMMMMKK
KKMMMMMnnnnMMMMMMMMMMMMMMMMMMMnMMMMMMMMMnnMMMMMMMMMMMMMMMMKK
KKMMMMMMnnMMMnnMMMMMMMMMMMMMMMnMMMMMMMMMMMMMMMMMMMMMMMnnMMKK
KKMMMMMMMMMMMnnMMMMMMMMMMMnnMMnMMMMMMMMMMMMMMMMMMMMMMnnnnMKK
KKMMMMMMMMMMMnnMMMMMMMMMMnnnnMnMMMMMMMMMMMMMMMMMMMMMnnnnnMKK
KKMMMMMMMMMMnnnMMMMMMMMMMnnnnMnMMMMMMMMMMMMMMMMMMMMMnnnnnMKK
KKMMMMMMMMMMnnnMMMMMMMMMMnnnnnnMMMMMMMMMMMMMMMMMMMMMnnnnnMKK
KKMMMMMMMMMMnnnMMMMMMMMMMMnnnnnMMMMMMMMMMMMMMMMMMMMMnnnnnMKK
KKMMMMMMMMMMMnMMMMMMMMMMMMMnnnnnnnMMMMMMMMMMMMMMMMMMMnnnnMKK
KKMMMMMMMMMMMMMMMMMMMMMMMMMnnnnnnnMMMMMMMMMMMMMMMMMMMMnnMMKK
KKMMMMMMMMMMMMMMMMMMMMMMMMMnnnnnnnMMMMMMMMMMMMMMMMMMMMMMMMKK
KKMMMMMMMMMMMMMMMMMMMMMMMMMnnnnnnnMMMMMMMMMMMMMMMMMMMMMMMMKK
KKMMMMMMMMMMMMMMMMMMMMMMMMMnnnnnnnMMMMnnnMMMMMMMMMMMMMMMMMKK
KKMMMMMMMMMMMMMMMMMMMMMMMMMnnnnnnnMMMMnnnMMMMMMMMMMMMMMMMMKK
KKMMMMMMMMMMMMMMMMMMMMMMMMMnnnnnnnMMMMMnMMMMMMMMMMMMMMMMMMKK
KKMMMMMMMMMMMMMMMMMMMMMMMMMMMMMMMMMMMMMMMMMnnnMMMMMMMMMMMMKK
KKMMMMMMMMMMMMMMMMMMMMMMMMMMMMMMMMMMMMMMMMnnnnnMMMMMMMMMMMKK
KKMMMMMMMMMMMMMMMMMMMMMMMMMMMMMMMMMMMMMMMMnnnnnMMMMMMMMMMMKK
KKMMMMMMMMMMMMMMMMMMMMMMMMMMMMMMMMMMMMMMMMMMMnnMMMMMMMMMMMKK
KKMMMMMMMMMMMMMMMMMMMMMMMMMMMMMMMMMMMMMMMMMMMMMMMMMMMMMMMMKK
KKMMMMMMMMMMMMMMMMMMMMMMMMMMMMMMMMMMMMMMMMMMMMMMMMMMMMMMMMKK
KKMMMMMMMMMMMMMMMMMMMMMMMMMMMMMMMMMMMMMMMMMMMMMMMMMMMMMMMMKK
KKMMMMMMMMMMMMMMMMMMMMMMMMMMMMMMMMMMMMMMMMMMMMMMMMMMMMMMMMKK
KKMMMMMMMMMMMMMMMMMMMMMMMMMMMMMMMMMMMMMMMMMMMMMMMMMMMMMMMMKK
KKMMMMMMMMMMMMMMMMMMMMMMMMMMMMnnMMMMMMMMMMMMMMMMMMMMMMMMMMKK
KKMMMMMMMMMMMMMMMMMMMMMMMMMMMnnnnMMMMMMMMMMMMMMMMMMMMMMMMMKK
KKMMMMMMMMMMMMMMMMMMMMMMMMMMMnnnnMMMMMMMMMMMMMMMMMMMMMMMMMKK
KKMMMMMMMMMMMMMMMMMMMMMMMMMMMMnnMMMMMMMMMMMMMMMMMMMMMMMMMMKK
KKMMMMMMMMMMMMMMMMMMMMMMMMMMMMMMMMMMMMMMMMMMMMMMMMMMMMMMMMKK
KKKKKKKKKKKKKKKKKKKKKKKKKKKKKKKKKKKKKKKKKKKKKKKKKKKKKKKKKKKK
KKKKKKKKKKKKKKKKKKKKKKKKKKKKKKKKKKKKKKKKKKKKKKKKKKKKKKKKKKKK
