TTTTTTTTTTTTTTTTTTTTTTTTTTTTTTTTTTTTTTTTTTTTTTTTTTTTTTTTTTT::TTTTTTTTTTTTTTTTTTTTTTTTTTTTTTTTTTTTTT::TTTTTTTTTTTTTTTTTTTTTTTTTTTTTTTTTTTTTTTTTTTTTTTTTTTTTTTTTTTTTTTTTTTTTTTTTTTTTT::TTTTTTTTTTTTTTTTTTTTTTTTTTTTTTTTTTTTTTTTTTTTTTTTTTTTTTTTTTT
Tttttttttttttttttt.::.ttttttt~ttttttttt..................._::_..................T......t..t..t..t..::t...........t.....T.................._gg_...................................._::_..................."""""""""~""""""".::.tttttttttttttttttT
T,,,,,,,,,,,,,,,,,.::.ooooooo~ooooooooo...........t......._gg_.............t.............""........==.........,..,.,...T.................._gg_.............t......................_gg_.......t..........."""""""""~""""""".::.oooooooooooooooooT
T,,,,,,,,,,,,,,,,,.::."""""""~"""""""""..................._gg_........................,..,."..,....==.,......,............................_gg_...................................._gg_..................."""""""""~""""""".::."""""""""""""""""T
T,,,,,,,,,,,,,,,,,.::.ooooooo~ooooooooo...WWWWWWW.WWWWWWW._gg_.WWWWWWWWWWWWWWWW.fffffffffffffffffff==fffffffffffffffffff..WWWWWWW.WWWWWWW._gg_.WWWWWWW............WWWWWWWWWWWWWWWW_gg_.........WWWWWWW..."""""""""~""""""".::.oooooooooooooooooT
Txxxxxxxxxxxxxxxxxxggxxxxxxxxxxxxxxxxxxxxxxxxxxxxxxxxxxxxxxggxxxxxxxxxxxxxxxxxxxxxxxxxxxxxxxxxxxxxx==xxxxxxxxxxxxxxxxxxxxxxxxxxxxxxxxxxxxxxggxxxxxxxxxxxxxxxxxxxxxxxxxxxxxxxxxxxxxxggxxxxxxxxxxxxxxxxxxxxxxxxxxxxxxxxxxxxxxggxxxxxxxxxxxxxxxxxxT
Txxxxxxxxxxxxxxxxxxggxxxxxxxxxxxxxxxxxxxxxxxxxxxxxxxxxxxxxxggxxxxxxxxxxxxxxxxxxxxxxxxxxxxxxxxxxxxxx==xxxxxxxxxxxxxxxxxxxxxxxxxxxxxxxxxxxxxxggxxxxxxxxxxxxxxxxxxxxxxxxxxxxxxxxxxxxxxggxxxxxxxxxxxxxxxxxxxxxxxxxxxxxxxxxxxxxxggxxxxxxxxxxxxxxxxxxT
T,,,,,,,,,,,,,,,,,.::.ooooooo~ooooooooo...WwwwwwW.WwwwwwW._gg_.WwwwwwwWWwwwwwwW.fffffffffffffffffff==fffffffffffffffffff..WxxxxxW.WxxxxxW._gg_.WwwwwwW............WwwwwwwWWwwwwwwW_gg_.........WxxxxxW..."""""""""~""""""".::.oooooooooooooooooT
T,,,,,,,,,,,,,,,,,.::.ooooooo~ooooooooo...WwwwwwW.WwwwwwW._gg_.WwwwwwwWWwwwwwwW...,..______________________________,......WxxxxxW.WxxxxxW._gg_.WwwwwwW............WwwwwwwWWwwwwwwW_gg_.........WxxxxxW..."""""""""~""""""".::.oooooooooooooooooT
T,,,,,,,,,,,,,,,,,.::."""""""~"""""""""...WwwwwwW.WwwwwwW._gg_.WwwwwwwWWwwwwwwW.t....______________________________.......WxxxxxW.WxxxxxW._gg_.WwwwwwW............WwwwwwwWWwwwwwwW_gg_.........WxxxxxW..."""""""""~""""""".::."""""""""""""""""T
T,,,,,,,,,,,,,,,,,.::.ooooooo~ooooooooo...WWWdWWW.WWWdWWW._gg_.WWWdWWWWWWWdWWWW.t.......".,.WWWWWWWdWWWWWWWW..."..........WWWdWWW.WWWdWWW._gg_.WWWdWWW............WWWdWWWWWWWdWWWW_gg_.........WWWdWWW..."""""""""~""""""".::.oooooooooooooooooT
T,,,,,,,,,,,,,,,,,.::.ooooooo~ooooooooo......_......._...._gg_...._......._.................WmmmmmmmmmmmmmmW..........t......_......._...._gg_...._.................._......._...._gg_............_......"""""""""~""""""".::.oooooooooooooooooT
T...T...T...T...T..::...T...T~..T...T...___________________gg___________________............WccccmmmmmmmmmmW............___________________gg______________________________________gg___________________T...T...T.~.T...T..::...T...T...T...T..T
T:::::::::::::::::::::::::::::::::::::::gggggggggggggggggggggggggggggggggggggggg.........,..WmmmmmmmmmmmmmmW............gggggggggggggggggggggggggggggggggggggggggggggggggggggggggggggggggggggggggggggggg:::::::::::::::::::::::::::::::::::::::T
T:::::::::::::::::::::::::::::::::::::::ggggggggggggggggggggggggggggggggggggggggT.."..,.....WmmmmmmmmmmmmmmW............gggggggggggggggggggggggggggggggggggggggggggggggggggggggggggggggggggggggggggggggg:::::::::::::::::::::::::::::::::::::::T
T...T...T...T...T..::...T...T~..T...T...___________________gg___________________t.......,...WmmmmmmmmmmmmmmW............___________________gg______________________________________gg___________________T...T...T.~.T...T..::...T...T...T...T..T
Tttttttttttttttttt.::."""""""~"""""""""......_......._...._gg_...._......._......t.,..."....WWWWWWWdWWWWWWWW.,".......t......_......._...._gg_......................._......._...._gg_...................ooooooooo~ooooooo.::."""""""""""""""""T
T""""""""""""""""".::."""""""~"""""""""...WWWdWWW.WWWdWWW._gg_.WWWdWWWWWWWdWWWW...,,....."...".,...==...."...,....."......WWWdWWW.WWWdWWW._gg_.,,,,,,,,,,,,,,,....WWWdWWWWWWWdWWWW_gg_.,,,,,,,,,,,,,,,...ooooooooo~ooooooo.::."""""""""""""""""T
T""""""""""""""""".::."""""""~"""""""""...WwwwwwW.WwwwwwW._gg_.WwwwwwwWWwwwwwwW....................==....,....."..........WxxxxxW.WwwwwwW._gg_.,T,,,,,,,,,,,T,....WxxxxxxWWwwwwwwW_gg_.,T,,,,,,,,,,,T,..."""""""""~""""""".::."""""""""""""""""T
T""""""""""""""""".::."""""""~"""""""""...WwwwwwW.WwwwwwW._gg_.WwwwwwwWWwwwwwwW.t..gggggggggg......==.........."....."....WxxxxxW.WwwwwwW._gg_.,,,,,,,,,,,,,,,....WxxxxxxWWwwwwwwW_gg_.,,,,,,,,,,,,,,,...ooooooooo~ooooooo.::."""""""""""""""""T
T""""""""""""""""".::."""""""~"""""""""...WwwwwwW.WwwwwwW._gg_.WwwwwwwWWwwwwwwW.t..gggggggggg..,...==...,.............tT..WxxxxxW.WwwwwwW._gg_.,,,,,,,F,,,,,,,....WxxxxxxWWwwwwwwW_gg_.,,,,,,,F,,,,,,,...ooooooooo~ooooooo.::."""""""""""""""""T
T""""""""""""""""".::."""""""~"""""""""...WwcwwwW.WwcwpwW._gg_.WwcwwpwWWwcwwpwW.T."gggggggggg..,...==.......,,........t...WxcxxxW.WwcwwwW._gg_.,,,,,,,,,,,,,,,....WxcxxpxWWwcwwwwW_gg_.,,,,,,,,,,,,,,,..."""""""""~""""""".::."""""""""""""""""T
T""""""""""""""""".::."""""""~"""""""""...WwwwwwW.WwwwwwW._gg_.WwwwwwwWWwwwwwwW...,gggggggggg......==....".....",,.....T..WxxxxxW.WwwwwwW._gg_.,,,,,,,,,,,,,,,....WxxxxxxWWwwwwwwW_gg_.,,,,,,,,,,,,,,,...ooooooooo~ooooooo.::."""""""""""""""""T
T""""""""""""""""".::."""""""~"""""""""...WWWWWWW.WWWWWWW._gg_.WWWWWWWWWWWWWWWW....gggggggggg......==.,".........,...,.t..WWWWWWW.WWWWWWW._gg_.,T,,,,,,,,,,,T,....WWWWWWWWWWWWWWWW_gg_.,T,,,,,,,,,,,T,...ooooooooo~ooooooo.::."""""""""""""""""T
T""""""""""""""""".::."""""""~"""""""""..................._gg_.....................gggggggggg"..,,.==...,.,..............................._gg_.,,,,,,,,,,,,,,,...................._gg_.,,,,,,,,,,,,,,,..."""""""""~""""""".::."""""""""""""""""T
T""""""""""""""""".::."""""""~"""""""""....t.............._gg_..........t............"."...........==.............,......................._gg_.........................t.........._gg_...................ooooooooo~ooooooo.::."""""""""""""""""T
T""""""""""""""""".::."""""""~"""""""""..................._gg_..................t..........t..t....==..............t...T.................._gg_...................................._gg_...................ooooooooo~ooooooo.::."""""""""""""""""T
T..................::........~............................_gg_...................T...T.Tt.....t....==.......T.T.TT........................_gg_...................................._gg_............................~........::..................T
T..................::........~..........TT.T.....T.t.t.T...TTt.T..t............t....t...t.........T==t.Tt.t.TT.T.....TT.................T.....t...T..T.T....Tt...................._gg_............................~........::..................T
Tooooooooooooooooo.::.ooooooo~ooooooooo...t....t........................................t..........==...............t..T......t......t.....t...t....t............................._gg_...................,,,,,,,,,~,,,,,,,.::."""""""""""""""""T
Tooooooooooooooooo.::.ooooooo~ooooooooo......."...........................,,...............".......==......"......,.."..T.,..,.,................",.........,......................_gg_...................,,,,,,,,,~,,,,,,,.::."""""""""""""""""T
T""""""""""""""""".::."""""""~"""""""""............,..."..:::::.....................WWWWWWWWWWWWW..==....,,....,............".,......,WWWWWWWWWWWWW............t.................._gg_...................,,,,,,,,,~,,,,,,,.::."""""""""""""""""T
Tooooooooooooooooo.::.ooooooo~ooooooooo............,,.....:::::.,..,,.,"........tt..Wmxxxxxxxxx>W",==.,".............,......,.,..."...WwwwwwwwwwwwW.."..."........WWWWWWWWWWWWWWWW_gg_.WWWWWWWWWWWWWWWW..,,,,,,,,,~,,,,,,,.::."""""""""""""""""T
Tooooooooooooooooo.::.ooooooo~ooooooooo..t................:::::"..,..."..".,.".T....WmxxxxxxxxxmW..==...,........""......t.....,......WwcccwwwcccwW,...,..........WwwwwwwWWxxxxxxW_gg_.WwwwwwwWWwwwwwwW..,,,,,,,,,~,,,,,,,.::."""""""""""""""""T
T""""""""""""""""".::."""""""~"""""""""...................:::::,....."......".......WmmmmrrrmmmmW..==....,,..,.....,.,................WwwwwwwwcccwW............t..WwcwwwwWWxcxxxxW_gg_.WwcwwpwWWwcwwwwW..,,,,,,,,,~,,,,,,,.::."""""""""""""""""T
Tooooooooooooooooo.::.ooooooo~ooooooooo.T..,.............,:::::..,.....".......t....WmmmmrrrmmmmW..==..,..."....,.."..tt........,.....WwwwwwwwwwwwW,..............WwwwwwwWWxxxxxxW_gg_.WwwwwwwWWwwwwwwW..,,,,,,,,,~,,,,,,,.::."""""""""""""""""T
Tooooooooooooooooo.::.ooooooo~ooooooooo.T....,......,...,.:::::"....................WmppprrrpppmW..==.,.....,.,.......t.T.............WwccwwwwwwwwW.....""..".....WwwwwwwWWxxxxxxW_gg_.WwwwwwwWWwwwwwwW..,,,,,,,,,~,,,,,,,.::."""""""""""""""""T
T""""""""""""""""".::."""""""~"""""""""..t..........,..,..:::::...".."..........T...WmmmmrrrmmmmW..==.."................t..,..........Ww>wwwwwwwwwW...".,..,......WwwwwwwWWxxxxxxW_gg_.WwwwwwwWWwwwwwwW..,,,,,,,,,~,,,,,,,.::."""""""""""""""""T
Tooooooooooooooooo.::.ooooooo~ooooooooo....,.."",.".......:::::.....,......"........WmppprrrpppmW..==......=.....=....t.T............,WwwwwwwwwwwwW.........."....WWWdWWWWWWWdWWWW_gg_.WWWdWWWWWWWdWWWW..,,,,,,,,,~,,,,,,,.::."""""""""""""""""T
Tooooooooooooooooo.::.ooooooo~ooooooooo..........:.....,.":::::."....":........t....WmmmmrrrmmmmW..==."...===..,===,..........."......WWWWWWdWWWWWW.......".........._......._...._gg_...._......._......,,,,,,,,,~,,,,,,,.::."""""""""""""""""T
T...T...T...T...T..::...T...T~..T...T...t.,.,.,.:::.,".,........,..,.:::.,..,,.....,Wmppprrrpppmd__==....,.=.....=..,,.............,.......,=....,..............___________________gg___________________T...T...T.~.T...T..::...T...T...T...T..T
T:::::::::::::::::::::::::::::::::::::::.........::::::::::::::::::::::,",......T...WmmmmrrrmmmmW..=============================================================gggggggggggggggggggggggggggggggggggggggg::::::::::::::::::::::::::::::::::::::::
T:::::::::::::::::::::::::::::::::::::::.t....,,.::::::::::::::::::::::.............WmppprrrpppmW..=============================================================gggggggggggggggggggggggggggggggggggggggg::::::::::::::::::::::::::::::::::::::::
T...T...T...T...T..::...T...T~..T...T..............."....".::,.......,:.......tT...,WmmmmrrrmmmmW,.==....,.........."....."."."..."...."...==.............".,..t___________________gg___________________T...T...T.~.T...T..::...T...T...T...T..T
Tttttttttttttttttt.::.,,,,,,,~,,,,,,,,,......oooooooooo.,.,::"........:..,.....tT...WmppprrrpppmW..==........,.....................,.,.....==............,..........._......._...._gg_............_......"""""""""~""""""".::.tttttttttttttttttT
T""""""""""""""""".::.,,,,,,,~,,,,,,,,,.t....oooooooooo....::.......,.:.........T..,WmmmmrrrmmmmW..==.........,,,.................,...,...,==.....,....,,.........WWWdWWWWWWWdWWWW_gg_.........WWWdWWWW.."""""""""~""""""".::.,,,,,,,,,,,,,,,,,T
T""""""""""""""""".::.,,,,,,,~,,,,,,,,,.T....oooooooooo....::..:......:.....".......WmppprrrpppmW..==.......,...."..........".........,....==...___________.,"....WwwwwwwWWwwwwwwW_gg_.........WxxxxxxW.."""""""""~""""""".::.,,,,,,,,,,,,,,,,,T
T""""""""""""""""".::.,,,,,,,~,,,,,,,,,.T....oooooooooo....::.........:......"..T...WmmmmrrrmmmmW..==,.......,...."."........,..."....,,:..==...___________.,".T..WwwwwwwWWwwwwwwW_gg_.........WxxxxxxW.."""""""""~""""""".::.,,,,,,,,,,,,,,,,,T
T""""""""""""""""".::.,,,,,,,~,,,,,,,,,....".oooooooooo....::.........:,........T...WmmmmrrrmmmmW,.==..,:"...,.................",,"......,.==.,.___________.,..T..WwwwwwwWWwwwwwwW_gg_.........WxxxxxxW.."""""""""~""""""".::.,,,,,,,,,,,,,,,,,T
T""""""""""""""""".::.,,,,,,,~,,,,,,,,,.t....oooooooooo....::.........:,...,........WWWWWWdWWWWWW..==.,..........".....t............"......=="."___________.......WwcwwpwWWwcwwwwW_gg_.........WxcxxxxW.."""""""""~""""""".::.,,,,,,,,,,,,,,,,,T
T""""""""""""""""".::.,,,,,,,~,,,,,,,,,......oooooooooo."..::.,.....,.:.,."....tt..__________________"..."...".......,...."........,.".....==...___________.,".T..WwwwwwwWWwwwwwwW_gg_.........WxxxxxxW.."""""""""~""""""".::.,,,,,,,,,,,,,,,,,T
T""""""""""""""""".::.,,,,,,,~,,,,,,,,,......oooooooooo...,::,....,,..:.....,,.t...__________________....".............T........."....."...==.....................WWWWWWWWWWWWWWWW_gg_.........WWWWWWWW.."""""""""~""""""".::.,,,,,,,,,,,,,,,,,T
T""""""""""""""""".::.,,,,,,,~,,,,,,,,,..................."::......,.:::....,"tT..,__________________..."...,.....,"...Tt....,....,."......==",.........,,,......................._gg_..................."""""""""~""""""".::.,,,,,,,,,,,,,,,,,T
T""""""""""""""""".::.,,,,,,,~,,,,,,,,,......."....,...,...::..,,.........,"..tt..........."....,..==."....",.."........T..,....,..........==.............,.............t........._gg_..t................"""""""""~""""""".::.,,,,,,,,,,,,,,,,,T
T""""""""""""""""".::.,,,,,,,~,,,,,,,,,.T.......t..........::..t.t.tt...t.t.....T.tt...............==..................T........t..........==.................t..................._gg_..................."""""""""~""""""".::.,,,,,,,,,,,,,,,,,T
T..................::........~..........tT..TT.....tt..tt.T::T..TTt.....T.Tt...Tt.....Tt..T...T...T==.TTtT.T.....TT.tt...............T.TtT.==............T.t......................_gg_............................~........::..................T
T..................::........~...............tT............ggT..t...T..T.T.t........T...TTT..tT.T.T==.TtT............t..t........t..t..TT.T==.tt.T..T.t............tt.....t.t..TTT.t....tTt...TT.t.TTT.....................::........~.........T
T,,,,,,,,,,,,,,,,,.::.ttttttt~ttttttttt.t........t.........gg..t.............t.....t........t......==.....t.......t.....T.......t...t......==t.....t.......t...T.......t................t...t..t.....t...ooooooooooooooooo.::.ttttttt~tttttttttT
T,,,,,,,,,,,,,,,,,.::."""""""~""""""""".Tt.................gg.....,................................==............"."..t.T............."....==..,.....,"......,..........""..","......,......,......,,"...ooooooooooooooooo.::."""""""~"""""""""T
T,,,,,,,,,,,,,,,,,.::."""""""~""""""""".....,..."........ggggggg........"............,.........."..==........"....,........WWWWWWWWWWWWW...==...."...,..,....,.tt.,.....WWWWWWWWWWWWWWWWWWWWWWWW...,.....""""""""""""""""".::."""""""~"""""""""T
T,,,,,,,,,,,,,,,,,.::."""""""~""""""""".....fffffffff....ggggggg,.....,.".........,................==..."...,...........t..WwwwwwwwrrrrW...==.........................,.WmmmmmmmmmmmmmmmmmmmmmmW...,.,t..ooooooooooooooooo.::."""""""~"""""""""T
T,,,,,,,,,,,,,,,,,.::."""""""~""""""""".t...f_______f....gg,,,gg.........,............,__________________________"...".....WwwwwwwwrrrrW...==..........xxxxxx.t.t.".....WmccmmccmmccmmccmmccmmmW..,......ooooooooooooooooo.::."""""""~"""""""""T
T,,,,,,,,,,,,,,,,,.::."""""""~""""""""".....f_______f...,gg,,,gg...,.,............."..,_t______________________t_.......T..WwwwwwwwrrrrW...==.,..."....xxxxxx,..t.......WmmmmmmmmmmmmmmmmmmmmmmW"..".....""""""""""""""""".::."""""""~"""""""""T
T,,,,,,,,,,,,,,,,,.::."""""""~""""""""".T...f_______f....ggggggg.".."......,,..........__________________________......tt..WwwwwwwwwwwwW.".==.....,....xxxxxx....t".....WmmmmmmmmmmmmmmmmmmmmmmW.".,...t.ooooooooooooooooo.::."""""""~"""""""""T
T,,,,,,,,,,,,,,,,,.::."""""""~""""""""".....f_______f....ggggggg.....,.........tT...,".__________________________..........WccccccwwwwwW.,.==.,.,......xxxxxx..Tt......"WmmmmmmmmmmmmmmmmmmmmmmW."..,.t..ooooooooooooooooo.::."""""""~"""""""""T
T,,,,,,,,,,,,,,,,,.::."""""""~""""""""".....f_______ggggggggg....................t.....__________________________......T...WwwwwwwwwwwwW...==..........xxxxxx".TT.......WmcccccmmmmmmmmmmmmmmmmW,".......""""""""""""""""".::."""""""~"""""""""T
T,,,,,,,,,,,,,,,,,.::."""""""~""""""""".....f_______ggggggggg,"..............,.T......,__________________________".....tT..WwwwwwwwwwwwW...==.,..."=...........TT.......WmmmmmmmmmmmmmmmmmmmmmmW,...,..T.ooooooooooooooooo.::."""""""~"""""""""T
T,,,,,,,,,,,,,,,,,.::."""""""~""""""""".........,.,....,.ggggggg............,...T......__________________________".,.,.....WWWWWWdWWWWWW.".==.....===",......,..T.......WWWWWWWWWWWWdWWWWWWWWWWW.........ooooooooooooooooo.::."""""""~"""""""""T
T...T...T...T...T..::...T...T~..T...T...T.......,......."ggggggg...:..,"............:..___________FFFF___________.............,".="........==,.....=....,...,..T...,:.......,.......g.,...............t.T...T...T...T...T..::...T...T~..T...T..T
Tgggggggggggggggggggggggggggggggggggggggggggggggggggggggggg,,,gggggggggggggggggg=======___________FFFF___________===============================================gggggggggggggggggggggggggggggggggggggggggggggggggggggggggggggggggggggggggggggg::
Tgggggggggggggggggggggggggggggggggggggggggggggggggggggggggg,,,gggggggggggggggggg=======___________FFFF___________===============================================gggggggggggggggggggggggggggggggggggggggggggggggggggggggggggggggggggggggggggggg::
T...T...T...T...T..::...T...T~..T...T.....".......,..."..ggggggg".........."........",=___________FFFF______WWWWdWWWWW............."...."..,,..,,..,...,.....,t.T.".......,.....,.........".............T...T...T...T...T..::...T...T~..T...T..T
T""""""""""""""""".::.ooooooo~ooooooooo.........,...."..,ggggggg."....".,."....T......=_____________________WxxxxxxxxW.T..,....".....,...,................,.."t.t......................".".,...,.......t.ttttttttttttttttt.::.ttttttt~tttttttttT
T""""""""""""""""".::.ooooooo~ooooooooo.........,.........,gg,"......,.......".T....,.=_____________________WxxxxxxxxW.....,================================...T.t.,..gggggggggggggggggggggggggggg,....t.ooooooooooooooooo.::."""""""~"""""""""T
T""""""""""""""""".::."""""""~"""""""""..."....,",.........gg.........,...."...t.....,=_____________________WcccxxxxxW..t.."================================.,....,...gggggggggggggggggggggggggggg.......""""""""""""""""".::."""""""~"""""""""T
T""""""""""""""""".::.ooooooo~ooooooooo......."..........".gg..........."......tTt....=...._________________Wxxx||x||W....",.........".........,......,."....,.tT.."..gggggggggggggggggggggggggggg.......ooooooooooooooooo.::."""""""~"""""""""T
T""""""""""""""""".::.ooooooo~ooooooooo........".........ggggggg............,,..T.....=....>________________Wxxx|xxxxW.T................."......"...,",,.""...........gggggggggggggggggggggggggggg.......ooooooooooooooooo.::."""""""~"""""""""T
T""""""""""""""""".::."""""""~"""""""""......"...........ggggggg........."............=.t.._________________Wxxx|xxxxW.......,...,.......,"...,.............."........gggggggggggggggggggggggggggg....t..""""""""""""""""".::."""""""~"""""""""T
T""""""""""""""""".::.ooooooo~ooooooooo.........,,.......gg,,,gg"........."....t......=...._________________Wxxx|xxxxW......"....,............"............,.....t....gggggggggggggggggggggggggggg.......ooooooooooooooooo.::."""""""~"""""""""T
T""""""""""""""""".::.ooooooo~ooooooooo.....,..,.....,...gg,,,gg...........,..........=.......,....==.....,.Wxxx|xxxxW.....""....."...,..,..:..."".."........"..t.....gggggggggggggggggggggggggggg.......ooooooooooooooooo.::."""""""~"""""""""T
T""""""""""""""""".::."""""""~"""""""""....,.........."..ggggggg.".....,.............===........,..==.......Wxxx|xxxxW.T..............,.....,..........,....,..t..,..........,........."..,..,...,.,"....""""""""""""""""".::."""""""~"""""""""T
T""""""""""""""""".::.ooooooo~ooooooooo...........,.....,ggggggg...,..,.....,.t.T................,.==....",.WWWWWWWWWW.t.................................,..,..T......".."......,.....,.......,..",..,...ooooooooooooooooo.::."""""""~"""""""""T
T""""""""""""""""".::.ooooooo~ooooooooo.t.............t..t.gg.........t......t.t...................==............t....tTtt...t........t...t.........t.....t.t..t......................t....t....t........ooooooooooooooooo.::."""""""~"""""""""T
T..................::........~............T.......T....T...ggT......tT..t...TT..T...t..t.t.T....T.T==.........tt.T..TT.T..TTTTTT.T.t....T...t....T..t.T............t.t.Tt.Tt..T.T...tt.....T.t....T........................::........~.........T
T..................::........................TTt...t...T...==t.T..t.T.Tt...T.t..t.T.t...T.....T....gg........T........t....Tt........T..T..==..T.T..t....T..tt...................._gg_.....................................::..................T
Tttttttttttttttttt.::.ooooooooooooooooo.T..tt.........t....==t...t..............T..................gg........t.............................==................t...................._gg_...................ttttttttttttttttt.::.tttttttttttttttttT
Tooooooooooooooooo.::.ooooooooooooooooo.......,...,...,....==,...,...."........tT..,.,..,..........gg.....,,.........,tTt..................==........."........T............t....._gg_...................""""""""""""""""".::."""""""""""""""""T
T""""""""""""""""".::."""""""""""""""""..t.################d#################.....,.......,........gg.................t.T..,..WWWWWWWWWWWWWdWWWWWWWWWWWWWW.....T.................._gg_.,,,,,,,,,,,,,,,...""""""""""""""""".::."""""""""""""""""T
Tooooooooooooooooo.::.ooooooooooooooooo....#...............::...............#.t..t.,.....,...,..,..gg...".....,....,..........W__________________________W"...tt..WWWWWWWWWWWWWWWW_gg_.,T,,,,,,,,,,,T,...""""""""""""""""".::."""""""""""""""""T
Tooooooooooooooooo.::.ooooooooooooooooo....#...............::...............#.tT..........,........gg..................tT.....WwwwwwwwwwwwwwwwwwwwwwwwwwwW....tT..WwwwwwwWWxxxxxxW_gg_.,,,,,,,,,,,,,,,...""""""""""""""""".::."""""""""""""""""T
T""""""""""""""""".::."""""""""""""""""....#..K..K..K..K...::...K..K..K..K..#...............,......gg.,"...,..................WwwwppppppppwwwwppppppppwwwW........WwcwwwwWWxcxxxxW_gg_.,,,,,,,F,,,,,,,...""""""""""""""""".::."""""""""""""""""T
Tooooooooooooooooo.::.ooooooooooooooooo.T.,#...............::...............#........,...,.......,,gg...,..............t...,."WwwwwwwwwwwwwwwwwwwwwwwwwwwW..,..t..WwwwwwwWWxxxxxxW_gg_.,,,,,,,,,,,,,,,...""""""""""""""""".::."""""""""""""""""T
Tooooooooooooooooo.::.ooooooooooooooooo....#...............::...............#.........",.....,.....gg..............."..t......WwwwppppppppwwwwppppppppwwwW........WwwwwwwWWxxxxxxW_gg_.,,,,,,,,,,,,,,,...""""""""""""""""".::."""""""""""""""""T
T""""""""""""""""".::."""""""""""""""""....#..K..K..K..K...::...K..K..K..K..#.....,.....,..........gg......,..."........T.....WwwwwwwwwwwwwwwwwwwwwwwwwwwW.,......WwwwwwwWWxxxxxxW_gg_.,T,,,,,,,,,,,T,...""""""""""""""""".::."""""""""""""""""T
Tooooooooooooooooo.::.ooooooooooooooooo.t..#...............::...............#...T........,.........gg.............,,...Ttt....WwwwppppppppwwwwppppppppwwwW........WWWdWWWWWWWdWWWW_gg_.,,,,,,,,,,,,,,,...""""""""""""""""".::."""""""""""""""""T
Tooooooooooooooooo.::.ooooooooooooooooo....#...............::...............#.t..t...,,,,....,..,""gg..........."..........,..WwwwwwwwwwwwwwwwwwwwwwwwwwwW..........._......._...._gg_...................""""""""""""""""".::."""""""""""""""""T
T...T...T...T...T..::...T...T...T...T......#..K..K..K..K...::...K..K..K..K..#..T.....,...,.....".."gg..":..,,,,.........t...".WwwwppppppppwwwwppppppppwwwW.....T___________________gg___________________T...T...T...T...T..::...T...T...T...T..T
T:::::::::::::::::::::::::::::::::::::::...#::::::::::::::::::::::::::::::::d===gggggggggggggggggggggggggggggggggggggggg======WwwwwwwwwwwwwwwwwwwwwwwwwwwW....t.gggggggggggggggggggggggggggggggggggggggg::::::::::::::::::::::::::::::::::::::::
T:::::::::::::::::::::::::::::::::::::::T..#::::::::::::::::::::::::::::::::#===gggggggggggggggggggggggggggggggggggggggg======WwwwppppppppwwwwppppppppwwwW......gggggggggggggggggggggggggggggggggggggggg::::::::::::::::::::::::::::::::::::::::
T...T...T...T...T..::...T...T...T...T......#..K..K..K..K...::........:......#......"....,"........"gg...."...,,...."...t....."WwwwwwwwwwwwwwwwwwwwwwwwwwwW......___________________gg___________________T...T...T...T...T..::...T...T...T...T..T
Tttttttttttttttttt.::.ttttttttttttttttt.t..#...............::.....WWWdWWWW..#..TT.,..........".....gg..,"...........,.......".WccccccccccccrrccccccccccccW..................._...._gg_............_......ttttttttttttttttt.::.,,,,,,,,,,,,,,,,,T
T""""""""""""""""".::.ooooooooooooooooo....#...............::.....WxxxxxxW..#......................gg...........,,..,.tT......WwrrrrrrrrrrrrrrrrrrrrrrrrwW................WWWdWWW._gg_.........WWWdWWW...""""""""""""""""".::.,,,,,,,,,,,,,,,,,T
T""""""""""""""""".::."""""""""""""""""....#..K..K..K..K...::.....WxxxxxxW..#......".".,,."....."..gg,..,..,..........t....,..WwrrrrrrrrrrrrrrrrrrrrrrrrwW................WwwwwwW._gg_.........WwwwwwW...""""""""""""""""".::.,,,,,,,,,,,,,,,,,T
T""""""""""""""""".::.ooooooooooooooooo....#...............::.....WxxxxxxW..#......ssssssssssssssssggssssssssssssssss"........WwrrrrrrrrrrrrrrrrrrrrrrrrwW."..............WwwwwwW._gg_.........WwwwwwW...""""""""""""""""".::.,,,,,,,,,,,,,,,,,T
T""""""""""""""""".::.ooooooooooooooooo....#...............::.....Wxxx>xxW..#..t.~~~~~~~~~~~~~~~~~~bb~~~~~~~~~~~~~~~~~~t......WwrrrrrrrrrrrrrrrrrrrrrrrrwW.,..t...........WwwwwwW._gg_.........WwwwwwW...""""""""""""""""".::.,,,,,,,,,,,,,,,,,T
T""""""""""""""""".::.""""""""""""""""".t..#..K..K..K..K...::.....WxxxxxxW..#....~~~~~~~~~~~~~~~~~~bb~~~~~~~~~~~~~~~~~~.T.....WwrrrrrrrrrrrrrrrrrrrrrrrrwW................WwcwwwW._gg_.........WwcwpwW...""""""""""""""""".::.,,,,,,,,,,,,,,,,,T
T""""""""""""""""".::.ooooooooooooooooo....#...............::.....WWWWWWWW..#.tTT..ssssssssssssssssggssssssssssssssss".t.t..."WwrrrrrrrrrrrrrrrrrrrrrrrrwW................WwwwwwW._gg_.........WwwwwwW...""""""""""""""""".::.,,,,,,,,,,,,,,,,,T
T""""""""""""""""".::.ooooooooooooooooo.tt.#...............::...............#,.TT..,..............,gg....,....,...,...t.......WWWWWWWWWWWWWWWWWWWWWWWWWWWW.,..............WWWWWWW._gg_.........WWWWWWW...""""""""""""""""".::.,,,,,,,,,,,,,,,,,T
T""""""""""""""""".::.""""""""""""""""".T..##################################..................."..gg".................T.......",.....................,..........................._gg_...................""""""""""""""""".::.,,,,,,,,,,,,,,,,,T
T""""""""""""""""".::.ooooooooooooooooo..................,"....,.....,,..."...t.tt.."..............gg...."........,."...............,....,.".........,..,...............t........._gg_........t..........""""""""""""""""".::.,,,,,,,,,,,,,,,,,T
T""""""""""""""""".::.ooooooooooooooooo.t......................................T........t..........gg............t.t......t.......t.t.......................t....................._gg_...................""""""""""""""""".::.,,,,,,,,,,,,,,,,,T
T..................::...................tTT.....T......T.....TT...T.t..T.T..TT.....TTT...t.T...T...ggT...T.....tTTtT..T..T.T.T...T..t.T..TT.t..Tt.....t.TT..tT.t.................._gg_.....................................::..................T
T..................::........~.............................::........~....................~........::......................................::......................................::......................................::........~.........T
Tooooooooooooooooo.::.,,,,,,,~,,,,,,,,,..ooooooooooooooooo.::.ttttttt~ttttttttt.."""""""""~""""""".::.ooooooooooooooooo..ttttttttttttttttt.::.ooooooooooooooooo..""""""""""""""""".::.ttttttttttttttttt..""""""""""""""""".::.ooooooo~oooooooooT
Tooooooooooooooooo.::.,,,,,,,~,,,,,,,,,..ooooooooooooooooo.::.ooooooo~ooooooooo.."""""""""~""""""".::.ooooooooooooooooo..,,,,,,,,,,,,,,,,,.::.ooooooooooooooooo..""""""""""""""""".::.ooooooooooooooooo..""""""""""""""""".::.ooooooo~oooooooooT
T""""""""""""""""".::.,,,,,,,~,,,,,,,,,..""""""""""""""""".::."""""""~""""""""".."""""""""~""""""".::."""""""""""""""""..,,,,,,,,,,,,,,,,,.::."""""""""""""""""..""""""""""""""""".::."""""""""""""""""..""""""""""""""""".::."""""""~"""""""""T
Tooooooooooooooooo.::.,,,,,,,~,,,,,,,,,..ooooooooooooooooo.::.ooooooo~ooooooooo.."""""""""~""""""".::.ooooooooooooooooo..,,,,,,,,,,,,,,,,,.::.ooooooooooooooooo..""""""""""""""""".::.ooooooooooooooooo..""""""""""""""""".::.ooooooo~oooooooooT
Tooooooooooooooooo.::.,,,,,,,~,,,,,,,,,..ooooooooooooooooo.::.ooooooo~ooooooooo.."""""""""~""""""".::.ooooooooooooooooo..,,,,,,,,,,,,,,,,,.::.ooooooooooooooooo..""""""""""""""""".::.ooooooooooooooooo..""""""""""""""""".::.ooooooo~oooooooooT
T""""""""""""""""".::.,,,,,,,~,,,,,,,,,..""""""""""""""""".::."""""""~""""""""".."""""""""~""""""".::."""""""""""""""""..,,,,,,,,,,,,,,,,,.::."""""""""""""""""..""""""""""""""""".::."""""""""""""""""..""""""""""""""""".::."""""""~"""""""""T
Tooooooooooooooooo.::.,,,,,,,~,,,,,,,,,..ooooooooooooooooo.::.ooooooo~ooooooooo.."""""""""~""""""".::.ooooooooooooooooo..,,,,,,,,,,,,,,,,,.::.ooooooooooooooooo..""""""""""""""""".::.ooooooooooooooooo..""""""""""""""""".::.ooooooo~oooooooooT
Tooooooooooooooooo.::.,,,,,,,~,,,,,,,,,..ooooooooooooooooo.::.ooooooo~ooooooooo.."""""""""~""""""".::.ooooooooooooooooo..,,,,,,,,,,,,,,,,,.::.ooooooooooooooooo..""""""""""""""""".::.ooooooooooooooooo..""""""""""""""""".::.ooooooo~oooooooooT
T""""""""""""""""".::.,,,,,,,~,,,,,,,,,..""""""""""""""""".::."""""""~""""""""".."""""""""~""""""".::."""""""""""""""""..,,,,,,,,,,,,,,,,,.::."""""""""""""""""..""""""""""""""""".::."""""""""""""""""..""""""""""""""""".::."""""""~"""""""""T
Tooooooooooooooooo.::.,,,,,,,~,,,,,,,,,..ooooooooooooooooo.::.ooooooo~ooooooooo.."""""""""~""""""".::.ooooooooooooooooo..,,,,,,,,,,,,,,,,,.::.ooooooooooooooooo..""""""""""""""""".::.ooooooooooooooooo..""""""""""""""""".::.ooooooo~oooooooooT
Tooooooooooooooooo.::.,,,,,,,~,,,,,,,,,..ooooooooooooooooo.::.ooooooo~ooooooooo.."""""""""~""""""".::.ooooooooooooooooo..,,,,,,,,,,,,,,,,,.::.ooooooooooooooooo..""""""""""""""""".::.ooooooooooooooooo..""""""""""""""""".::.ooooooo~oooooooooT
T...T...T...T...T..::...T...T~..T...T...T...T...T...T...T..::...T...T~..T...T...T...T...T.~.T...T..::...T...T...T...T...T...T...T...T...T..::...T...T...T...T...T...T...T...T...T..::...T...T...T...T...T...T...T...T...T..::...T...T~..T...T..T
T::::::::::::::::::::::::::::::::::::::::::::::::::::::::::::::::::::::::::::::::::::::::::::::::::::::::::::::::::::::::::::::::::::::::::::::::::::::::::::::::::::::::::::::::::::::::::::::::::::::::::::::::::::::::::::::::::::::::::::::T
T::::::::::::::::::::::::::::::::::::::::::::::::::::::::::::::::::::::::::::::::::::::::::::::::::::::::::::::::::::::::::::::::::::::::::::::::::::::::::::::::::::::::::::::::::::::::::::::::::::::::::::::::::::::::::::::::::::::::::::::T
T...T...T...T...T..::...T...T~..T...T...T...T...T...T...T..::...T...T~..T...T...T...T...T.~.T...T..::...T...T...T...T...T...T...T...T...T..::...T...T...T...T...T...T...T...T...T..::...T...T...T...T...T...T...T...T...T..::...T...T~..T...T..T
Tttttttttttttttttt.::.ttttttt~ttttttttt..ttttttttttttttttt.::.ttttttt~ttttttttt..ttttttttt~ttttttt.::.,,,,,,,,,,,,,,,,,..ttttttttttttttttt.::.,,,,,,,,,,,,,,,,,..,,,,,,,,,,,,,,,,,.::.ttttttttttttttttt..ttttttttttttttttt.::.ooooooo~oooooooooT
Tooooooooooooooooo.::."""""""~"""""""""..""""""""""""""""".::.,,,,,,,~,,,,,,,,,..ooooooooo~ooooooo.::.,,,,,,,,,,,,,,,,,..ooooooooooooooooo.::.,,,,,,,,,,,,,,,,,..,,,,,,,,,,,,,,,,,.::."""""""""""""""""..,,,,,,,,,,,,,,,,,.::.ooooooo~oooooooooT
T""""""""""""""""".::."""""""~"""""""""..""""""""""""""""".::.,,,,,,,~,,,,,,,,,.."""""""""~""""""".::.,,,,,,,,,,,,,,,,,..""""""""""""""""".::.,,,,,,,,,,,,,,,,,..,,,,,,,,,,,,,,,,,.::."""""""""""""""""..,,,,,,,,,,,,,,,,,.::."""""""~"""""""""T
Tooooooooooooooooo.::."""""""~"""""""""..""""""""""""""""".::.,,,,,,,~,,,,,,,,,..ooooooooo~ooooooo.::.,,,,,,,,,,,,,,,,,..ooooooooooooooooo.::.,,,,,,,,,,,,,,,,,..,,,,,,,,,,,,,,,,,.::."""""""""""""""""..,,,,,,,,,,,,,,,,,.::.ooooooo~oooooooooT
Tooooooooooooooooo.::."""""""~"""""""""..""""""""""""""""".::.,,,,,,,~,,,,,,,,,..ooooooooo~ooooooo.::.,,,,,,,,,,,,,,,,,..ooooooooooooooooo.::.,,,,,,,,,,,,,,,,,..,,,,,,,,,,,,,,,,,.::."""""""""""""""""..,,,,,,,,,,,,,,,,,.::.ooooooo~oooooooooT
T""""""""""""""""".::."""""""~"""""""""..""""""""""""""""".::.,,,,,,,~,,,,,,,,,.."""""""""~""""""".::.,,,,,,,,,,,,,,,,,..""""""""""""""""".::.,,,,,,,,,,,,,,,,,..,,,,,,,,,,,,,,,,,.::."""""""""""""""""..,,,,,,,,,,,,,,,,,.::."""""""~"""""""""T
Tooooooooooooooooo.::."""""""~"""""""""..""""""""""""""""".::.,,,,,,,~,,,,,,,,,..ooooooooo~ooooooo.::.,,,,,,,,,,,,,,,,,..ooooooooooooooooo.::.,,,,,,,,,,,,,,,,,..,,,,,,,,,,,,,,,,,.::."""""""""""""""""..,,,,,,,,,,,,,,,,,.::.ooooooo~oooooooooT
Tooooooooooooooooo.::."""""""~"""""""""..""""""""""""""""".::.,,,,,,,~,,,,,,,,,..ooooooooo~ooooooo.::.,,,,,,,,,,,,,,,,,..ooooooooooooooooo.::.,,,,,,,,,,,,,,,,,..,,,,,,,,,,,,,,,,,.::."""""""""""""""""..,,,,,,,,,,,,,,,,,.::.ooooooo~oooooooooT
T""""""""""""""""".::."""""""~"""""""""..""""""""""""""""".::.,,,,,,,~,,,,,,,,,.."""""""""~""""""".::.,,,,,,,,,,,,,,,,,..""""""""""""""""".::.,,,,,,,,,,,,,,,,,..,,,,,,,,,,,,,,,,,.::."""""""""""""""""..,,,,,,,,,,,,,,,,,.::."""""""~"""""""""T
Tooooooooooooooooo.::."""""""~"""""""""..""""""""""""""""".::.,,,,,,,~,,,,,,,,,..ooooooooo~ooooooo.::.,,,,,,,,,,,,,,,,,..ooooooooooooooooo.::.,,,,,,,,,,,,,,,,,..,,,,,,,,,,,,,,,,,.::."""""""""""""""""..,,,,,,,,,,,,,,,,,.::.ooooooo~oooooooooT
Tooooooooooooooooo.::."""""""~"""""""""..""""""""""""""""".::.,,,,,,,~,,,,,,,,,..ooooooooo~ooooooo.::.,,,,,,,,,,,,,,,,,..ooooooooooooooooo.::.,,,,,,,,,,,,,,,,,..,,,,,,,,,,,,,,,,,.::."""""""""""""""""..,,,,,,,,,,,,,,,,,.::.ooooooo~oooooooooT
T..................::........~.............................::........~....................~........::......................................::......................................::......................................::........~.........T
T..................::........~.............................::......................................::.............................~........::......................................::........~.............................::..................T
Tttttttttttttttttt.::."""""""~"""""""""..ttttttttttttttttt.::.ooooooooooooooooo..ttttttttttttttttt.::.ttttttttttttttttt.."""""""""~""""""".::.ooooooooooooooooo..ooooooooooooooooo.::.ttttttt~ttttttttt..ooooooooooooooooo.::.oooooooooooooooooT
Tooooooooooooooooo.::."""""""~"""""""""..""""""""""""""""".::.ooooooooooooooooo..""""""""""""""""".::.,,,,,,,,,,,,,,,,,.."""""""""~""""""".::.ooooooooooooooooo..ooooooooooooooooo.::.ooooooo~ooooooooo..ooooooooooooooooo.::.oooooooooooooooooT
T""""""""""""""""".::."""""""~"""""""""..""""""""""""""""".::."""""""""""""""""..""""""""""""""""".::.,,,,,,,,,,,,,,,,,.."""""""""~""""""".::."""""""""""""""""..""""""""""""""""".::."""""""~"""""""""..""""""""""""""""".::."""""""""""""""""T
Tooooooooooooooooo.::."""""""~"""""""""..""""""""""""""""".::.ooooooooooooooooo..""""""""""""""""".::.,,,,,,,,,,,,,,,,,.."""""""""~""""""".::.ooooooooooooooooo..ooooooooooooooooo.::.ooooooo~ooooooooo..ooooooooooooooooo.::.oooooooooooooooooT
Tooooooooooooooooo.::."""""""~"""""""""..""""""""""""""""".::.ooooooooooooooooo..""""""""""""""""".::.,,,,,,,,,,,,,,,,,.."""""""""~""""""".::.ooooooooooooooooo..ooooooooooooooooo.::.ooooooo~ooooooooo..ooooooooooooooooo.::.oooooooooooooooooT
T""""""""""""""""".::."""""""~"""""""""..""""""""""""""""".::."""""""""""""""""..""""""""""""""""".::.,,,,,,,,,,,,,,,,,.."""""""""~""""""".::."""""""""""""""""..""""""""""""""""".::."""""""~"""""""""..""""""""""""""""".::."""""""""""""""""T
Tooooooooooooooooo.::."""""""~"""""""""..""""""""""""""""".::.ooooooooooooooooo..""""""""""""""""".::.,,,,,,,,,,,,,,,,,.."""""""""~""""""".::.ooooooooooooooooo..ooooooooooooooooo.::.ooooooo~ooooooooo..ooooooooooooooooo.::.oooooooooooooooooT
Tooooooooooooooooo.::."""""""~"""""""""..""""""""""""""""".::.ooooooooooooooooo..""""""""""""""""".::.,,,,,,,,,,,,,,,,,.."""""""""~""""""".::.ooooooooooooooooo..ooooooooooooooooo.::.ooooooo~ooooooooo..ooooooooooooooooo.::.oooooooooooooooooT
T""""""""""""""""".::."""""""~"""""""""..""""""""""""""""".::."""""""""""""""""..""""""""""""""""".::.,,,,,,,,,,,,,,,,,.."""""""""~""""""".::."""""""""""""""""..""""""""""""""""".::."""""""~"""""""""..""""""""""""""""".::."""""""""""""""""T
Tooooooooooooooooo.::."""""""~"""""""""..""""""""""""""""".::.ooooooooooooooooo..""""""""""""""""".::.,,,,,,,,,,,,,,,,,.."""""""""~""""""".::.ooooooooooooooooo..ooooooooooooooooo.::.ooooooo~ooooooooo..ooooooooooooooooo.::.oooooooooooooooooT
Tooooooooooooooooo.::."""""""~"""""""""..""""""""""""""""".::.ooooooooooooooooo..""""""""""""""""".::.,,,,,,,,,,,,,,,,,.."""""""""~""""""".::.ooooooooooooooooo..ooooooooooooooooo.::.ooooooo~ooooooooo..ooooooooooooooooo.::.oooooooooooooooooT
T...T...T...T...T..::...T...T~..T...T...T...T...T...T...T..::...T...T...T...T...T...T...T...T...T..::...T...T...T...T...T...T...T.~.T...T..::...T...T...T...T...T...T...T...T...T..::...T...T~..T...T...T...T...T...T...T..::...T...T...T...T..T
T::::::::::::::::::::::::::::::::::::::::::::::::::::::::::::::::::::::::::::::::::::::::::::::::::::::::::::::::::::::::::::::::::::::::::::::::::::::::::::::::::::::::::::::::::::::::::::::::::::::::::::::::::::::::::::::::::::::::::::::T
T::::::::::::::::::::::::::::::::::::::::::::::::::::::::::::::::::::::::::::::::::::::::::::::::::::::::::::::::::::::::::::::::::::::::::::::::::::::::::::::::::::::::::::::::::::::::::::::::::::::::::::::::::::::::::::::::::::::::::::::T
T...T...T...T...T..::...T...T~..T...T...T...T...T...T...T..::...T...T...T...T...T...T...T...T...T..::...T...T...T...T...T...T...T.~.T...T..::...T...T...T...T...T...T...T...T...T..::...T...T~..T...T...T...T...T...T...T..::...T...T...T...T..T
Tooooooooooooooooo.::.ooooooo~ooooooooo..""""""""""""""""".::."""""""""""""""""..ttttttttttttttttt.::.ttttttttttttttttt..ooooooooo~ooooooo.::."""""""""""""""""..ooooooooooooooooo.::.ooooooo~ooooooooo..ttttttttttttttttt.::.tttttttttttttttttT
Tooooooooooooooooo.::.ooooooo~ooooooooo..""""""""""""""""".::."""""""""""""""""..,,,,,,,,,,,,,,,,,.::.ooooooooooooooooo..ooooooooo~ooooooo.::."""""""""""""""""..ooooooooooooooooo.::.ooooooo~ooooooooo..ooooooooooooooooo.::.,,,,,,,,,,,,,,,,,T
T""""""""""""""""".::."""""""~"""""""""..""""""""""""""""".::."""""""""""""""""..,,,,,,,,,,,,,,,,,.::.""""""""""""""""".."""""""""~""""""".::."""""""""""""""""..""""""""""""""""".::."""""""~"""""""""..""""""""""""""""".::.,,,,,,,,,,,,,,,,,T
Tooooooooooooooooo.::.ooooooo~ooooooooo..""""""""""""""""".::."""""""""""""""""..,,,,,,,,,,,,,,,,,.::.ooooooooooooooooo..ooooooooo~ooooooo.::."""""""""""""""""..ooooooooooooooooo.::.ooooooo~ooooooooo..ooooooooooooooooo.::.,,,,,,,,,,,,,,,,,T
Tooooooooooooooooo.::.ooooooo~ooooooooo..""""""""""""""""".::."""""""""""""""""..,,,,,,,,,,,,,,,,,.::.ooooooooooooooooo..ooooooooo~ooooooo.::."""""""""""""""""..ooooooooooooooooo.::.ooooooo~ooooooooo..ooooooooooooooooo.::.,,,,,,,,,,,,,,,,,T
T""""""""""""""""".::."""""""~"""""""""..""""""""""""""""".::."""""""""""""""""..,,,,,,,,,,,,,,,,,.::.""""""""""""""""".."""""""""~""""""".::."""""""""""""""""..""""""""""""""""".::."""""""~"""""""""..""""""""""""""""".::.,,,,,,,,,,,,,,,,,T
Tooooooooooooooooo.::.ooooooo~ooooooooo..""""""""""""""""".::."""""""""""""""""..,,,,,,,,,,,,,,,,,.::.ooooooooooooooooo..ooooooooo~ooooooo.::."""""""""""""""""..ooooooooooooooooo.::.ooooooo~ooooooooo..ooooooooooooooooo.::.,,,,,,,,,,,,,,,,,T
Tooooooooooooooooo.::.ooooooo~ooooooooo..""""""""""""""""".::."""""""""""""""""..,,,,,,,,,,,,,,,,,.::.ooooooooooooooooo..ooooooooo~ooooooo.::."""""""""""""""""..ooooooooooooooooo.::.ooooooo~ooooooooo..ooooooooooooooooo.::.,,,,,,,,,,,,,,,,,T
T""""""""""""""""".::."""""""~"""""""""..""""""""""""""""".::."""""""""""""""""..,,,,,,,,,,,,,,,,,.::.""""""""""""""""".."""""""""~""""""".::."""""""""""""""""..""""""""""""""""".::."""""""~"""""""""..""""""""""""""""".::.,,,,,,,,,,,,,,,,,T
Tooooooooooooooooo.::.ooooooo~ooooooooo..""""""""""""""""".::."""""""""""""""""..,,,,,,,,,,,,,,,,,.::.ooooooooooooooooo..ooooooooo~ooooooo.::."""""""""""""""""..ooooooooooooooooo.::.ooooooo~ooooooooo..ooooooooooooooooo.::.,,,,,,,,,,,,,,,,,T
Tooooooooooooooooo.::.ooooooo~ooooooooo..""""""""""""""""".::."""""""""""""""""..,,,,,,,,,,,,,,,,,.::.ooooooooooooooooo..ooooooooo~ooooooo.::."""""""""""""""""..ooooooooooooooooo.::.ooooooo~ooooooooo..ooooooooooooooooo.::.,,,,,,,,,,,,,,,,,T
TTTTTTTTTTTTTTTTTTTTTTTTTTTTTTTTTTTTTTTTTTTTTTTTTTTTTTTTTTTTTTTTTTTTTTTTTTTTTTTTTTTTTTTTTTTTTTTTTTT::TTTTTTTTTTTTTTTTTTTTTTTTTTTTTTTTTTTTTTTTTTTTTTTTTTTTTTTTTTTTTTTTTTTTTTTTTTTTTT::TTTTTTTTTTTTTTTTTTTTTTTTTTTTTTTTTTTTTTTTTTTTTTTTTTTTTTTTTTT
