TTTTTTTTTTTTTTTTTTTTTTTTTTTTTTTTTTTTTTTTTTTTTTTTTTTTTTTTTTTTTTTTTTTTTTTTTTTTTTTTTTTTTTTTTTTTTTTTTTTTTTTTTTTTTTTTTTTTTTTTTTTTTTTTTTTTTTTTTTTTTTTTTTTTTTTTTTTTTTTTTTTTTTTTTTTTTTTTTTTTTTTTTTTTTTTTTTTTTTTTTTTTTTTTTTTTTTTTTTTTTTTTTTTTTTTTTTTTTTTT
TTTT"TTTT......ttT....TTTT..TTTTTTtTTTT..Tt..TTTtTTTTTTTTTtTT.....ttTTTTTtT.tTT....t..t..t..t..t...........t..........t..TTTTTTTTTT..,tTTT.....TTT.....tTTTTTTt..TTTTTTTTTTTTTTTTTTTTTTTTTTTTTTTTTTTTTT..TTTTTtTT..tTTTT........TtTT....TtTTTTTT
TTT....................,...".TTTTTTtTTT..T......TTTTTTtTT.....,.....,..."..."tt.........."".........,.........,..,.,.....TTTTTTTT......TT............."......TT..TTttTTt...,..TTTTTTTTTTTTTTTTTTTTTTTTT.,T......,...........".........,..TTTTtTT
TTT."..."...T.................TTtTTt.TT..T......,TTT..TT................,.....T.T.....,..,."..,.......,......,...........T..........................,,.,......T..TTTTtT..........TtTTtTTT.....TTTTtTTTT..............................."......TTT
TT.........TTT....,.........,,..TT....t,.T.......TTT....,.......",............T.ffffffffffffffffffffffffffffffffffffffff.t...............................,....T..TTtTT".,...."....TTT..T.""....TTtTTTTT...............,................,......TT
TxxxxxxxxxxxxxxxxxxxxxxxxxxxxxxxxxxxxxxxxxxxxxxxxxxxxxxxxxxxxxxxxxxxxxxxxxxxxxxxxxxxxxxxxxxxxxxxxxxxxxxxxxxxxxxxxxxxxxxxxxxxxxxxxxxxxxxxxxxxxxxxxxxxxxxxxxxxxxxxxxxxxxxxxxxxxxxxxxxxxxxxxxxxxxxxxxxxxxxxxxxxxxxxxxxxxxxxxxxxxxxxxxxxxxxxxxxxxxxT
TxxxxxxxxxxxxxxxxxxxxxxxxxxxxxxxxxxxxxxxxxxxxxxxxxxxxxxxxxxxxxxxxxxxxxxxxxxxxxxxxxxxxxxxxxxxxxxxxxxxxxxxxxxxxxxxxxxxxxxxxxxxxxxxxxxxxxxxxxxxxxxxxxxxxxxxxxxxxxxxxxxxxxxxxxxxxxxxxxxxxxxxxxxxxxxxxxxxxxxxxxxxxxxxxxxxxxxxxxxxxxxxxxxxxxxxxxxxxxxT
TT......,."."............,,.........".T."TT..........,...TtTT......TT........TT.fffffffffffffffffff__fffffffffffffffffff.T".....................,"."..."..",.tt...".,...".............................T,.T............."................,.....TT
TT.....................,..".."........T..tT.......................TTT.......TTT.T.,..______________________________,.....TT.TT.........................,..,...T..t..Tt........"...........T......."...."........,.....,.........."...".......TTT
T......................."............"T..T.....................".TTT........TTT.t....______________________________......TTTTTT..................................tTTTTT...........".....TTTt."...........................".......,..........TtTT
T...................................,.T..T..................,....tTT........TTT.........".,.WWWWWWWdWWWWWWWW..."......t."TtTTTTTTtt".....,.......................TTTTTTT...."..,"......"tTT............,,"..........."......................TttT
T......................."......."....TT..TT......................TTTT.......TTT.............WmmmmmmmmmmmmmmW.............TTTTtTTtTTT.,..............,.,.......T,.TTTTTTt................TT........"..,T.................,"..................TTTT
TT....."............:"..............tTT..TTT,".......:..........tTtTT......,TTT,............WccccmmmmmmmmmmW.............TTTTT....TT......,.:............,....T..tTTTttTt...........:,..........."....T........."."..T..,...:...,"............TT
Tt.....,.....".....:::::::::::::::::::::::::::::::::::::::::::::::::::::::::::::T........,..WmmmmmmmmmmmmmmW............:::::::::::::::::::::::::::::::::::::::::::::::::::::::::::::::::::::::::::::::::::::::::::::::::::::......."..........T
TT...,........."...:::::::::::::::::::::::::::::::::::::::::::::::::::::::::::::t.."..,.....WmmmmmmmmmmmmmmW............:::::::::::::::::::::::::::::::::::::::::::::::::::::::::::::::::::::::::::::::::::::::::::::::::::::,.................T
Tt.................::.T,.........,....T..TtTT..,"..........::.TTTt.........".,T..t......,...WmmmmmmmmmmmmmmW..........t...................T::..........,......t..T.....TTT.........::.."..TtTTTt..TtTTT..T.........TtTT....::...........".,....T
TT...............""::tT..............TT..T...,.........ssss::sssss...,...",...T"...,..."....WWWWWWWdWWWWWWWW.,"..........t...,.....,......T::T........T.......T..T.....TT..."......::......TTtT..TTttTT..t"......".tTTt..".::.................TT
TTT................::.........TTT...TtT..T....."......s~~~~::~~~~~s..........,T...,,....."...".,...==...."...,.....".....T.......tT".".....::T.......TTT....,.T".T....TTT...",.....::............TTT..T..TT.......TTTTT,...::................"TT
TtT..".............::..........T..".TTT..T...........s~~~~~::~~~~~~s".......TTT.t..................==....,.....".........t.................::........TTT......T..T....TTT....TT....::......,.....TTTTTT,.TT...,...tTt..""..::"................TT
TTt..........."....::."..............tT..TT...........s~~~~::~~~~~s.....,".TTTT.t..gggggggggg......==.........."....."tT......"..."........::....."...T..........T..,.TTT..".TTT.,.::............TTTTTT..T.................::..,..............TT
TT.,.....,.........::.................T..TT."..........ssss::sssss....t.....TTT,T..gggggggggg..,...==...,.............t........"...........::.,.............,....T"...TTT."..tTT...::............TTTTTT......T."...".......::.................TT
TT...........,.....::..,........."....T..TT.,............,T::........TTT.....TT..."gggggggggggggggg==.......,,.........T..............."...::.."......."...".....T........,...TT...::TT.........TTTTTTT.....TTT.,,........,::......"........".TT
TT....,..........TT::....,...............T...,..,........,T::........TTT......t...,gggggggggg......==....".....",,.....t.".................::........."..........T............."...::TTT.......TTT..TTt......TT..."........::..,...............T
TT."............TTT::........"........T..T................T::,....".TTT,......T....gggggggggg......==.,".........,...,...........,....."...::........,...........t..,.,..".........::TTT.......TtT...TT.......TT...........::........,.........T
TT,............TTTT::...........,.....T..T.......TT........::.....,.TT,.......T....gggggggggg"..,,.==...,.,..............T...............,.::........,....,...T..TT.TTT.....,......::tTT......tTTTt."TT.......TTT.......",.::..................T
TTt..,..."...TTTTTt::...."...........,T..TT...,.TTTT..,....::T.,...TTT"....,."T.t...."."...........==.............,....T.TT.,"......,......::.Tt........tTTTTTT..tTTTTt."....".....::tTT....,TTTTTTTTTT..T"...tTT...TTT..."::T..,.............TT
TTtTTTTTTTTTTTTTTTT::TTTTtTTTTTTTT...TT..TTTTTTTtTtTT...TTT::TTTTTtTTTT..TTt"TT"......t..t.........==.........t...t..t...TTT,......TTTTTTtt::TTtTTTtTTTtTTTTTTT..TtTTTTT.......TTTT::TTTt...TTTtTTTTTTT..TTTTTtTTT.TTTTt...::TTTT..TtTT......tTT
T............,.....::............"..,.."...................::......"............T.T.Tt.....t.......==....T.T.TT.......t.............,......::........,............."...............::..........."..........................::...........,.,....T
T.........,..."....::........"..........TT.T.....T.t.t.T...TTt.T..t............t....t...t.........T==t.Tt.t.TT.T.....TT.................T.....t...T..T.T....Tt..TT.....T.......t..t..t.T.....tT..Tfggf.....................::..................T
TTTtT...TTTTTTTTTTT::TTTTTTTTTTTTTTTTTT...t....t........................................t..........==...............t..T......t......t.....t...t....t...........T......t..t.t.........t...........fggf...TT..tTTtTTTTT.....::TTTTTTT..TTTTTTTTtT
TTTT.....TTTTTTTTTT::TTT..TtT......TTtT......."...........................,,...............".......==......"......,.."..T.,..,.,................",.........,......,..,WWWWWWWWWWWWWWWWWWWWWWWWWW..fggf...T.,"..,.....,.....::..."......"...TtTtT
TTT......ttTTTTTT..::TT...".........."T............,..."..:::::.....................WWWWWWWWWWWWW..==....,,....,............".,......,WWWWWWWWWWWWW............t......WmmmmmmmmmmmmmmmmmmmmmmmmW..fggf...T.......,.......".::...........,...TTTT
TT........TTT......::TT,.."..,.......TT............,,.....:::::.,..,,.,"........tt..WmxxxxxxxxxmW",==.,".............,......,.,..."...WwwwwwwwwwwwW.."..."......T...,.WmcccmmcccmmcccmmcccmmmmmW..fggf...T....."...........::,............,..TTT
TT................"::tTTs....,.....TTTT,.t................:::::"..,..."..".,.".T....WmxxxxxxxxxmW..==...,........""......t.....,......WwcccwwwcccwW,...,..............WmcccmmcccmmcccmmcccmmmmmW,.fggf...T......"....,.....::.................TT
TT.................::sss~sss.,....tTTTT...................:::::,....."......".......WmmmmrrrmmmmW..==....,,..,.....,.,................WwwwwwwwcccwW............t......WmcccmmcccmmcccmmcccmmmmmW..fggf.T.t........,........::..................T
TTT..........,.....::s~~~~~ss..."TTTt...T..,.............,:::::..,.....".......t....WmmmmrrrmmmmW..==..,..."....,.."..tt........,.....WwwwwwwwwwwwW,..............."..WmcccmmcccmmcccmmcccmmmmmW..fggf...T...........,.....::..".".....,......,T
TTT.............,.,::~~~~~~~s...TTTTT,T.T....,......,...,.:::::"....................WmppprrrpppmW..==.,.....,.,.......t.T.............WwccwwwwwwwwW.....""..".....,"..WmmmmmmmmmmmmmmmmmmmmmmmmW..fggf.t.T........"........::...."........"....T
TTT................::~~~~~~~~s..TTTTTTT..t..........,..,..:::::...".."..........T...WmmmmrrrmmmmW..==.."................t..,..........Ww>wwwwwwwwwW...".,..,..........WmmmmmmmmmmmmmmmmmmmmmmmmW,.fggftt.T.............,...::.................TT
TTT........".....,.::~~~~~~~s...TTTTTTT....,.."",.".......:::::.....,......"........WmppprrrpppmW..==......=.....=....t.T............,WwwwwwwwwwwwW.........."......,.WmmmmmmmmmmmmmmmmmmmmmmmmW..fggf...T.....tT........."::...,.............TT
TtTTTT....,......."::s~~~~~ss...TTTTTTT..........:.....,.":::::."....":........t....WmmmmrrrmmmmW..==."...===..,===,..........."......WWWWWWdWWWWWW......."...........WWWWWWWWWWWWWWdWWWWWWWWWWW.,fggf...T....TTt..........::.........,".,..".tT
TTTTTT.............::sss~sss...."TTTTTT.t.,.,.,.:::.,".,........,..,.:::.,..,,.....,Wmppprrrpppmd__==....,.=.....=..,,.............,.......,=....,.................,.,..,...........=..."....."...fggf...T....TTT.."......T::T.,..............TT
TTTT...."..........:::::::::::::::::::::.........::::::::::::::::::::::,",......T...WmmmmrrrmmmmW..==================================================================================.",,.."......fggf..:::::::::::::::::::::T...",...........TT
TTT..,...".....:...:::::::::::::::::::::.t....,,.::::::::::::::::::::::.............WmppprrrpppmW..==================================================================================...,...",..,.fggf.t:::::::::::::::::::::.................TT
TT...........TTT...::.TtT......"....TTT............."....".::,.......,:.......tT...,WmmmmrrrmmmmW,.==....,.........."....."."."..."...."...==.............".,..tT...,,....,.."...".==....",......,fggf...T.................::..........,......TT
TTT..........TTt...::TTTTT.."........TT......oooooooooo.,.,::"........:..,.....tT...WmppprrrpppmW..==........,.....................,.,.....==............,......T."..,ggggggggggggggggggggggggggg,fggf.t.T......"..........::...............".TT
TTTT..."......TT...::TTTTTT...."....TTT.t....oooooooooo....::.......,.:.........T..,WmmmmrrrmmmmW..==.........,,,.................,...,...,==.....,....,,.......Tt....ggggggggggggggggggggggggggg.fggf.t.T....."...........::..:..............TT
TTTTT.........TT...::.TTTT........TtTTT.T....oooooooooo....::..:......:.....".......WmppprrrpppmW..==.......,...."..........".........,....==...___________.,"..T...".g_gg_gg_gg_ggggg_gg_gg_gg_g.fggf...T.................::............Tt...TT
TTTTT.......,,TTT..::..........".tTTtTT.T....oooooooooo....::.........:......"..T...WmmmmrrrmmmmW..==,.......,...."."........,..."....,,:..==...___________.,".TT.....g_gg_gg_gg_ggggg_gg_gg_gg_g.fggf...T.................::..,."......TTT....T
TTtTt.....,...tTT.,::....,..,....TTTTTT....".oooooooooo....::.........:,........T...WmmmmrrrmmmmW,.==..,:"...,.................",,"......,.==.,.___________.,..T.t....g_gg_gg_gg_ggggg_gg_gg_gg_g.fggf.T"T..........,......::T..,......TTTT....T
TTTTT..,...........::........"....TTTTT.t....oooooooooo....::.........:,...,........WWWWWWdWWWWWW..==.,..........".....t............"......=="."___________...........g_gg_gg_gg_ggggg_gg_gg_gg_g.fggf.."T......."........T::.........TTTT....TT
TTTTT..............::..,..".......TTTTT......oooooooooo."..::.,.....,.:.,."....tt..__________________"..."...".......,...."........,.".....==...___________.,".T.....,g_gg_gg_gg_ggggg_gg_gg_gg_g.fggf.t.t,.,tT......,...Tt::.........TTT.....TT
TTTTTTTT...........::.....".......TTTTT......oooooooooo...,::,....,,..:.....,,.t...__________________....".............T........."....."...==......................".,ggggggggggggggggggggggggggg.fggf.T.T...TT"..,.....TTT::.................TT
TTTTTTTTT".........::.........TTTTTTTTT..................."::......,.:::....,"tT..,__________________..."...,.....,"...Tt....,....,."......==",.........,,,.....T....,ggggggggggggggggggggggggggg"fggf...T...TTT..TTTttTTTt::.............."..TT
TTTTTTTTTT.....,...::TTTT...TTTTTTtttTT"......"....,...,...::..,,.........,"..tt..........."....,..==."....",.."........T..,....,..........==.............,....................,...==...".......,"fggf.T.T...TTTTTTTTtTTtTT::.,........"TT,...TT
TTTTtTTTtTTtTtTT..T::TTTTTTTTTTTTtTTTTt.T.......t..........::..t.t.tt...t.t.....T.tt...............==..................T........t..........==.................t...............t....==........t.t.tfggf.T.TT.TTTTTTTTTTtTTTT::t.........TttTTTtTT
T....,.........."..::..,....".."........tT..TT.....tt..tt.T::T..TTt.....T.Tt...Tt.....Tt..T...T...T==.TTtT.T.....TT.tt...............T.TtT.==............T.t.....t...tT........T...==tTT...T......fggft..,,...,............::....,""...........T
T.....".."...."....::........................tT............ggT..t...T..T.T.t........T...TTT..tT.T.T==.TtT............t..t........t..t..TT.T==.tt.T..T.t..........T....t.T...T....T.gg...T.T.TT.t..T.T.TT...tt.....t.t..TTT.t....tTt...TT.t.TTT.T
TTTttTTtTTTtTTT....::TTTTTtt.........Tt.t........t.........gg..t.............t.....t........t......==.....t.......t.....T.......t...t......==t.....t.......t...T...................gg.t................t.......t................t...t..t.....t.T
TTT....,..,TTt.....::.................T.Tt.................gg.....,................................==............"."..t.T............."....==..,.....,"......,........."...,.......gg".......,......,...........""..","......,......,......,,".T
TT.......".........::..........".."...T.....,..."........ggggggg........"............,.........."..==........"....,........WWWWWWWWWWWWW...==...."...,..,....,.t....,....".,.,.....gg..............,....t.,.....WWWWWWWWWWWWWWWWWWWWWWWW...,...T
Tt............,....::..,.,......."..,.,.....fffffffff....ggggggg,.....,.".........,................==..."...,...........t..WwwwwwwwrrrrW...==.........................ggggggggggggggggggggggggggggg...........,.WmmmmmmmmmmmmmmmmmmmmmmW...,.,tT
TTTT..."...........::........,..,.......t...f_______f....gg,,,gg.........,............,__________________________"...".....WwwwwwwwrrrrW...==..........xxxxxx.t.......ggggggggggggggggggggggggggggg..,t.t.".....WmccmmccmmccmmccmmccmmmW..,....T
TTTtT..............::.......................f_______f...,gg,,,gg...,.,............."..,_t______________________t_.......T..WwwwwwwwrrrrW...==.,..."....xxxxxx,........ggggggggggggggggggggggggggggg.....t.......WmmmmmmmmmmmmmmmmmmmmmmW".."...T
TTTT."..."....,....::.......,".........,T...f_______f....ggggggg.".."......,,..........__________________________......tt..WwwwwwwwwwwwW.".==.....,....xxxxxx.........ggggggggggggggggggggggggggggg......t".....WmmmmmmmmmmmmmmmmmmmmmmW.".,...T
TT.........,......"::...........,"..........f_______f....ggggggg.....,.........tT...,".__________________________..........WccccccwwwwwW.,.==.,.,......xxxxxx..TT..,..ggggggggggggggggggggggggggggg....Tt......"WmmmmmmmmmmmmmmmmmmmmmmW."..,.tT
TT......."...".....::........,......".......f_______ggggggggg....................t.....__________________________......T...WwwwwwwwwwwwW...==..........xxxxxx".TT...".ggggggggggggggggggggggggggggg....tT.......WmcccccmmmmmmmmmmmmmmmmW,".....T
TT.............T,..::.................t.....f_______ggggggggg,"..............,.T......,__________________________".....tT..WwwwwwwwwwwwW...==.,..."=...........T.....,ggggggggggggggggggggggggggggg.....T.......WmmmmmmmmmmmmmmmmmmmmmmW,...,..T
TT.............T"..::..........",.....T.........,.,....,.ggggggg............,...T......__________________________".,.,.....WWWWWWdWWWWWW.".==.....===",......,........ggggggggggggggggggggggggggggg.....T.......WWWWWWWWWWWWdWWWWWWWWWWW.......T
TT...""....."...,..::...:.............t.T.......,......."ggggggg...:..,"............:..___________FFFF___________.............,".="........==,.....=....,...,..T...:..ggggggggggggggggggggggggggggg."......,........,.......g.,...............tT
Tgggggggggggggggggggggggggggggggggggggggggggggggggggggggggg,,,gggggggggggggggggg=======___________FFFF___________===============================================ggggggggggggggggggggggggggggggggggggggggggggggggggggggggggggg"..,..............T
Tgggggggggggggggggggggggggggggggggggggggggggggggggggggggggg,,,gggggggggggggggggg=======___________FFFF___________===============================================ggggggggggggggggggggggggggggggggggggggggggggggggggggggggggggg,.....".......,,..T
T..................::....."...........T...".......,..."..ggggggg".........."........",=___________FFFF______WWWWdWWWWW............."...."..,,..,,..,...,.....,t.......ggggggggggggggggggggggggggggg....TT.".......,.....,........."............T
T..............,..,::.................T.........,...."..,ggggggg."....".,."....T......=_____________________WxxxxxxxxW.T..,....".....,...,................,.."t....,..ggggggggggggggggggggggggggggg......t.....................".".,...,.......T
TT...........".....::............."...T,........,.........,gg,"......,.......".T....,.=_____________________WxxxxxxxxW.....,================================...T......ggggggggggggggggggggggggggggg....T...,..gggggggggggggggggggggggggggg,....T
TT.............",..::.............,..TT..."....,",.........gg.........,...."...t.....,=_____________________WcccxxxxxW..t.."================================.,..T.,...ggggggggggggggggggggggggggggg....tT.,...gggggggggggggggggggggggggggg.....T
TT......"..,.......::..."...,....."..TT......."..........".gg..........."......tTt....=...._________________Wxxx||x||W....",.........".........,......,."....,.t..""..ggggggggggggggggggggggggggggg...t...."..gggggggggggggggggggggggggggg.....T
TT.................::................TT........".........ggggggg............,,..T.....=....>________________Wxxx|xxxxW.T................."......"...,",,."".....T.....ggggggggggggggggggggggggggggg...t.......gggggggggggggggggggggggggggg....tT
TT........,........::...."............T......"...........ggggggg........."............=.t.._________________Wxxx|xxxxW.......,...,.......,"...,.............."...t....ggggggggggggggggggggggggggggg....T.t....gggggggggggggggggggggggggggg.....T
TT.,.........,.....::".....,....................,,.......gg,,,gg"........."....t......=...._________________Wxxx|xxxxW......"....,............"............,..........ggggggggggggggggggggggggggggg.....t.....gggggggggggggggggggggggggggg.....T
Tt..".............,::........"..............,..,.....,...gg,,,gg...........,..........=.......,....==.....,.Wxxx|xxxxW.....""....."...,..,..:..."".."........".......,.,""...........".............."..T......gggggggggggggggggggggggggggg.....T
TT......,...,......::............,....T....,.........."..ggggggg.".....,.............===........,..==.......Wxxx|xxxxW.T..............,.....,..........,....,..t.........".............,."......,.........,..........,........."..,..,...,.,"..T
TT...".............::...."..,..,....,tT...........,.....,ggggggg...,..,.....,.t.T................,.==....",.WWWWWWWWWW.t.................................,..,..Tt...................."..........,..,..........".."......,.....,.......,..",..,.T
TTT....TTTT...TT.,.::tTT..TT,..TTTTTTTT.t.............t..t.gg.........t......t.t...................==............t....tTtt...t........t...t.........t.....t.t..t.......t.t...........t..............t...................t....t....t............T
T..................::.....,...............T.......T....T...ggT......tT..t...TT..T...t..t.t.T....T.T==.........tt.T..TT.T..TTTTTT.T.t....T...t....T..t.T...............TtT.TT.ttt......t...T.....Ttt.....t.t.Tt.Tt..T.T...tt.....T.t....T.......T
TT....T.t.tt.......T......t...TtT.T..T..TTT.t....TT..Tt....::...tT........TTt...t.T.t...T.....T....gg........T........t....,.............,.::.....,........,..,......,"."..........::............,.................."......::,.................T
T.......t.....j~~~~j.............t......t.....t....t.......::...t...t....t......T..................gg........t...........TTtT...TTTTTTTTTTT::TTTTTTTTT,....TTTT..TTTTT..".TTTTTTTTT::TTTTt."..TTTttTTtT..TTTtT.........TTt.::..TTTT.".tTtTTTTTtT
T."..T.."T...Tj~~~~s"T...T"..T...,t.tT.......,"............::.."..,"....".."....T..,.,..,..........gg.....,,.........,tT.t".".".,........TT::T....tTT........TT..TTT.......TTT....T::.TTT.....,......TT..TT.........,......::.........."TtTTTTTT
Tt,,,,,,,..,..s~~~~s.,.T...,..,T...T...t...................::.....................,.......,........gg.................t........"......."..T::........"........T..Tt.........T....,"::...,..........,..T..T.............."..::.............TTTTTT
T.t.,,,,,".,.Tj~~~~s.,..tT,,,,,..T...,..T...,..............::......,..,......".t.t.,.....,...,..,..gg...".....,....,.......................::"................T".TT..,.............::..,............,,T..T......."."...TTT.::....,.......,,tTTtT
T..,,,,,,t.T.tj~~~~j...".",,,,,T,..T............."........"::...."."..,....,...T..........,........gg..................t.,...........,.....::.......,.........T..T.................::"..."...TTT......T.,T.............TTTt::.".............TTTT
T.t.,,,,,T.."Ts~~~~s.Tt..T,,,,,..T.ttT..t..........,..,....::.............,",...............,......gg.,"...,..........................""...::.................T..........,....,...,::,......TtTT..."."T"........,..........::.........".TT...tTT
T..T,,,,,..T..j~~~~s..."..,,,,,Tt.."...t......,...."..."..,::..",........,...........,...,.......,,gg...,..............t.T"...,"...........::.,...............T.....,..............::.......TTtt,.....t......".............::...........T.....TT
T..t.Tt..T..,Tj~~~~stTt,.T,,,,,..T...T..t.::::::::::::::::::::::::::::::::::::........",.....,.....gg..............."..t.T.................::........,,.,.....T.."."..,"...........::.................T..................s.::.,................T
T..T...,...T,.s~~~~j...T.t.T...T..tT..ttT.::::::::::::::::::::::::::::::::::::....,.....,..........gg......,...".........T....,.....T..""..::.................T..T....,...."..."...::,................T,.........."..ssss~s::s...".............T
T....".ttT...Tj~~~~s.T..tT...T...T...T........,............::......,.....,......T........,.........gg.............,,...T...................::.................T..T..,..............::......T..........T..T....."....s~~~~~~::~s....,......."..TT
T.tT...T,..T..j~~~~s...,...T...T.,.T....T.."...,..........,::.............,....T.t...,,,,....,..,""gg..........."..........,,........".....::..,".............T..T"........TT......::......T.......TTTT..T..,......s~~~~~~~::~~s..,...........tT
T.t.tT...T...,s~~~~s.T.".T...T.,.T.."T.t........"..........::...,...."......,..T.....,...,.....".."gg..":..,,,,..........T.................::................"T..T...."..TTTT....".::........,...,.TTTT..T...,......s~~~~~~::~s.."..,..T......TT
T.::::::::::::bbbbbb::::::::::::::::::::::::::::::::::::::::::::::::::::::::::::gggggggggggggggggggggggggggggggggggggggg:::::::::::::::::::::::::::::::::::::::::::::::::::::::::::::::::::::::::::::::::::::::::::::::::::::s........TTT.....tT
T.::::::::::::bbbbbb::::::::::::::::::::::::::::::::::::::::::::::::::::::::::::gggggggggggggggggggggggggggggggggggggggg:::::::::::::::::::::::::::::::::::::::::::::::::::::::::::::::::::::::::::::::::::::::::::::::::::::.........TTT.....TT
Tt.T.."T,".T..s~~~~::.."...Tt."T...,t..........,"....".....::..."..............T..."....,"........"gg...."...,,...."...t.T...."..........TT::.,........".........T"..TTTTTt...TTT.,::TT......,.......TT........""..........::..........t......TT
T....T...T...,j~~~~::T.".T,..T..,"...T..t..........,.,.....::.......,..........TT.,..........".....gg..,"...........,....t...."....."......::..............,,....T..tTTTTtT..TTTt..::TT".............TT......."............::..."............"TT
T..T...,...T..j~~~~::".T,..T...T.t.T...T.t....,"...........::"....,..",,...,...T...................gg...........,,..,.tT......t............::.....,...........t..T..TTTtTtTtTTTT.."::T..,....",......tT..T.................::.................TT
T....T,,,,,..Ts~~~~::T"..T..."...T,..T.TT..,...............::.."........"..........".".,,."....."..gg,..,..,..........t................,...::................TT..T..TTtT..TTTTT....::..,....TT.......TT..t.................::..,...."....."..,TT
T..T..,,,,,T,,j~~~~::ttT.t.T".,,,,,T.....t::::::::::::::::::::::::::::::::::::.....ssssssssssssssssggssssssssssssssss"....."............,..::,............tTttT..T..TTT....TTT.....::".....TtTTt."...TT,.T........"........::.................tT
T..."T,,,,,..Tj~~~~::T.".,...T,,,,,..T.T..::::::::::::::::::::::::::::::::::::...~~~~~~~~~~~~~~~~~~bb~~~~~~~~~~~~~~~~~~t...................::........,...TTTTTT.....TTT....TTt...,.::......TTTtTt""...T..T...,.........."..::............."...TT
Tt.T..,,,,,T.ts~~~~::,.T.."T.,,,,,,"."....."............"..::....,...........,t..~~~~~~~~~~~~~~~~~~bb~~~~~~~~~~~~~~~~~~....,........,.ttT."::....".......TTT.TT.."..TTT.....TTTtTT.::...,..TTTTTTt,...t..T..."..."".".,....::."....,..........TT
T..,.T,,,,,t.Tj~~~~::T...T.t.T,,,,,..T.....ooo...ooo.,.ooo,::..ooo.ooo,",ooo....T..ssssssssssssssssggssssssssssssssss".t..............TTT..::.....T......T....T...,.TT.."....TTTtTT::......,TT..TT....T,,TTT...............::...TT,.."..."..".TT
T.,"..tT"..T..j~~~~::..T.t."..,,,,,T....t..ooo...ooo...ooo.::,.ooo.ooo..,ooo..t.T..,..............,gg....,....,...,...t........,........,."::....TT...........T.........,....TTTTT.::"........,..T...TT..TTT....,........."::...T...........".TT
T..".Tt..T",.Ts~~~~::T...T".tT..,T,..Tt....ooo...ooo"."ooo,::.,ooo.ooo...ooo...T................"..gg".................T...................::...".T..........TT..T..........,TTTT..::............Tt..TT..TTT.."............::...........".....TT
Tt.T".tT,..T.tj~~~~::..T,..T...T..tT"t.T..::::::::::::::::::::::::::::::::::::.Ttt.."..............gg...."........,."....T....TT.........".::.....".........tTT..TT.......TTTTTtT..::.......,...TTT..tT..TTTT..."..........::.................TT
T......t....t.j~~~~::........t..........T..........t.......::.....t.....................t..........gg............t.t.....tTTTTtTTT.......tT::........ttTTTTTTtt..TTT..".tTTTtTTTTt.::TTTT....,TTTTTTTTT..TTTTTTTtTTTTTTTTt.::.,..,tTTTTTTT"..TTT
T.....t.tt.t....tt.::....t..t.....T.T..tT.T....t.........TT::T..T...t..tt.t........TTT...t.T...T...ggT...T.....tTTtT..T..,.,...............::..........,..".."..............,......::."...,.......,.........".............,::.....,,..,....."..T
T.T...T......Tt..TT==......t..T.T.T......T..T.....t.....T.T==..t.tt.T............Tt..t.Tt.....t....==.....TT.....t.T...T...................::...".....,...........",...............::.....,................................::................,.T
T.t.........tt.t...==.........t.t..........................==..................T..t.t...........t..==........t..t.t..t.T.tTTTT".....TTTTTTT::TTTTTTTTtTTTtTTTtt..TTTTT..TTTTTTTTTtT::tTT.".."...TTTTTTT..TTTTTTTTTTtTtTTTTT::.T.tTTTtTTttT...TTT
T...........".....,==.WWWWWWWWWWWWWWWW..t......,.,.........==........."..,.,,....t.".....,...."....==,...RRRRRRRRRRRR..T.tT......."..,,..TT::TTT....TTTt"....TT..TT".....TTTTT".TTt::...,........TT...T..TTTt...TTT..tTTTTT::."...TtTtTT......tT
T........,.........==.Wm>mmmmmmmmmmmmW..T.....____________.==.____________............WWWWWWWWWWWWW==..."RR########RR....T................t::TT......TT......,T..T........TTTT...TT::....................T,.....,........T.::......TTTt.......TT
T..,_____________..==.WmmmmmmmmmmmmmmW......".____________.==,____________............WmmmmmmmmmmmW==....RR#xxxxxx#RR....T.................::T".....TTT......,...T......".TTTT...TT::........,......,.."...,".t............::,......TT..".....TT
T.."_____________".==.WmmPPPPPPPPPPmmW.t......____________.==.____________..,..Tt..,..WmPPPPPPPPPmW==....RR#xxxxxx#RR....T...."............::......TtTT..."......T.........tT....tT::....T.......,...........tTT.........".::.................TT
T..._____________..==.WmmPPPPPPPPPPmmWtT.."...____________.==.____________".,,..T..,..WmPPPPPPPPPmW==....RR#xxxxxx#RR......",.."..,........::.,...TTTTT......................"....T::...........".....T.,T...TtTT..........::.................TT
T..._____________..==.WmmPPPPPPPPPPmmW......."____________.==.____________............WmPPPPPPPPPmW==....RR#xxxxxx#RR...,T.TT..........TT..::....TTTTT.,...,."......"..............::.................T..T...tTTT..........::......."...".....TT
T..._____________..==.WmmPPPPPPPPPPmmW.T......____________.==.____________"....t.....,WmPPPPPPPPPmW==....RR#xxxxxx#RR..t.TTTT...T......TTT.::....TTTt"...........T".....,."........::.........,.......T..T..,TTT...........::.................TT
T..._____________..==.WmmmmmmmmmmmmmmW..T..,..____________.==.____________.....T..""..WmmmmmmmmmmmW==....RR###d####RR,.T.TTtT..TTT.....TTTt::.....TT..,",........T.............,...::s............,..........TTT.......TT..::."."...........,"TT
T..._____________..=="WmmmmmmmmmmmmmmW..T...,.____________.==.____________.....T......WmmmmmmmmmmmW==..".RRRRR:RRRRRR....TTT...TTT..,..TTTT::...........,.....t.....,...,"....,....::~ss....................".tT.......TTT.::.TTT...........,.TT
T.,.........,......==.WWWWWWWdWWWWWWWW.T......____________.==,____________.........,..WWWWWWdWWWWWW==....RRRRR:RRRRRR....t......T.......tt.::................"T...............".."s::~~~s.................,...,""......TT..::.TTT..,"".."....".T
T...,......,.,...,.==........=......,..T.................,.==..........,.........t..........=...,..==..,......:..........T.................::,........TT...",.T.,T................s::~~~s.............T,.T..."......,......::..T...............T
T..,.............,.==================================================================================...,.....:,........:::::::::::::::::::::::::::::::::::::::::::::::::::::::::::::::::::::::::::::::::::::::::::::::::::::".".,...........,.T
T.........,.....,.,==================================================================================.....,....,........:::::::::::::::::::::::::::::::::::::::::::::::::::::::::::::::::::::::::::::::::::::::::::::::::::::.,..".............T
T....:........".",.==..,"..............t.................,..=......,............t....".,...,.....................,.......T....."..........s::........TtTT.....T........,........".s::~~~s......"......T.....TTTT.."........::."...s.....,......T
T........."...,..."==...,..............T.t........,WWWWWWWWWdWWWWWWWWWWW.......TT."...................,........,.."....T.T.............sss~::s.Tt....TTTT.....T.....,....",........::~ss..............T......TTTT."......."::.ssss~ssss........T
T....._____________________________......t.........WDDDDDDDDDDDDDDDDDDDW.......T...,.......".......".,.".................t...,........ss~~~::ss.......tTT.....T..".................::s....,..,.,."....t........TT"...."....::s~~~~~~~~~ss....."T
T....._____________________________....T.........."WDDDDDDDDDDDDDDDDDDDW....................."...,...............",......T".........TTs~~~~::~s...".........."T....................::..........".........T.....tTT...,.....::~~~~~~~~~~~s""....T
T....._____________________________.....T.......:..WDcccDcccDDDcccDDDDDW..,.............,........".......................T...,..,..TTTs~~~~::~s....."....,....T....................::..........TT......,.T.....TTTT..."....::~~~~~~~~~~~~s,....T
T...."_____________________________.....t..........WDDDDDDDDDDDDDDDDDDDW...,..........,..."...".,..,...,.......,,..".....t..........ts~~~~~::~~s,.............T....................::.........TTTT.".....T.....TTTTT.......::~~~~~~~~~~~s......T
T....._____________________________....T.......,..,WDDDDDDDDDDDDDDDDDDDW......t.T..".............."...,...........,....T.T..".........s~~~~::~s..."...........T....................::...."....TTTT..."......."..TtTT.......::s~~~~~~~~~ss......T
T....._____________________________....TTt."....,..WDcccDcccDDDDDDDDDDDW......t.......".........,........,.......,......,T........."..s~~~~::~s...............T......"...........,.::,..........T"......."."......T........::.ssss~ssss........T
T....._____________________________.,..t...........WDDDDDDDDDDDDDDDDDDDW.......tt.."...........................".,......,T".,,.....,..ss~~~::ss.........TT....T............".......::....................T.................::..t..s....".....,.T
T."......,"....,..,==.,......"".......t.t...",..,..WDDDDDDDDDDDDDDDDDDDW........tt....,,"....".,...",".,.".."....".......T....,...."...sss~::s......,..TtTt...T..T.....,.,...."....::....."..........",..t.................::.tTT............".T
T.....".".,......."==..."....,..,..,.,.T......,....WWWWWWWWWWWWWWWWWWWWW...,....t...............,...."......."..,........T,..".......TTT..s::.........tTTTT...T..TTTt..,...,.tTT.."::.................T..TT."..............::TTtT"..,..".,....TT
T..t..t..........t.==t........t...t.......t.....t...................t.......t..T........t...........tt........tt.t.....T.TT.........TTtTT,.::tTTTT...TTTTTTT.TT."TTTTT....TTtTtTTTT::TTT..TTTTTTTT,..TT..tTTTTT......TTTTTT::TTTTTTtT........TTT
T..TT...TTTt.TT.TTT==........T........tTtT...t.tt.......t...T..T....T.Tt.......TtT....t.t......TT.t..TT...TT...tt..t...T."...........,.....::.......,................."......".....::.,..........,...........,........"....::,.............,...T
T....Tt...t.ttT.tt.::.....TTT....T..T.........,............::..."..................................::.."..,....."................"....",...::........,."...."........."........"...::.......................,........".....::..................T
T.....t...........t::.....t..t.t..t..t...TTTTTTTTTTTTTtTTTT::TTTTTT..TTTTTTTTTT,.TTtTtTTTTTTTTTTTTT::TTTtTTTTTTTTT..TTT..tTTTTtTTTTT.....,.::TTT...".........TT..TtTTTT....,ttTT...::..TTT.....TTTtTTTt..TTTTTTTTTTTTtTTTTT::TTTtTTTTTTTTtTTttTT
T.............,"...::.,....,...,.........TT..""...".,....TT::TTTtT....TTTTTT.TT".Tt....TTtTTTTTTTTT::TTTTTTTTtTtT....TT..TTT.............."::.......,.........T..TTTTT..."...TT....::"................t..TTT.,...TTTTT.....::.......,TTTTTTtTTTT
T.....,."........,.::"RRRRR...RRRRR......T"..."............::.TT".....tTTtT"..T,.T......TTTTTTT....::TTT..TTTTT.....TTT..Tt................::..........."....,T..T..,.....,........::........"...........TT.......TTT......::.......,TTTTtT...TT
T..,"..""""......,.::RRRRRRR.RRRRRRR.....T......,..........::.........tTtT....T".TT.....,tTTTT,....::TT.........,...TTT..tT.....,...."."...::..........,.,....t..T....,.......,....::..T..,..............T........TTT.."...::".......TTT.....TTT
Tt..,,,....,RRRRR.,::RRRRRRR.RRRRRRR.....TT..T......"......::".........TT.......,tTTT......,...."",::T.,........."..TTT..TT......."...,..."::,..,........,..."..,T.................::TTTT..............."T".......TTT..,...::.......TTt....."TtT
T....."...,RRRRRRR.::RRRRRRR.RRRRRRR...T.TTTtt.............::..."...............,TTTTT.",..........::.s......"..,,..,TT..T.........."....,"::,.......,.........."t...............,,::tTTtT..,.........T."tT........TtT.....::........T.......ttT
Tt,.....,..RRRRRRRR::RRRRRR...RRRRR.,.tt.TTT,.,....".......::..........,.,....T..TTTT.......,....ss::s~sssss..........T..t......."....,....::....................T............."".t::TTTTT....s.....TTT..TT........TTT.....::........,........TT
T....."....RRRRRRRR::RRRRR.....,,......T.T....."...........::...TTT...."......T..tt......,T,....s~~::~~~~~~~s"...."...T..T,.".........,."..::....................T...."............::T,."..sss~sss.TTTT.,TT........TTT.."..::.."..............TT
T....,,.RRRRRRRRRRR::RRRR............,.t"..................::.,.TtTT..........T..T.......TTT...s~~~::~~~~~~~~s....,...T..T"................::....................TT......."........::...".s~~~~~~~sTTTT..TTT..,....TTT.....::"."...,,T....,...TT
T......RRRRRRRRRRRR::RRR..............t..............."..,,::...tTtT....."..".T..T,".....TTT....s~~::~~~~~~~sTTT......T..T.................::......".......,..T..TT...."..,........::."..s~~~~~~~~~sTTT..TTT......,........::...,...TtT.......TT
T.....RRRRRRRRRRRRR::RR...............t..T......,.TT......"::....tTT..."..."..T".TT......TT.....,ss::s~sssssTTTTTT...tT..T....."...........::..............".TT..TTT.."....."......::.....s~~~~~~~sTTtT..T..........s......::........TtT......TT
T....RRRRRRRRRRR.,.::,.....":............T"..,...,TT.......::........,.......TT..tTt............,..::.s....TTtTTTTTTTTT..T.................::..,............"Tt..TT,......TTt......::......sss~sss...tT......,.,..ss~ss..,.::....,....T.......TT
Tt.."RRRRRRRRRRR...::...RRRRR.,".,....t.:::::::::::::::::::::::::::::::::::::::::::::::::::::::::::::::::::::::::::::::::::::::::::::::::::::::::::::::::::::::::::::::::::::::::::::::::::::::::::::::::::::::::::::::::::::....."...........TT
Tt.."RRRRRRRRRRR...::::::::::::.........:::::::::::::::::::::::::::::::::::::::::::::::::::::::::::::::::::::::::::::::::::::::::::::::::::::::::::::::::::::::::::::::::::::::::::::::::::::::::::::::::::::::::::::::::::::.....,......"."..TT
T.....RRRRRRRRR."..::::::::::::,.....,.t.T.,..........s~~~~~s.........TT......t..tttt...,,."."......,,.T...........TTtt..T.................."ssss~ssss........T"...."...TTt......."............."...,"t..."......s~~~~~sTTTT....",........."..TT
T.................,....RRRRRRR:,,........T...."......s~~~~~~~s.......TTTT..,..T..TTTT...,........"....tTTT...........tT..TT.......,.........s~~~~~~~~~s.......T......,..TT......................T.....T.........s~~~~~~~sTT......,..."..".....TT
Tt."RRRRR"......RRRRR.,.RRRRRR:RR......T.t............s~~~~~s.......TTTTT.....T.,TTTTT.................TTTT...........T..tTT...............s~~~~~~~~~~~s......T....,....TT.........,.".......".......Tt..t......"s~~~~~s...,...,..........."..TT
T..RRRRRRR...".RRRRRRR.....RRR:RRR.......T............"ss~ss..........TTT.....T..TTTTT...."......."..,",TTtT..........T..TT.,.."......,,....s~~~~~~~~~s.......,..".............,..............."....tTT..T",.,.,.s~~~~~s......................TT
T..RRRRRRR,....RRRRRRR....RRRR:RRR.....T.T..,...,........s...."...............T..TTTT.,.........,......,..,........."."..T......,..........,.ssss~ssss".....,.............."......,...............TTTTt..T."..",.ss~~~ss.......,........,.....TT
T.,RRRRRRR,"...RRRRRRR.".RRRRR:RRR.......t......"................................T......,......,,........"....T.............,...........,......."s....................,.,,,..................."""TTttTT..T........ss~ss.."..."........."....."TT
T...RRRRR.......RRRRR....RRRRk:kRR..,....,.....,....."..."..................."................,..,"..........TTt....................".................,..........T................."...,...."....TTTTTT..TT....."TTTsT..."........."..........TT
T."......,...............RRRRk>kRR,....T.T".TTT.........."......................".".....,...".....,....",.....T...,...T.,...........,........"..."........,...t..T..................".............T...T..TT......tTTTT...,...,TTT"............TT
T..."...........,......"..RRRRR".......T"T.TTTT......TT..".....,...."......"..T..T"...................................T..T.".............,...,......."........T..T..........,...".................T...T..Tt....,.TTttT....."..TTT..........,..TT
Tt...".......,...............,...,.......TTTTTT...TTTTTT.,........."...."....TT..TT....".............."..............TT..TT............,,..........,.."....",TT.........."...,....................TTTTT..TT.,,...TTTT.......,..TT.............TT
T............."..............,.".........TtTTTT..TTTTTTTT..................TTTT..TtT,.......".TTT....."....,........TTT..TTTT................".........TTTTTTTT,............,........"....T......tTTTTT..TTTTT...TtT........,.TTTT...........TTT
T.........t..........................t...tTTTTTTTTttttTTTTttTT....TTTTTt..TTTTT..TTTTT.......TTTTTTTT..TTt...tTTTTtTTTT".TTTTTTTTTTT......".......TTTtTTTtTTTTT."T....,...TTTT..TTtTTtTTTttTTTTTTTTTTTT,.tTTTTTTTTTT.TTT..TTTtTTTTTtTTTTttTTTTTT
TTTTTTTTTTTTTTTTTTTTTTTTTTTTTTTTTTTTTTTTTTTTTTTTTTTTTTTTTTTTTTTTTTTTTTTTTTTTTTTTTTTTTTTTTTTTTTTTTTTTTTTTTTTTTTTTTTTTTTTTTTTTTTTTTTTTTTTTTTTTTTTTTTTTTTTTTTTTTTTTTTTTTTTTTTTTTTTTTTTTTTTTTTTTTTTTTTTTTTTTTTTTTTTTTTTTTTTTTTTTTTTTTTTTTTTTTTTTTTTT
