TTTTTTTTTTTTTTTTTTTTTTTTTTTTTTTTTTTTTTTT
TttttttttttttttttttttttttttttttttttttttT
Tt.,,.......,..........",.,......."...tT
Tt.........."........".,."...........,tT
Tt...,."....___________________.."..,.tT
Tt....."..,.___________________....,..tT
Tt,.........___________________....,,.tT
Tt..........___________________.....,"tT
Tt."....,,..___________________,.....,tT
Tt........,.___________________.......tT
Tt......."..___________________.".....tT
Tt..........___________________......,tT
Tt"...,.....___________________.......tT
============___________________..".,,.tT
============___________________.......tT
Tt.."........,"......,.".......,.....,tT
Tt..,.,.ggggggggggggggggggggggggggg...tT
Tt......ggggggggggggggggggggggggggg...tT
Tt.,...,g_gg_gg_gg_gg_gg_gg_gg_gg_g.."tT
Tt.....,g_gg_gg_gg_gg_gg_gg_gg_gg_g,..tT
Tt".....g_gg_gg_gg_gg_gg_gg_gg_gg_g...tT
Tt.....,g_gg_gg_gg_gg_gg_gg_gg_gg_g...tT
Tt.,."..g_gg_gg_gg_gg_gg_gg_gg_gg_g...tT
Tt....."ggggggggggggggggggggggggggg...tT
Tt......ggggggggggggggggggggggggggg...tT
Tt....,......"...........,.....",.....tT
TttttttttttttttttttttttttttttttttttttttT
TTTTTTTTTTTTTTTTTTTTTTTTTTTTTTTTTTTTTTTT
