TTTTTTTTTTTTTTTTTTTTTTTTTTTTTTTTTTTTTTTTTTTTTTTTTTTTTTTTTTTTTTTTTTTTTTTTTTTTTTTTTTTTTTTTTTTTTTTTTTTTTTTTTTTTTTTTTTTTTTTTTTTTTTTTTTTTTTTTTTTTTTTTTTTTTTTTTTTTTTTTTTTTTTTTTTTTTTTTTTTTTTTTTTTTTTTTTTTTTTTT
TTTT"TTTT......ttT....TTTT..TTTTTTtTTTT...t....t....................................t.........................t..t............t......t.....t...t....t............TTTTTTTTTTTTTTTTTTTTTTTTTTTTTTTTTTTTTTT
TTT....................,...".TTTTTTtTTT......."...........................,,..............."..............."......,.."..T.,..,.,................",.........,.....TTttTTt...,..TTTTTTTTTTTTTTTTTTTTTTTTTT
TTT."..."...T.................TTtTTt.TT............,..."..:::::.................Tt.....,....,...,.____...,,....,............".,......,"........,...............t.TTTTtT..........TtTTtTTT.....TTTTtTTTTT
TT.........TTT....,.........,,..TT....t,...........,,.....:::::.,..,,.,"............."..........."____,".............,......,.,..."...."............."...".......TTtTT".,...."....TTT..T.""....TTtTTTTTT
TT.........TTT........"...............t..t................:::::"..,..."..".,.".T....",.,.,".......____..,........""......t.....,......"............,...,.........T.TTT............TT,..."......TTTTTTTTT
TT....."....TT..........,......,......T...................:::::,....."......".....................____...,,..,.....,.,tt..............,........................t...,..................".........".tTTTTT
TT......,."."............,,.........".T.T..,.............,:::::..,.....".......t...............,..____.,..."....,.."..t.........,........".".......,..............".,...".............................TT
TT.....................,..".."........T.T....,......,...,.:::::"................T.......,......,..____,.....,.,.........T.............,................."".."....t..Tt........"...........T......."....T
T......................."............"T..t..........,..,..:::::...".."...............,,...........____."..............t.t..,..................".......".,..,.....tTTTTT...........".....TTTt.".........T
T...................................,.T....,.."",.".......:::::.....,......".........,....".:,..".____..................T............,......................."...TTTTTTT...."..,"......"tTT............T
T......................."......."....TT..........:.....,.":::::."....":........t.....,....____________________.,...,..........."............."............"......TTTTTTt................TT........"..,TT
TT....."............:"..............tTT.t.,.,.,.:::.,".,........,..,.:::.,..,,..T..,."....____________________......,,.............,.......,.....,...............tTTTttTt...........:,..........."....TT
Tt.....,.....".....:::::::::::::::::::::.........:..,......:::::::::::::::::::::==========____________________===============================.......,......,....:::::::::::::::::::::......TtT......,tTT
TT...,........."...:::::::::::::::::::::......,,...........:::::::::::::::::::::==========____________________===============================..............,...t:::::::::::::::::::::.....TTTTT....TTtTT
Tt.................::.T,.........,....T..t.........."....".::,.......,:............,"..,=,____________________.=...."....."."."..."...."...==.............".,....T.....TTT.........::.."..TtTTTt..TtTTTT
TT...............""::tT..............TT......oooooooooo.,.,::"........:..,....tTT.......=.____________________.=...................,.,.....==............,.......T.....TT..."......::......TTtT..TTttTTT
TTT................::.........TTT...TtT......oooooooooo....::.......,.:........tT..,....=.____________________,=,.................,...,...,==.....,....,,........T....TTT...",.....::............TTT..TT
TtT..".............::..........T..".TTT.t....oooooooooo....::..:......:....."...........=.____________________.=."..........".........,....==...___________.,".T.T....TTT....TT....::......,.....TTTTTTT
TTt..........."....::."..............tT.T....oooooooooo....::.........:......"..T.......=.____________________.=.."."........,..."....,,:..==...___________.,".T.T..,.TTT..".TTT.,.::............TTTTTTT
TT.,.....,.........::.................T.T..".oooooooooo....::.........:,........T......,=.____________________.=...............",,"......,.==.,.___________.,....T"...TTT."..tTT...::............TTTTTTT
TT...........,.....::..,........."....T......oooooooooo....::.........:,...,..........."=."........==.,........=.".....t............"......=="."___________....T.T........,...TT...::TT.........TTTTTTTT
TT....,..........TT::....,..............t....oooooooooo."..::.,.....,.:.,.".....t..,....=..........=="..."...".=.....,...."........,.".....==...___________.,"...T............."...::TTT.......TTT..TTtT
TT."............TTT::........"........T......oooooooooo...,::,....,,..:.....,,.t....,..===.......".==...."....===......Tt........"....."...==....................t..,.,..".........::TTT.......TtT...TTT
TT,............TTTT::...........,.....T..................."::......,.:::....,".t..,""...,..........==..."...,.....,"...TT....,....,."......==",.........,,,......TT.TTT.....,......::tTT......tTTTt."TTT
TTt..,..."...TTTTTt::...."...........,T......."....,...,...::..,,.........,"..tT..........."....,..==."....",.."...........,....,..........==.............,......tTTTTt."....".....::tTT....,TTTTTTTTTTT
TTtTTTTTTTTTTTTTTTT::TTTTtTTTTTTTT...TT...t.t........t.....::.......t.t.tt...t.TT.tt...............==..................T..t................==...........t........TtTTTTT.......TTTT::TTTt...TTTtTTTTTTTT
T............,.....::............"..,.."...tT..TT.....tt..t::t.TT..TTt.....T.Tt.t.....Tt..T...T...T==.TTtT.T.....TT.tt............T.TtT....==.........T.t.....tT..."...............::..........."......T
T.........,..."....::........"...............tT............ggT..t...T..T.T.t........T...TTT..tT.T.T==.TtT............t..t........t..t..TT.T==.tt.T..T.t.........TT.....T.......t..t..t.T.....tT..T..T..T
TTTtT...TTTTTTTTTTT::TTTTTTTTTTTTTTTTTT.t........t.........gg..t.............t.....t........t......==.....t.......t.....T.......t...t......==t.....t.......t...TT..t.t.........t.......................T
TTTT.....TTTTTTTTTT::TTT..TtT......TTtT.Tt.................gg.....,................................==............"."..t.T............."....==..,.....,"......,..t.,..,......"..................,.......T
TTT......ttTTTTTT..::TT...".........."T.....,..."........ggggggg........"............,.........."..==........"....,..............".........==...."...,..,....,.t......"......."..",..."...,........"...T
TT........TTT......::TT,.."..,.......TT.....fffffffff....ggggggg,.....,.".........,................==..."...,...........t............,.....==.......................,.......___________________"....,..T
TT................"::tTTs....,.....TTTT,t...f_______f....gg,,,gg.........,............,__________________________"..."..........xxxxxxxxx..==...xxxxxxxxx.."..t.............___________________.,......T
TT.................::sss~sss.,....tTTTT.....f_______f...,gg,,,gg...,.,............."..,_t______________________t_.......T.......xxxxxxxxx..==.,.xxxxxxxxx....,........,.....___________________.....,..T
TTT..........,.....::s~~~~~ss..."TTTt...T...f_______f....ggggggg.".."......,,..........__________________________......tt...,...xxxxxxxxx".==...xxxxxxxxx.........."........___________________....,..tT
TTT.............,.,::~~~~~~~s...TTTTT,T.....f_______f....ggggggg.....,.........tT...,".__________________________...........,.,.xxxxxxxxx,.==.,.xxxxxxxxx......T..,"........___________________........T
TTT................::~~~~~~~~s..TTTTTTT.....f_______ggggggggg....................t.....__________________________......T...."...xxxxxxxxx..==...xxxxxxxxx..,,".T............___________________,,....,.T
TTT........".......::~~~~~~~s...TTTTTTT.....f_______ggggggggg,"..............,.T......,__________________________".....tT....,......"..,...==.,..."............T....,.......___________________......".T
TtTTTT....,......."::s~~~~~ss...TTTTTTT.........,.,....,.ggggggg............,...T.."...__________________________"...,.....,,..."........".===.......",......,..T...........___________________..,.....T
TTTTTT.............::sss~sss...."TTTTTT.T.......,......."ggggggg...:..,"...............___________FFFF___________..:..........,".."........===..........,...,..TTt.,.,..:...___________________........T
TTTT...."..........:::::::::::::::::::::...".."........."gg,,,gggggggggggggggggg=======___________FFFF___________===========================================================___________________........T
TTT..,...".....:...:::::::::::::::::::::T............,.."gg,,,gggggggggggggggggg=======___________FFFF___________===========================================================___________________.,....".T
TT...........TTT...::.TtT......"....TTT...".......,..."..ggggggg".........."...t....",=___________FFFF___________.=,.,............."...."..,,..,,..,...,.....,t.T...,,....,.."...".......",......,....tT
TTT..........TTt...::TTTTT.."........TT.........,...."..,ggggggg."....".,."....T......=__________________________.=....T..,....".....,...,................,.."t.T."..,..ggggggggggggggggggggggggggg"...T
TTTT..."......TT...::TTTTTT...."....TTT.........,.........,gg,"......,.......".t....,.=__________________________.=........,================================...T........ggggggggggggggggggggggggggg.,..T
TTTTT.........TT...::.TTTT........TtTTT..."....,",.........gg.........,...."...t.....,=__________________________.=.....t.."================================.,...t..".."g_gg_gg_gg_gg_gg_gg_gg_gg_g....T
TTTTT.......,,TTT..::..........".tTTtTT......."..........".gg...........".......Tt....=....______________________.=,".....",.........".........,......,."....,.t........g_gg_gg_gg_gg_gg_gg_gg_gg_g""..T
TTtTt.....,...tTT.,::....,..,....TTTTTT........".........ggggggg............,,..T.....=....>_____________________.="...T................."......"...,",,."".............g_gg_gg_gg_gg_gg_gg_gg_gg_g....T
TTTTT..,...........::........"....TTTTT......"...........ggggggg.........".....t......=.t..____________________t_.=.,........,...,.......,"...,.............."........,.g_gg_gg_gg_gg_gg_gg_gg_gg_g....T
TTTTT..............::..,..".......TTTTT.........,,.......gg,,,gg"........."...........=....______________________.=........."....,............"............,....T....,..g_gg_gg_gg_gg_gg_gg_gg_gg_g....T
TTTTTTTT...........::.....".......TTTTT.....,..,.....,...gg,,,gg...........,..........=.......,....==.....,.....,===.......""....."...,..,..:..."".."........".....".,..ggggggggggggggggggggggggggg."..T
TTTTTTTTT".........::.........TTTTTTTTT....,.........."..ggggggg.".....,......t......===........,..==............===...T..............,.....,..........,....,..t.....,..ggggggggggggggggggggggggggg....T
TTTTTTTTTT.....,...::TTTT...TTTTTTtttTT"t.........,.....,ggggggg...,..,.....,...T................,.==....",........,...t.................................,..,..T...............,........".......,".....T
TTTTtTTTtTTtTtTT..T::TTTTTTTTTTTTtTTTTt.........t..t.......gg...t......t..t....T...................==............t....tTtt...t........t...t.........t.....t.t..t..t............t.t.t.t............t....T
T....,.........."..::..,....".."...............T....T...T..gg....tT..t...TT..TTTT...t..t.t.T....T.T==.........tt.T..TT.T..TTTTTT.T.t....T...t....T..t.T..............T...tTT...T......t..t.t...T.....t.T
TT....T.t.tt.......T......t...TtT.T..T..TTT.t....TT..Tt....::...tT........TTt...t.T.t...T.....T....gg........T........t..T....t.T...T....T....T.T.TT.t..T.T.TT..".........,."....".::................."T
T.......t.....j~~~~j.............t......t.....t....t.......::...t...t....t......T..................gg........t..........................t........................TTtTTTTTTTTTTTT..T::TtTT..TT...TTTTTTTT
T."..T.."T...Tj~~~~s"T...T"..T...,t.tT.......,"............::.."..,"....".."....T..,.,..,..........gg.....,,.........,tT......."...,.........".......,......,....TTTTTTTTT........"::.tT..............TT
Tt,,,,,,,..,..s~~~~s.,.T...,..,T...T...t...................::.....................,.......,........gg.................t.....,....".,.,......,..............,.....TT,...."..........::....,..........,..T
T.t.,,,,,".,.Tj~~~~s.,..tT,,,,,..T...,..T...,..............::......,..,......".t.t.,.....,...,..,..gg...".....,....,..........ggggggggggggggggggggggggggggg...t..T"................::....".............T
T..,,,,,,t.T.tj~~~~j...".",,,,,T,..T............."........"::...."."..,....,...T..........,........gg..................t......ggggggggggggggggggggggggggggg..,...T....,.........TTt::.................TT
T.t.,,,,,T.."Ts~~~~s.Tt..T,...,..T.ttT..t..........,..,....::.............,",...............,......gg.,"...,..................ggggggggggggggggggggggggggggg......T."............TTt::.................tT
T..T,,,,,..T..j~~~~s..."..,...,Tt.."...t......,...."..."..,::..",........,...........,...,.......,,gg...,..............tT.....ggggggggggggggggggggggggggggg....T..,.........,".,.TT::".......,......,.TT
T..t.Tt..T..,Tj~~~~stTt,.T,,:,,..T...T..t.::::::::::::::::::::::::::::::::::::........",.....,.....gg..............."..tT..,..ggggggggggggggggggggggggggggg....t...................::...........,.,...,T
T..T...,...T,.s~~~~j...T.t.T...T..tT..ttT.::::::::::::::::::::::::::::::::::::....,.....,..........gg......,..."............".ggggggggggggggggggggggggggggg.....................,..::..,..,,.......,...T
T....".ttT...Tj~~~~s.T..tT...T...T...T........,............::......,.....,......T........,.........gg.............,,...T.....,ggggggggggggggggggggggggggggg......",..........."....::..........."..,...T
T.tT...T,..T..j~~~~s...,...T...T.,.T....T.."...,..........,::.............,....T.t...,,,,....,..,""gg...........".............ggggggggggggggggggggggggggggg..............,...."....::................,.T
T.t.tT...T...,s~~~~s.T.".T...T.,.T.."T.t........"..........::...,...."......,..T.....,...,.....".."gg..":..,,,,............:..ggggggggggggggggggggggggggggg."..T.".......,...".....::T................TT
T.::::::::::::bbbbbb::::::::::::::::::::::::::::::::::::::::::::::::::::::::::::ggggggggggggggggggggggggggggggggggggggggggggggggggggggggggggggggggggggggggg.....:::::::::::::::::::::T...:"...........tT
T.::::::::::::bbbbbb::::::::::::::::::::::::::::::::::::::::::::::::::::::::::::ggggggggggggggggggggggggggggggggggggggggggggggggggggggggggggggggggggggggggg.,...:::::::::::::::::::::.....s...........TT
Tt.T.."T,".T..s~~~~s..."...Tt."T...,t..........,"....".........."..............T..."....,"........"gg...."...,,...."...t......ggggggggggggggggggggggggggggg....T...................::..sss~sss......",TT
T....T...T...,j~~~~s.T.".T,..T..,"...T..t..........,.,..............,..........TT.,..........".....gg..,"...........,...T..,..ggggggggggggggggggggggggggggg....t................"..::.s~~~~~~~s.,.....TT
T..T...,...T..j~~~~j.".T,..T...T.t.T...T.t....,"............."....,..",,...,...T...................gg...........,,..,.tT......ggggggggggggggggggggggggggggg...t..T...TTT...........::s~~~~~~~~~s...,...T
T....T,,,,,..Ts~~~~s.T"..T..."...T,..T.TT..,..................."........"..........".".,,."....."..gg,..,..,..........t.T.,...ggggggggggggggggggggggggggggg...t..T...TT...........,::s~~~~~~~~~s..."...T
T..T..,,,,,T,,j~~~~s.ttT.t.T".,,,,,T.....t::::::::::::::::::::::::::::::::::::.....ssssssssssssssssggssssssssssssssss"...t""..ggggggggggggggggggggggggggggg....T.T.................::~~~~~~~~~~~s......T
T..."T,,,,,..Tj~~~~s.T.".,...T,,,,,..T.T..::::::::::::::::::::::::::::::::::::...~~~~~~~~~~~~~~~~~~bb~~~~~~~~~~~~~~~~~~t......ggggggggggggggggggggggggggggg..........".............::s~~~~~~~~~s.......T
Tt.T..,,,,,T.ts~~~~j",.T.."T.,,,,,,"."....."............"........,...........,t..~~~~~~~~~~~~~~~~~~bb~~~~~~~~~~~~~~~~~~.......ggggggggggggggggggggggggggggg....T......"............::s~~~~~~~~~s.......T
T..,.T,,,,,t.Tj~~~~s.T...T.t.T,,,,,..T.....ooo...ooo.,.ooo,..ooo...ooo,",ooo....T..ssssssssssssssssggssssssssssssssss".t......ggggggggggggggggggggggggggggg............,.....".....::.s~~~~~~~s........T
T.,"..tT"..T..j~~~~s...T.t."..,,,,,T....t..ooo...ooo...ooo.".ooo.,.ooo..,ooo..t.T..,..............,gg....,....,...,...t.t....,.,""...........".............."....T.............T...::..sss~ssst...,...,T
T..".Tt..T",.Ts~~~~s.T...T".tT..,T,..Tt....ooo...ooo"."ooo,..ooo...ooo...ooo...T................"..gg".................T.........".............,."......,........T........."...tTTT::T....s.TtT.....".TT
Tt.T".tT,..T.tj~~~~j"..T,..T...T..tT"t.T..::::::::::::::::::::::::::::::::::::.Ttt.."..............gg...."........,."....t..................."..........,..,...T.TT...".....".TTTTt::Ttt...TTTT......TtT
T......t....t.j~~~~s........t...........T..........t............t..............T........t..........gg............t.t..............t..............t...............TTTTTTtTTTTTtTtTTT::TTTTTTTTTtT,.TTTTTT
T.....T.tt.t....tt.....t..t.....T.T..t...T....t.........TTT..T...t..tt.t...........TTT...t.T...T...ggT...T.....tTTtT..T.ttT.TT.ttt......t...T.....Ttt.......t..T...".".............::."."........."..."T
T",................::............,................"........::..".....,............T...T......Tt..TT==......t..T.T.T......T..T.....t.....T.T..t.tt.T..................,"."..........::............,.....T
TTTTT...TTTTtTTT...::...TTTTTTTTTTTT..T""TTTTTtTTTTTTTTTTt.::TTTTTTTtTTT....TTT...t.........tt.t...==.........t.t.......T.................................t......TTTTT..".TTTTTTTTT::TTTTt."..TTTttTTtTT
TTt.......TTT......::....."...TTTT.......TTTTTTTTTTTTTT....::.TTTTTtTTT....."TT.t...........".....,==....,.,.,...,......T......,.,..........,........."..,.,,....TTT.......TTT....T::.TTT.....,......TTT
TT........tT.......::............".......tTtTTT.,..........::..TTT..TT........T..........,.........==....,..........."..........."...............,..""...........Tt.........T....,"::...,..........,..TT
TT...."....tT.."...::,...."..............TTTTT.............::..tTT......,TT...T....,..,.".."_________________..............."....,_______________________......T.TT..,.............::..,............,,TT
TT.........TTTt....::"...............,...TtTT....,.....tT..::.TtTT.,,...TTTT..T.T..".,......_________________..,..".,,.t.........._______________________...,....T.................::"..."...TTT......TT
TT...,..."...TTT...::........"...........TTT..........TtTT.::.TTTT......TtTT..T......,......_________________....."...tT.."......._______________________,".,,...........,....,...,::,......TtTT..."."TT
TTT.........."T....::.,..,......,.....T..Ttt.,........TtT..::.TTT........TTT,.t............._________________.".............."...._______________________......t....,..............::.......TTtt,.....tT
TTTtT..............::................TT..TTT.,".......TT...::........,...TtT..T........,.,."_________________....,,.,..TT........._______________________."....T."."..,"...........::.................TT
TtTTT",..."........::...............,TT.,TTT......,....,...::......,............t.....,..".._________________...".......T..,......_______________________......T.T....,...."..."...::,................TT
TtTT...............::..........".....tT..TT................::.......................,...,..._________________...............,....._______________________........T..,..............::......T..........TT
TTT........".,,"...::.."...,..........t.,TT....,...,....,..::.....................,........._________________..........T.........._______________________........T"........TT......::......T.......TTTTT
TT"................::.,.........."....T..t..........TT....,::.,.:............,,.....,......,_________________.......,..T.......:.._______________________........T...."..TTTT....".::........,...,.TTTTT
TT.....,...........:::::::::::::::::::::::::::::::::::::::::::::::::::::::::::::...,.."..:.......,.===============================_______________________......t:::::::::::::::::::::......".......ttTTT
T..................:::::::::::::::::::::::::::::::::::::::::::::::::::::::::::::....".....,.....,.,===============================_______________________......T:::::::::::::::::::::.".............TTTT
T..,............:..::.................t..................".::.............TTTTT...............".",.==..,"..............t.t........_______________________......T.T"..TTTTTt...TTT.,::TT......,.......TTT
TT."......,........::....TTT...............................::.......,..".."tTTT.t........."...,..."==...,..............T.......".._______________________........T..tTTTTtT..TTTt..::TT".............TTT
TTT............,...::"...TTTt.....,..................,.....::.........,.....TTT......._____________________________.....T........._______________________........T..TTTtTtTtTTTT.."::T..,....",......tTT
TTT.............,..::...,tTTT...............,........".....::T...............TT......._____________________________....Tt.......,._______________________........T..TTtT..TTTTT....::..,....TT.......TTT
TT....T..".........::.....TT".....".."..........,.....TTT..::TTT....,....",...T......._____________________________..............._______________________.,...t..T..TTT....TTT.....::".....TtTTt."...TTT
TT....T............::.........,...."..T...........,.,.TTt,.::TtTtT............T......"_____________________________.....Tt........_______________________..,..t.....TTT....TTt...,.::......TTTtTt""...TT
TT..............,..::...............".T....."..."....,tTt..::...TTT...........T......._____________________________....T.......,.._______________________......t."..TTT.....TTTtTT.::...,..TTTTTTt,...tT
TTT.,,....,......".::.,....,..........T...."..,.".....TTT..::....T...........",......._____________________________....Tt.."....,._______________________.........,.TT.."....TTTtTT::......,TT..TT....TT
TTTt............TT.::...,,............T..............TTT...::.............,,"...t....._____________________________.,..t............,...,."...........,.................,....TTTTT.::"........,..T...TTT
TTT..,..,.......TTt::........"......".T..t.."........TTT...::........."..........."......,"....,..,==.,......"".......t.....",..,.........,..........,........t..T..........,TTTT..::............Tt..TTT
TTT............tTTt::.......TTT.......T..TTtTT......TTTT...::T................T.......".".,......."==..."....,..,..,.,.T......,........,.........,"........,..tT.TT.......TTTTTtT..::.......,...TTT..tTT
TTT......,TTTTTTtTT::TttTTTTTTtTTTTTTTT..TTTTTTTTTTttTTTT.T::TTTTTTTTtTTTTTTTtT....t..t..........t.==t........t...t......................t.......t..t.tt.......T.TTT..".tTTTtTTTTt.::TTTT....,TTTTTTTTTT
T..................::..."................................".::...................T..TT...TTTt.TT.TTT==........T........tT.tt.......t...T..T....T.Tt.......T....Tt............,......::."...,.......,....T
T..".".............::................,.....................::...."............".T....Tt...t.ttT.tt.::.....TTT....T..T......................::...".....,...........",...............::.....,............T
TTT......".....TTTT::TT...TTTTTTTTT..TT..Tt..TTTTTTTTTT..,.::TT....TttTTTT....T.t.....t...........t::.....t..t.t..t..t...tTTTT".....TTTTTTT::TTTTTTTTtTTTtTTTtt..TTTTT..TTTTTTTTTtT::tTT.".."...TTTTTTTT
TT."..."..."...TTTT::......TtTTT......T..T."......"TTT.....::..,.....",....,..................,"...::.,....,...,.........tT......."..,,..TT::TTT....TTTt"....TT..TT".....TTTTT".TTt::...,........TT...TT
TT.,...........TTt.::."....TTTT......."..T.................::.......".................,."........,.::"RRRRR...RRRRR......T................t::TT......TT......,T..T........TTTT...TT::..................T
Tt"."..TTT....,tT..::.".....TT.........,.T...............,.::......................,"..""""......,.::RRRRRRR.RRRRRRR.....T.................::T".....TTT......,...T......".TTTT...TT::........,......,..T
TT.....TTT.........::.................T..T....."..,........::....................t..,,,....,RRRRR.,::RRRRRRR.RRRRRRR.....T...."............::......TtTT..."......T.........tT....tT::....T.......,.....T
TT,...".,........."::..".........."...T".T.......T.,.......::........................."...,RRRRRRR.::RRRRRRR.RRRRRRR...T...",.."..,........::.,...TTTTT......................"....T::...........".....TT
TT.................::...............,.t..T.......T...TT....::....................t,.....,..RRRRRRRR::RRRRRR...RRRRR.,.tt,T.TT..........TT..::....TTTTT.,...,."......"..............::.................TT
TT...........TtTT..::.....s........................,TTTTT..::..TT....................."....RRRRRRRR::RRRRR.....,,......T.TTTT...T......TTT.::....TTTt"...........T".....,."........::.........,.......TT
T.........,...tTTT.::...ss~ss.....,.................TTTTTT.::..TT..,...".,......t....,,.RRRRRRRRRRR::RRRR............,.t.TTtT..TTT.....TTTt::.....TT..,",........T.............,...::s............,....T
T.....".......TTTT.::..ss~~~ss........T..T......"..TTTTTTT.::..........................RRRRRRRRRRRR::RRR..............t..TTT...TTT..,..TTTT::...........,.....t.....,...,"....,....::~ss...............T
T......,.....".TT..::..s~~~~~s......,.T..T.."....."TtTtTT..::......"......,,....t.....RRRRRRRRRRRRR::RR...............t..t......T.......tt.::................"T...............".."s::~~~s..............T
TT.................::..s~~~~~sT.......T..T........".TtT....::....."..................RRRRRRRRRRR.,.::,.....":............T.................::,........TT...",.T.,T................s::~~~s.............TT
TTT....,.."........:::::::::::::::::::::::::::::::::::::::::::::::::::::::::::::Tt.."RRRRRRRRRRR...::...RRRRR.,".,....t.:::::::::::::::::::::::::::::::::::::::::::::::::::::::::::::~~~~s............TT
TTT...".........".":::::::::::::::::::::::::::::::::::::::::::::::::::::::::::::.t.."RRRRRRRRRRR...::::::::::::.........:::::::::::::::::::::::::::::::::::::::::::::::::::::::::::::~~~s.............TT
TTt..."............"...s~~~~~s....,..,T......."......."...............,...............RRRRRRRRR."..::::::::::::,.....,.t.T....."..........s..........TtTT.....T........,........".s~~~~~s......"......TT
TTT....................ss~~~ss..".....T,........".......,..,....,"............,...................,....RRRRRRR:,,........T.............sss~sss.Tt....TTTT.....T.....,....",........ss~ss..............TT
Ttt...................."ss~ss.,...T..............................,...............t."RRRRR"......RRRRR.,.RRRRRR:RR......T.t...,........ss~~~~~ss.......tTT.....T.."...................s....,..,.,."....tT
TTTT..TT..................s......TTT.....t................".....................T..RRRRRRR...".RRRRRRR.....RRR:RRR.......T".........TTs~~~~~~~s...".........."T................................".......T
TtT.TTT........."...........,..,.TtT.....T...................T......",,...,.....T..RRRRRRR,....RRRRRRR....RRRR:RRR.....T.T...,..,..TTTs~~~~~~~s....."....,....T................................TT......T
TT."..."........................TTT...T..t.......,..,.,...."TTT........,.....",.T.,RRRRRRR,"...RRRRRRR.".RRRRR:RRR.......t..........ts~~~~~~~~~s,.............T....................,..........TTTT."...T
T.....,........,.......,........TTT,..t..T................,..T...."....,............RRRRR.......RRRRR....RRRRk:kRR..,....T..".........s~~~~~~~s..."...........T.....................,...."....TTTT...".T
T...,.................".........,.....T..T......"........................"......t."......,...............RRRRk>kRR,....T,T........."..s~~~~~~~s...............T......"...........,...,..........T".....T
T..............."....."...TT".........T..T.........................................."...........,......"..RRRRR".......T,T".,,.....,..ss~~~~~ss.........TT....T............"...........................T
T......................".TTTt..."......"...,................................,...Tt...".......,...............,...,.......T....,...."...sss~sss......,..TtTt...T..T.....,.,...."..........."..........",T
T........TTT............TTTTTT........T..T......................,........TT...T..............."..............,.".........T,..".......TTT..s...........tTTTT...T..TTTt..,...,.tTT.."...................TT
TT......TTTTTTTT....."TtTTTTTTT..TTTTTT..TTTTT..TTTTTTTTTttTTTT...TT...,TTTTtTT...........t..........................t...TT.........TTtTT,.TTtTTTT...TTTTTTT.TT."TTTTT....TTtTtTTTTTTTTT..TTTTTTTT,..TTT
TTTTTTTTTTTTTTTTTTTTTTTTTTTTTTTTTTTTTTTTTTTTTTTTTTTTTTTTTTTTTTTTTTTTTTTTTTTTTTTTTTTTTTTTTTTTTTTTTTTTTTTTTTTTTTTTTTTTTTTTTTTTTTTTTTTTTTTTTTTTTTTTTTTTTTTTTTTTTTTTTTTTTTTTTTTTTTTTTTTTTTTTTTTTTTTTTTTTTTTT
