TTTTTTTTTTTTTTTTTTTTTTTTTTTTTTTTTTTTTTTT
TttttttttttttttttttttttttttttttttttttttT
Tt..,......"..,,....,.......,.",......tT
Tt................"...,...........,..,tT
Tt....................,.........,.....tT
Tt"........,...,.".............,..,,..tT
Tt.....,...,..........,.",........,...tT
Tt...,".......,...",....,........."...tT
Tt.....,...........,...".....",.",....tT
Tt"......,...."...,...."..".....".....tT
Tt..........."....,........,....,.....tT
Tt...,.,..................,....."....,tT
Tt.......,..,....,....,......,......."tT
=====================.."."..",........tT
=====================.................tT
Tt..,.....,........==..........",.....tT
Tt.................==.....,,....,"....tT
Tt............"...,==,.........,......tT
Tt...........".."..==..,___________...tT
Tt....,........."..==.,.___________.".tT
Tt."........"""....==...___________...tT
Tt.....,..,.,......==,..___________...tT
Tt......"........,.==...___________...tT
Tt...."...........,==."...,...........tT
Tt."..,.,..........==..,......."......tT
Tt...........,...".==,.....,,"........tT
Ttttttttttttttttttt==ttttttttttttttttttT
TTTTTTTTTTTTTTTTTTT==TTTTTTTTTTTTTTTTTTT
