KKKKKKKKKKKKKKKKKKKKKKKKKKKKKKKKKKKKKKKKKKKKKKKKKKKKKKKKKKKKKKKK
KKKKKKKKKKSSSSSSKKKKKKKKKKKKKKKKKKKKKKKKKKKKKKKKKKKKKKKKKKKKKKKK
KKxxxxxxxSKSKSKKKKKKKKKKKKKKKKKKKKKKKKKKKKKKKKKKKKKKKKKKKKKKKKKK
KKxxxxxxxKKKKKKKKKKKKKKOOKKKKKKKKKKKKKKKxxxxxxxxxxxxxKKKKKKKKKKK
KKxxxxxxxKKKKKKKKKKKKKOOKKKKKKKKKKKKKKKKxxxxxxxxxxxxxKKKKKKKKKKK
KKxxxxxxxxxxxxxxxxxxxxxxxxxxxxxxxxxxxxxxxxxxxxxxxxxxxKKKKKKKKKKK
KKxxxxxxxxxxxxxxxxxxxxxxxxxxxxxxxxxxxxxxxxxxxxxxxxxxxKKSKKKKKKKK
KKxxxxxxxKxKKKKKKKKOKKKKKKxxKKKKKKKKKKKKxxxxxxxxxxxxxKKKSKKKKKKK
KKxxxxxxxKxKKKKKKKOKxxxxxxxxxxxxxxxKKKKKxxxxxxxxxxxxxKKSSSSKKOKK
KKKKKKKKKKxKKKKKOOOOxxxxxxxxxxxxxxxKKKKKxxxxxxxxxxxxxKKSKKKKOOKK
KKKKKKKKKKxKOKOKOOKOxxxxxxxxxxxxxxxKKKKKxxxxxxxxxxxxxKKKKKKKOOKK
KKKKKKKKKKxKKOKOKKKKxxxxxxxxxxxxxxxKKKKKxxxxxxxxxxxxxKKKKKKKOOKK
KKKKKKKKKKxKKKKKKKOKxxxxxxxxxxxxxxxKxxxKKOOOOKKKKKKKKKKKKKKOKKKK
KKKKKKKKKKxKKKKKKKOOxxxxxxxxxxxxxxxKxxxKKOKOOOKKKKKKKKKKKKOKKKKK
KKKKKKKKKKxKKOKKKKKOxxxxxxxxxxxxxxxKxxxKKKOOOKKKOOKKKKKKKKOKKKKK
KKKKKKKKKKxKOKKKKKKOxxxxxxxxxxxxxxxKxxxKKKOOOKKKOKOOOKKKKKKKKKKK
KKKKKKKKKKxOOOKKKKKOxxxxxxxxxxxxxxxKxxxKKOOKKKKKKOKKOKKKKKKKKKKK
KKKKKKKKKKxKOKKKKKKKxxxxxxxxxxxxxxxKxxxKOOOKKKKKKKKKKKKKKKKKKKKK
KKKKAKKKKKxKKKKKKKKOxxxxxxxxxxxxxxxKxxxKKOOOKKKKKKKKKKKKKKKKKKKK
KKKAKAAKKKxKKKKKKKOKKKKKKKKKKKKKKKKKxxxKKKOOOOKKKKKKKKKKKKKKKKKK
KKKKKKAKKKxKKKKKKKKKKKKKKKKKKKKKKKKKxxxOKKKOOKKKKKKKKKKKKKKKKKKK
KKKKKKKKKKxKKKKKKKKKKKKKKKSSKSKKKKKKxxxKOOOKAAKKKKKKKKKKKKKKKKKK
KKKKKKKKKSxSKKKKKKKKKKKKKSSSSSKKKKOKxkkkkkkkkkAKKKKKKKKKKKKKKKKK
KKKKKKKkkkxSSKKKKKKKKKKKKKOSKKKKKKKOOOOOKOKOKkkkKKKKKKKKKKKKKKKK
KKKKKKkkkkxSKKKKKKKKKKKKKKOOKKKKKKKKOKKKOKKKkkkkKKKKKKKKKKKKKKKK
KKKKKkkkkkKKSSKKKkkKKKKKKOOKKKKKKKKKKKKKKKKKkkkkKKKKKkkKKKKKKKKK
KKKKKkkkkKKKKKKKkkkkSSKKKKKSKKKKKKKKKKKKKKKkkkkKKKKKKkkkKKKKKKKK
KKKKKKKKKKKKKKKkkkkkkSSKKSSSKKKKKKKKKKKKKKKkkkKKKKKKKKkkkKKKKKKK
KKKKKKOKKKKKKKKKkkkkkSKKKSSSKKKKKKKKKKKKKKKkkkKKKKKKKKkkkkKKKKKK
KKKKOKOOKKKKKKOOOkkkkKKKKKKKKKKKKKKKKOOKKKKkkkKKKKKKKkkkkkkKKKKK
KKKKOOOOkkkKKKOOKOkkkKKKKKKKKKKKKKKKKOKOKKKkkkkKKKkkkkkkkkkkKKKK
KKKKKKKkkkkkKKOOOKkkKKKKKKKKKKKKKKKKKKKKOKKkkkkkkKKKKkkkkkKkKKKK
KKKKKKKKkkkkkOKKKkkkOOOKKKKKKKKKKKOKKKKOKOKKkkkkkkKKKkkkkKKkKKKK
KKKKKKKKkkkkkkKKkkkkkOKKKKKKKKKKKOOKKKKKKKKKKkkkkkKKKKkkKKkkkKKK
KKKKKKKKkkkkkkkkkkkkkKOKKKKKKKKKKOOOKKKKKKKKKKkkkKKKKKKKKKkkkKKK
KKKKKKKKkkkkkkkkkkkkKKKOKKKKKKKKKOOOOKKKKKKKKKOOKKKKKKKKKKk>kKKK
KKKKKKKKKkkkkkOOKKKKKOOKKKKKKKKKOOOOKKKKKKKKKKKOKKKKKKKKKKkkkKKK
KKKKKKKKKKKKKKOOKKKKKKKKKKKKKKKKOOOOKKKKKKKKKKKKKKKKKKKKKKKKKKKK
KKKKKKKKKKKKKKKKKKKKKKKKKKKKKKKKKOOOKKKKKKKKKKKKKKKKKKKKKKKKKKKK
KKKKKKKKKKKKKKKKKKKKKKKKKKKKKKKKKKKKKKKKKKKKKKKKKKKKKKKKKKKKKKKK
