TTTTTTTTTTTTTTTTTTTTTTTTTTTTTTTTTTTTTTTT
TttttttttttttttttttttttttttttttttttttttT
Tt.........,................."..,.....tT
Tt."...,.,....."..:::::,....."..,.....tT
Tt.,,.,...,...,...:::::.,,,"..,,.,....tT
Tt,..,"...........:::::,...,."..".....tT
Tt...,.,..........:::::.........,.,"..tT
Tt..........,.,.,.:::::...."...".,..."tT
Tt...,........."..:::::...........,.,.tT
Tt.....,".,.....".:::::...............tT
Tt."",,..,"......":::::.....,,....,...tT
Tt...,...:...."...:::::....,..:.......tT
Tt..",..:::..."..............:::......tT
Tt...,.,.:.........:::::::::::::::::::::
Tt...,...,........,:::::::::::::::::::::
Tt.................::,........:,.,....tT
Tt,..oooooooooo....::.,...,.".:....,..tT
Tt,..oooooooooo....::..,.....,:.......tT
Tt...oooooooooo"...::....."...:.....,.tT
Tt.."oooooooooo....::.........:.,.....tT
Tt...oooooooooo..,.::,....",..:.......tT
Tt...oooooooooo...,::.....,...:..,...,tT
Tt..,oooooooooo,...::....",",.:".".,.,tT
Tt,."oooooooooo..".::......"..:.....,,tT
Tt........."..".,,,::.......":::,....,tT
Tt...,..,........."::................,tT
Ttttttttttttttttttt::ttttttttttttttttttT
TTTTTTTTTTTTTTTTTTT::TTTTTTTTTTTTTTTTTTT
