KKKKKKKKKKKKKKKKKKKKKKKKKKKKKKKKKKKKKKKKKKKKKKKKKKKKKKKKKKKKKKKK
KKKKKSSSKKKKKKKKKKKKKKKKKKKKKKKKKKKKKKKKKKKKKKSSSSKKKKKKSKKKKKKK
KKnnnnnnKKKKKKKKKKKKKKKKKKSSSKKKKKKKKKKKKKKKKKSSKSSKSKKSSSKKKKKK
KKn<nnnnKKKKKKKKKKKKKKSSKSKSKSkkkKKKKKKKKKKKKKKKSSKSSKKKSSKKKKKK
KSnnnnnnKKKKKKKKKKKKSSSKSSSKKkkkkkSSKKKKKKKKKKKKKkkSKSSKSSSKKKKK
KKnnnnnnKKKKKKKKKKKKSSSSSKSKkkkkkkSSSKKKKKKKKKKKkkkkSKKSKKSGKKKK
KKnnnnnnnnnnnnnnnnnnnnnnnnnnnnnnnnnnnnnnnKkkkKKkkkkkkSKKKKKGKKKK
KKnnnnnnKKKKKKKKKKKKKSSSKSKKkkkkkSSKSSSKnKkkkkkkkkkkkkKKKKGGGKKK
KKSSSKKKKKnnnnnnnnnKKKKKKKKKKkkkkSKSSSKKnKKKkkkkkkkkkkKKKKKKKKKK
KSSKSKKKKKnnnnnnnnnKKKKKKKKKKkkkkKKSSSKKnKKKKkkkkkkkkSSSKKKKKKKK
KKSSKSKKKKnnnnnnnnnKKKKKKKKKKkkkKGSKSSSKnKKKKKkkkkkkSKSSKKKKKKKK
KSKKSSKKKKnnnnnnnnnKKKKKKKKKKkkkKGSSSSKSnSSKKKkkkkkKKSSKKKKKKKKK
KSKKKSKKKKnnnnnnnnnKKKKKSKKKkkkKKKSSSKSSnSSSKkkkkKGKSSKKKSKSKKKK
KKKKKKKKKKKKKKKKKKKKKKKSKSKSKkKKKSSSKSSSnKKKkkkKGGKKSSKKKKSSSKKK
KKKKKKKKKKKKKKKKKKKKKKKKKKSSKKKKSSKKKKKSnKKKKkKGKKKSSSSKKSSKKKKK
KKKKKKKKKKKKKKKKKKKKKKKkKSKKKKKKSSSKKKkKnKKKKKGKKKSSSSSSKKSSKKKK
KKKKKKKKKKKKKKKKKKKKKKkkkKKKKKKKKKSSKKkknKKKKKKKKKKSSSKSKSSSKKKK
KKKKKKKKKKKKKKKKKKKKKKkkkkKKKKKKKSSKSKkKnKKSKKKKKKKKKKSKKSkkkKKK
KKKKKKKKKKKKKKKKSSKKKKkkkkKKKKKKKKKKSSSKnKSSKSKKKKKKKKKKKKkkkkKK
KKKKKKKKKKKKKKKKSSSGKKkkkkKKKKKKKKKKKKSKnKSSSSKKKKKKKKKKKKkkkkKK
KKKKKKKKkKKKKKKSSSKKGkkkkkKKKKKKKKKKKKKKnKKSSSKKKKKKKKKKKKKkkKKK
KKKKKKKkkkKKGKSSSkkkkkkkkkKKKKKKKKKKKKKKnKKKKSSKKKKKKKKSKKKGGKKK
KKKKKKKkkkKKKGKSKkkkkkkkkkKKKKKKKKKKKKkKnKKKKKKKKKKKKSSSKKKKKKKK
KKKKKKKkkKKKGGKSKSkkkkKKKKKKKKKKKKKKKkkknKKKKKKKKKKkKKSKSKKKKKKK
KKKKKKKKKKKKKGKSSKKKKKKKKKKKKKKKKKKKKkkknKKKKKKKKkkkkKKSKKKKKKKK
KKKKKKKKKKKKKKSSKKKKKKKKKKKKKKKKKKKKKKKKnKKKKKKKkkkkkKSKKKKKKKKK
KKKKKKKKKKKKKSSKKKKKKKKKKKKKKKSSKKKKKKKKnSKKKKKkkkkkkKKSKKKKSSKK
KKKKKKKKKKKKKKSKKKKKKKKKKKKKSSSSSKKKKKKKnSKKKKKKkkkkKKSKKSKKSSKK
KKKGGKKKKKKKKKGGKKKKKKkkSKKKSSSSKKKKKKKKnKSSKKKKKKKKKKSSSSKSKSSK
KKKKGKKKKKKKKKkkkKKKKkkkkSKSKSSKKKKKKKKKnKKKSKKKKKKKKSkkSKSkkKSK
KKKKKKKKKKKKKkkkkkKKKkkkSKSKSSKKKKkkkkKKnKKKSKKKKKKKSkkkkSSKKKKK
KKKKkkKKKKKKKkkkkkKKKKSSKKKSSKkkkkkkkkKKKKKKSKKKKKKKKkkkKKKKKKKK
KKKkkkkKKKKKKkkkkKKKKKSSKKKKSkkkkkkkkKSKKKKKSSKKKKKKkkkKKKKKKKKK
KKKkkkkKKKKKkkkkkKKKKSSKSKKKkkkkkkkkSSSkkKKSSKKKKKKSkkkSKKKKKKKK
KKkkkkkKKKKKkkkkkKKKKSKKKSKSkkkkkkkkSSkkkkKKSSKKKKKkkkkSKKKKKKKK
KKkkkkkKKKKKkkkkkKKKKSKKKKSkkkkkkkkKKSkkkkKKKKKSSSkkkkSKKKKKKKKK
KKKkkkKKKKKKkkkSKSKKKSKKKKKkkkkkkkKKKSKkkKKKKKSSSKSkKKKSKKKKKKKK
KKKKKKKKKKKKKkKSSSSSKSKKKKKKkkkKKKKKKKKKKKKKKKSSSSKKKKKKKKKKKKKK
KKKKKKKKKKKKKKKKSSSKSKKKKKKKKKKKKKKKKKKKKKKKKKKSKKKKKKKKKKKKKKKK
KKKKKKKKKKKKKKKKKKKKKKKKKKKKKKKKKKKKKKKKKKKKKKKKKKKKKKKKKKKKKKKK
