KKKKKKKKKKKKKKKKKKKKKKKKKKKKKKKKKKKKKKKKKKKKKKKKKKKKKKKKKKKKKKKK
KKKKKSSSKKKKKKKKKKKKKKKKKKKKKKKKKKKKKKKKKKKKKKSSSSKKKKKKSKKKKKKK
KKnnnnnnKKKKKKKKKKKKKKKKKKSSSKKKKKKKKKKKKKKKKKSSKSSKSKKSSSKKKKKK
KKn<nnnnKKKKKKKKKKKKKKSSKSKSKSkkkKKKKKKKKKKKKKKKSSKSSKKKSSKKKKKK
KSnnnnnnKKKKKKKKKKKKSSSKSSSKKkkkkkSSKKKKKKKKKKKKKkkSKSSKSSSKKKKK
KKnnnnnnKKKKKKKKKKKKSSSSSKSKkkkkkkSSSKKKKKKKKKKKkkkkSKKSKKSGKKKK
KKnnnnnnnnnnnnnnnnnnnnnnnnnnnnnnnnnnnnnnnKkkkKKkkkkkkSKKKKKGKKKK
KKnnnnnnKKKKKKnKKKKKKSSSKSKKkkkkkSSKSSSKnKkkkkkkkkkkkkKKKKGGGKKK
KKSSSKKKKKnnnnnnnnnKKKKKKKKKKkkkkSKSSSKKnKKKkkkkkkkkkkKKKKKKKKKK
KSSKSKKKKKnnnnnnnnnKKKKKKKKKKkkkkKKSSSKKnKKKKkkkkkkkkSSSKKKKKKKK
KKSSKSKKKKnnnnnnnnnKKKKKKKKKKkkkKGSKSSSKnKKKKKkkkkkkSKSSKKKKKKKK
KSKKSSKKKKnnnnnnnnnKKKKKKKKKKkkkKGSSSSKSnSSKKKkkkkkKKSSKKKKKKKKK
KSKKKSKKKKnnnnnnnnnnnnnnnKKKkkkKKKSSSKSSnSSSKkkkkKGKSSKKKSKSKKKK
KKKKKKKKKKKKKKKKKKKKKKKSnSKSKkKKKSSSKSSSnKKKkkkKGGKKSSKKKKSSSKKK
KKKKKKKKKKKKKKKKKKKKKKKKnKSSKKKKSSKKKKKSnKKKKkKGKKKSSSSKKSSKKKKK
KKKKKKKKKKKKKKKKKKKKKKKknSKKKKKKSSSKKKkKnKKKKKGKKKSSSSSSKKSSKKKK
KKKKKKKKKKKKKKKKKKKKKKkknKKKKKKKKKSSKKkknKKKKKKKKKKSSSKSKSSSKKKK
KKKKKKKKKKKKKKKKKKKKKKkknkKKKKKKKSSKSKkKnKKSKKKKKKKKKKSKKSkkkKKK
KKKKKKKKKKKKKKKKSSKKKKkknkKKKKKKKKKKSSSKnKSSKSKKKKKKKKKKKKkkkkKK
KKKKKKKKKKKKKKKKSSSGKKkknkKKKKKKKKKKKKSKnKSSSSKKKKKKKKKKKKkkkkKK
KKKKKKKKkKKKKKKSSSKKGkkknkKKKKKKKKKKKKKKnKKSSSKKKKKKKKKKKKKkkKKK
KKKKKKKkkkKKGKSSSkkkkkkknkKKKKKKKKKKKKKKnKKKKSSKKKKKKKKSKKKGGKKK
KKKKKKKkkkKKKGKSKkkkkkkkkkKKKKKKKKKKKKkKnKKKKKKKKKKKKSSSKKKKKKKK
KKKKKKKkkKKKGGKSKSkkkkKKKKKKKKKKKKKKKkkknKKKKKKKKKKkKKSKSKKKKKKK
KKKKKKKKKKKKKGKSSKKKKKKKKKKKKKKKKKKKKkkknKKKKKKKKkkkkKKSKKKKKKKK
KKKKKKKKKKKKKKSSKKKKKKKKKKKKKKKKKKKKKKKKnKKKKKKKkkkkkKSKKKKKKKKK
KKKKKKKKKKKKKSSKKKKKKKKKKKKKKKSSKKKKKKKKnSKKKKKkkkkkkKKSKKKKSSKK
KKKKKKKKKKKKKKSKKKKKKKKKKKKKSSSSSKKKKKKKnSKKKKKKkkkkKKSKKSKKSSKK
KKKGGKKKKKKKKKGGKKKKKKkkSKKKSSSSKKKKKKKKnKSSKKKKKKKKKKSSSSKSKSSK
KKKKGKKKKKKKKKkkkKKKKkkkkSKSKSSKKKKKKKKKnKKKSKKKKKKKKSkkSKSkkKSK
KKKKKKKKKKKKKkkkkkKKKkkkSKSKSSKKKKkkkkKKnKKKSKKKKKKKSkkkkSSKKKKK
KKKKkkKKKKKKKkkkkkKKKKSSKKKSSKkkkkkkkkKKKKKKSKKKKKKKKkkkKKKKKKKK
KKKkkkkKKKKKKkkkkKKKKKSSKKKKSkkkkkkkkKSKKKKKSSKKKKKKkkkKKKKKKKKK
KKKkkkkKKKKKkkkkkKKKKSSKSKKKkkkkkkkkSSSkkKKSSKKKKKKSkkkSKKKKKKKK
KKkkkkkKKKKKkkkkkKKKKSKKKSKSkkkkkkkkSSkkkkKKSSKKKKKkkkkSKKKKKKKK
KKkkkkkKKKKKkkkkkKKKKSKKKKSkkkkkkkkKKSkkkkKKKKKSSSkkkkSKKKKKKKKK
KKKkkkKKKKKKkkkSKSKKKSKKKKKkkkkkkkKKKSKkkKKKKKSSSKSkKKKSKKKKKKKK
KKKKKKKKKKKKKkKSSSSSKSKKKKKKkkkKKKKKKKKKKKKKKKSSSSKKKKKKKKKKKKKK
KKKKKKKKKKKKKKKKSSSKSKKKKKKKKKKKKKKKKKKKKKKKKKKSKKKKKKKKKKKKKKKK
KKKKKKKKKKKKKKKKKKKKKKKKKKKKKKKKKKKKKKKKKKKKKKKKKKKKKKKKKKKKKKKK
