KKKKKKKKKKKKKKKKKKKKKKKKKKKKKKKKKKKKKKKKKKKKKKKKKKKKKKKKKKKKKKKKKKKKKKKK
KKKKKKKKKKKKKKKKKKKKKOOOKKKKKKKKKKKKKKKKKKKKKKKKKKKGGKKKKKKKKKKKKKSKKKKK
KOkkkkkKKKKKKhKKKKKKKOOKOOKKKKKKKKKKKKKKKKKKKKKKKKGKGGKKKKKOKKKKKSSSKKKK
KOk<kkkKKKKKKhhkkkKKKKAKKOOKKKKKKKKKKKKKKKKKKKKKKKKKKKKKKKKOKKKkkSSKSKKK
KOkkkkkKKKKKKhkkkkKKKKKAAKOKKKKKKK~KKKKKKKKKkkKKKKKKKKKKKKKKOKkkkkkkSKKK
KOkkkkkkkkkkkkkkkkkkkkkkkkkkkkkkkkkkkkkkkkkkkkkkkkkkkkkkkkkkkkkkkkkkKKKK
KOkkkkkKKKKKKKKKSKKKKSKKKKkkkkKKKGK~KKKKkkkkkkkKKKKKKKKKKKKOKhkKKKkKKKKK
KKOKKKKKKKKKKKKKSSSKSKKKKKKkkkkKKKG~KSKkkkkkkkKKKKKKKKkkkKOOKKhhKKkKKKKK
KKKhKKKKKKKKKKKKKSKSSKKKKKKOkkkOKKG~KSSkkkkkkKKGKKKKKkkkkkOKKKKkkkkKKKKK
KKhhhKKKKKKKKKKKKKSSKKKKKKKOOkkkKSS~KSSSkkkSKKKGKKKKkkkkkkkKKKkkkkkKKKKK
KKhKKKKKKKKKKKKKKSSSKKKKKKKKKKkkKSKK~SKhhKKKKKKKGKKkkkkkkkkkkkkkkkkKKKKK
KKKKKKKKKKKKKKKKKKKKKKKKKhKKKSkkSKSK~kKKKKKKKKOKKGKkkkkkkkkkkkkkkkkKKKKK
KKKKKKKKKKKKKKKOKKKKKKKKKKhSSKKOSSSS~kkKKKKKKKKOKGKKkkkkkkkkKKKkkkkKKKKK
KKKKKKKKKKKKKKKOOKKKKKKKhSSSSSOSSSSS~kKKKKKKKKKOKKKKKKKkkkkKKKKKKKkKKKKK
KKKKKKKKkkKKKYKOOKKKKKKKhSSSSOSSSSKK~KKKKKSKKYOKKKKKKKKKkkkKKKKKKKkKKKKK
KKKKKKKkkkkKSSKOKOKKKKKKKKSKKSSKKK~KKKKKKKKSSYOKKKKKKKKKkkkKKKKKKKkKKKKK
KKKKKKKkkkkkSSSSSOOKKKKKKKKKKKSKKK~KKKKKKKKKSSYOKKKKKKKkkkkKKKKKKKkKKKKK
KKKKKKKkkkkKSSKSSOKKKKKKKKKKKKSSKK~OKKKKKKKSSSKOKOKKKKKkkkkKKKKKKKkKKKKK
KKKKKKKkkkSKKSSSKKKKKKKKKKKKKKKSKK~OOKKKKKKKSSKOOOKKKKKkkkkKKKKKKKkKKKKK
KKKKKKKkkSKSKKKSSSKKKKKKKKKKKKKKKK~OOKKSSKSKKKSKOOKKKKKkkkkKKKKKKKkKKKKK
KKKKKKKKSSSKSKSSSSKKKKKKSkKKKKKKKkk~kOKSSSKSSSKSKSSSKKKkkkkKKKKKKKkKKKKK
KKKKKKKKKSKkkkkkKKKKKKSSkkkKKKKKbbbbbbbKKKSSSSSKSKKSKKKkkkkkkkkOOKkKKKKK
KKKKKKKKKSSkkkkkkkKKSSKkkkkKKKKKKOK~kkkKKKKShhSSKKSSKKKKkkkkkkkkKKkKKKKK
KKKKKKKKKKkkkkkkkkKSKSKkkkKKKKKKKKO~kkkkkkkkkKSSKKSSKKKKKKkkkkkkkKkKKKKK
KKKKKKKKKAkkkkkkkkKSSSKkkkKKKKKkkKO~kkkkkkkkkkSSSKSSSSKKKKKKKOSkkkkKKKKK
KKKGKKKKKkkkkKSkkKKKKKKKkkkKKKkkkOOO~kkkkkkkkkSSKkkkSKKKKKKKKKSSkkkKKKKK
KKKGKKKKKkkkKKSKKKKKKKKKkkkkkkkkkSOO~KkkkKKKkSKKKkkkKKKKKKKKKKKKSkkKKKKK
KKKkkKKKKkkkKKKKKKKKKKKKkkkkkkkkkSSS~SOKKKKKKKKKKkkkKKGGKKKKKKSSKKkKKKKK
KKkkkkKKKKkKKKKKKKKKKKKkkkkkkkkkkKKS~KOOKKKKOOKKKkkkKKGSSKKKKKKSSKkKKKKK
KKkkkkKSKKKKKKKKKKKKKKkkkkkKKkkkkkSK~KKOOKOOKKKKKKkKKGGKSKKKKKKSKKkKKKKK
KKhkkSSOKKKKKKKkkKKKKKkkkkKKKYkkkk~SKKKKKOOKKKKKSSKKKSSSKKKKKKKKKKkKKKKK
KKhKKOSOOKOOKKKkkKSAKKkkkkKKSKkkkk~KKKKKKKKKKKKKSSSKSSKSKKKKKKKKKKkKKKKK
KKKSSSOSKOKKKKKkkKSKKKKkkkKSSSkkkk~KKKKKKKKKKKKKKKKSSKKKKKKKKKKKKKkKKKKK
KKKKSKSKKKKKKKkkkAKSKKKKkkkKSSSkkK~KKKKKKKKKKKKKKKKKSKKKKKKKKKKKKKkKKKKK
KKKSKKKKKKKKKkkkkKSKKKKkkkSSSSKKKK~KKKKKKKKKKKKKKKKkKKKKKKKKKKKKKKkKKKKK
KKSSKKKKKKKKkkkkkKSKKKkkkkKKSKKKKKK~KKKKKKKKKKAKKKkkkKKKKKKKKKKKKKkKKKKK
KKSKKKKKKKKKkkkkKKSKKkkkKKKKKKKKKKK~KKKKKKKKKAKAKKkkKKKKKKKKKKKKKKkKKKKK
KKKKKKKKKKKkkkkKSSKKhkkkKKKKKKkKKKK~KKKKKKKKKKKKKKkkKKKKKKKKKKKKKKkKKKKK
KKKKKKKKKKkkkkkSSSKKKhhKKKKKKkkkkGG~KKKKKKKKKKKKKKKKKKKKKKKKKKKKKKkKKKKK
KKKKKKKKKKKkkkKSSSKKKKKKKKKKKKkkkkK~KKKKKKKKKKKKKKKKKKKKKKKKKKKKKKkKKKKK
KhhKKKKKKKKKKKKSSKKKKKKKKKKKKKKKKkKKKKKGKKKKOKKKKKKKKKKKKKKKKKKKKKK>KKKK
KhKhhKKKKKKKKKKKKKKKKKKKKKKKKKKKKKKKKKKGKKKKOOOOKKKKKKKKKKKKKKKKKKKKKKKK
KhKKKKKKKKKKKKKKKKKKKKKKKKKKKKKKKKKKKKKGGKKOOOOKOOKKKKKKKKKKKKKKKKKKKKKK
KKKKKKKKKKKKKKKKKKKKKKKKKKKKKKKKKKKKKKKKKKKKKKKKKKKKKKKKKKKKKKKKKKKKKKKK
