TTTTTTTTTTTTTTTTTTT==TTTTTTTTTTTTTTTTTTT
Ttttttttttttttttttt==ttttttttttttttttttT
Tt............."...==.....".......,...tT
Tt,....".....,.....==."......,..".."..tT
Tt...,...."........==.,....,..........tT
Tt.."..__________________________"....tT
Tt..,.._t______________________t_....,tT
Tt"....__________________________"...,tT
Tt.....__________________________.....tT
Tt....,__________________________."...tT
Tt.....__________________________..,..tT
Tt.,..,__________________________.....tT
Tt.".,.___________FFFF___________...."tT
=======___________FFFF___________=======
=======___________FFFF___________=======
Tt,...=___________FFFF___________.=...tT
Tt..."=__________________________.=...tT
Tt....=__________________________.=...tT
Tt....=__________________________.="..tT
Tt....=....______________________.=...tT
Tt....=....______________________.=.".tT
Tt....=.t..____________________t_,=...tT
Tt....=....______________________.=...tT
Tt....=....""..,.,.==...,......."===..tT
Tt...===.....,.....==,.."......."===..tT
Tt.............,,..==.,...............tT
Ttttttttttttttttttt==ttttttttttttttttttT
TTTTTTTTTTTTTTTTTTT==TTTTTTTTTTTTTTTTTTT
