TTTTTTTTTTTTTTTTTTT==TTTTTTTTTTTTTTTTTTT
Ttttttttttttttttttt==ttttttttttttttttttT
Tt...",..."........==....,..."........tT
Tt.................==........".".",...tT
Tt.........._________________.........tT
Tt.........._________________....,....tT
Tt.,.."....._________________.........tT
Tt...,......_________________,........tT
Tt,........,_________________.........tT
Tt...,.."..,_________________.........tT
Tt.........,_________________.........tT
Tt........."_________________"...."..,tT
Tt.........._________________..,......tT
Tt.......,,....,,,.=====================
Tt,.,........,..,".=====================
Tt.,....,".,...,....."..."."..,......"tT
Tt...."............,.............,,...tT
Tt...._____________________________...tT
Tt"..._____________________________...tT
Tt...._____________________________.,.tT
Tt...._____________________________...tT
Tt...._____________________________,.,tT
Tt..,._____________________________...tT
Tt...._____________________________..,tT
Tt......,..............,."...".".,....tT
Tt.............,,........"."".........tT
TttttttttttttttttttttttttttttttttttttttT
TTTTTTTTTTTTTTTTTTTTTTTTTTTTTTTTTTTTTTTT
