TTTTTTTTTTTTTTTTTTTTTTTTTTTTTTTTTTTTTTTTTTTTTTTTTTTTTTTTTTTTTTTTTTTTTTTTTTTTTTTTTTTTTTTTTTTTTTTTTTT::TTTTTTTTTTTTTTTTTTTTTTTTTTTTTTTTTTTTTTTTTTTTTTTTTTTTTTTTTTTTTTTTTTTTTTTTTTTTTT::TTTTTTTTTTTTTTTTTTTTTTTTTTTTTTTTTTTTTTTTTTTTTTTTTTTTTTTTTTT
TTTTTTTTTTTTTT..TTT::TTTTTTTTTTTTTTTTTT..................._gg_..............................t.j~~~~::.................t..................._gg_...................TTTTTTTTTTTT..TTT.::TTTTTTTTTTTTTTTTTT..TTTTTTTT....TTTTTT::TTTTTTTTTTTTTTTTTTT
TTT................::....RRRT.........T.............t....._gg_...................."..T.."T...Tj~~~~::T...T"..T...,t.tT.......t............_gg_...................T.......TT........::TTT.............TT..TTT...............::.TTTT.........TTTTT
TT.................::...RRRRR............................._gg_.,,,,,,,,,,,,,,,....,,,,,,,..,..s~~~~::,.T...,..,T...T......................_gg_.....................................::TT...............T..TT................::.TT..........RRRTTT
T..................::..RRRRRRR............WWWWWWWWWWWWWWWW_gg_.,T,,,,,,,,,,,T,..t.t.,,,,,".,.Tj~~~~::,..tT,,,,,..T...,.T..WWWWWWWWWWWWWWWW_gg_.WWWWWWW.WWWWWWW...T.................::.................T..TT................::TT..........RRRRRTT
T..............T...::...RRRRRT............WxxxxxxWWwwwwwwW_gg_.,,,,,,,,,,,,,,,..T..,,,,,,t.T.tj~~~~::..".",,,,,T,..T......WwwwwwwWWxxxxxxW_gg_.WwwwwwW.WxxxxxW...T.................::.................T..TT................::TT.........RRRRRRRT
T.............TT...::....RRRTT............WxcxxpxWWwcwwwwW_gg_.,,,,,,,F,,,,,,,....t.,,,,,T.."Ts~~~~::Tt..T,...,..T.ttT....WwcwwpwWWxcxxxxW_gg_.WwcwwwW.WxcxpxW...TT................::............RRR..T..T.................::TT........RRRRRRRTT
T.............TT...::.....TTT.............WxxxxxxWWwwwwwwW_gg_.,,,,,,,,,,,,,,,.....T,,,,,..T..j~~~~::.."..,...,Tt.."......WwwwwwwWWxxxxxxW_gg_.WwwwwwW.WxxxxxW...TT................::...........RRRRR.T..T.................::TT.....RRRRRRRRR.TT
TT...........TT....::.....................WxxxxxxWWwwwwwwW_gg_.,,,,,,,,,,,,,,,.....t.Tt..T..,Tj~~~~::Tt,.T,,:,,..T...T.t..WwwwwwwWWxxxxxxW_gg_.WwwwwwW.WxxxxxW...TTT...........RRRT::T.........RRRRRRR.....................::TTT...RRRRRRRRR...T
TT...........TT....::.................T...WxxxxxxWWwwwwwwW_gg_.,T,,,,,,,,,,,T,.....T...,...T,.s~~~~::..T.t.T...T..tT......WwwwwwwWWxxxxxxW_gg_.WwwwwwW.WxxxxxW...TTT..........RRRRR::........T..RRRRRTT....................::..TT.RRRRRRRRR....T
TT..........TTT....::..........T.....TT...WWWdWWWWWWWdWWWW_gg_.,,,,,,,,,,,,,,,.......".ttT...Tj~~~~::T..tT...T...T...Ttt..WWWdWWWWWWWdWWWW_gg_.WWWdWWW.WWWdWWW...TTRRR.......RRRRRR::......TTTT..RRRTTT....................::...TT.RRRRR.......T
TT...........T...T.::.........TT.....TT......_......._...._gg_..................T.tT...T,..T..j~~~~::..,...T...T.,.T........._......._...._gg_...._......._......TRRRRR.......RRRRR::......TTTT....TTTT......T.............::....TT.RRR........T
T............RRRRRT::......RRR......TTT.___________________gg___________________..t.tT...T...,s~~~~::T.".T...T.,.T.."T..___________________gg___________________.RRRRRRR.......RRR.::......TTT.....TTTT..T.TTTT............::....TTTTT.........T
T:::::::::::::::::::::::::::::::::::::::gggggggggggggggggggggggggggggggggggggggg..::::::::::::bbbbb:::::::::::::::::::::gggggggggggggggggggggggggggggggggggggggg:::::::::::::::::::::::::::::::::::::::::::::::::::::::::::::::::::::::::::::::T
T:::::::::::::::::::::::::::::::::::::::gggggggggggggggggggggggggggggggggggggggg..::::::::::::bbbbb:::::::::::::::::::::gggggggggggggggggggggggggggggggggggggggg:::::::::::::::::::::::::::::::::::::::::::::::::::::::::::::::::::::::::::::::T
T...........RRRRRRR::T....RRRRR....TTTT.___________________gg___________________...T.."T,".T..s~~~~::.."...Tt."T...,t...___________________gg___________________.T..........RRRRR..::................TT..TT................::..............TTTTT
T............RRRRR.::......RRR.......TT..................._gg_............_......t...T...T...,j~~~~::T.".T,..T..,"...T......._............_gg_...................T.........RRRRRRR.::.................T..T.................::..............TTTTT
TT.................::.................T..................._gg_.........WWWdWWWW....T...,...T..j~~~~::".T,..T...T.t.T......WWWdWWW........._gg_...................T..........RRRRR..::.................T..T....RRR..........::..............TTTTT
TT.................::................TT..................._gg_.........WwwwwwwW......T,,,,,..Ts~~~~::T"..T..."...T,..T.T..WxxxxxW........._gg_...................T...........RRR...::....................T...RRRRR.........::....TT........TTTTT
TT.................::................TT..................._gg_.........WwwwwwwW....T..,,,,,T,,j~~~~::ttT.t.T".,,,,,T...T..WxxxxxW........._gg_...................T............TT...::.................T..T..RRRRRRR........::...............TTTT
T..................::................TT..................._gg_.........WwwwwwwW....."T,,,,,..Tj~~~~::T.".,...T,,,,,..T....WxxxxxW........._gg_...................TT...........TTT..::.................T..T...RRRRR.........::................TTT
T..................::................TT..................._gg_.........WwcwwwwW.T..T..,,,,,T.ts~~~~::,.T.."T.,,,,,,".".T..WxcxxxW........._gg_...................TTTT..........T...::.................T..T....RRR.......TTT::................TTT
T.....T............::................TT..................._gg_.........WwwwwwwW..t.,.T,,,,,t.Tj~~~~::T...T.t.T,,,,,..T....WxxxxxW........._gg_...................TTTT..............::.................T..T.............TTTT::................TTT
T....TT............::....TT..........TT..................._gg_.........WWWWWWWW...,"..tT"..T..j~~~~::..T.t."..,,,,,T......WWWWWWW........._gg_...................TTT...............::.................T..TT...........TTTT.::...............TTTT
T.....TT...........::...TTTT.........TT..................._gg_..................T..".Tt..T",.Ts~~~~::T...T".tT..,T,..T...................._gg_...................TT................::.................T..TTT..........TTTT.::...............TTTT
TT.....TT..........::..TTTTTT........TT........t.........._gg_.....................T".tT,..T.tj~~~~::..T,..T...T..tT"tt..................._gg_.....t.............TTT.............TT::T...............TT..TTTT....TTT.TTTTTT::..............TTTTT
TTTT..TTTT...TTT...::TTTTTTTTT......TTT..................._gg_...................t.t.t......t.j~~~~::...t.........t......................._gg_...................TTTTTTTTT....TTTTT::TTTTTTTTTTTTTTTTTT..TTTTTTTTTTTTTTTTTT::TTTTT...TTTTTTTTTTT
T..................::....................................._gg_...........................T.tt.t....::tt.....t..t.....T.T.................._gg_.....................................::......................................::..................T
T..................::......................t...T..t..Tt....T.T...tT......TT.t.....T...T......Tt..TT==......t..T.T.T......T..T.....t.....T.T==..t.tt.T............Tt..t.Tt.....t.........TT.....t.T...T.t...................::..................T
TTTTT....TTTTTTTTTT::..TTTTTTTTTTTTTTTT.......t..........t......t..t......t..t....t.........tt.t...==.........t.t..........................==..................Tt...........t..........t..t.t..t....t.t..TTTTTTTTTTTTTTTTTT::TTTT......TTTTTTTTT
TT..........TTTTTT.::....TTTTTTTTTTTTTT............,"..,..,.,.......,..........Tt...........".....,==.WWWWWWWWWWWWWWWW..t......,.,.........==........."..,.,,...T..".....,...."....,.,...RRRRRRRRRRRR....TTT.TTT...........::.TTT........TTT.TTT
T..............T...::.....TTTTTTTTTTTTT.....WWWWWWWWWWWWWWWWWWWWWWWWWWWWWW...............,.........==.Wm>mmmmmmmmmmmmW..T.....____________.==.____________............WWWWWWWWWWWWW....."RR########RR....TT...T............::..TT.............TT
T..................::.....TTTTTRRR....T.t...WmmmmmmmmmmmmmmmmmmmmmmmmmmmmW...,.T...,_____________..==.WmmmmmmmmmmmmmmW......".____________.==,____________......T.....WmmmmmmmmmmmW......RR#xxxxxx#RR....TT................::.................TT
TT................o::oooooooooRRRRR...T.....WmmmmmmmmmmmmmmmmmmmmmmmmmmmmW......T.."_____________".==.WmmPPPPPPPPPPmmW.t......____________.==.____________..,..TT..,..WmPPPPPPPPPmW......RR#xxxxxx#RR....TT................::.................TT
TT................t::tttttttttRRRRRR..T.T.".WmmmrrrrrrrrrrrrrrrrrrrrrrmmmW"........._____________..==.WmmPPPPPPPPPPmmWtT.."...____________.==.____________".,,.....,..WmPPPPPPPPPmW......RR#xxxxxx#RR....TT................::............TTT...T
TT........TTT.....o::oooooooooRRRRR...T.T.".WmmmrrrrrrrrrrrrrrrrrrrrrrmmmW,.,".t...._____________..==.WmmPPPPPPPPPPmmW......."____________.==.____________............WmPPPPPPPPPmW......RR#xxxxxx#RR..t.TT................::............TTT...T
TT.........T......t::tttttttttRRRR....T.....WmmmrrFrrrrrrrrrrrrrrrrFrrmmmW."...t...._____________..==.WmmPPPPPPPPPPmmW.T......____________.==.____________"....t.....,WmPPPPPPPPPmW......RR#xxxxxx#RR..T.TT................::............TTTT..T
TT.............T..o::oooooooooRRR.....T.....WmmmrrrrrrrrrrrrrrrrrrrrrrmmmW.".,t.t..._____________..==.WmmmmmmmmmmmmmmW..T..,..____________.==.____________.....T..""..WmmmmmmmmmmmW......RR###d####RR,...T......RRR........::.............TTTTTT
TT............TT..t::tttttttttRR......T.....WmmmrrrrrrrrrrrrrrrrrrrrrrmmmW.....t...._____________..=="WmmmmmmmmmmmmmmW..T...,.____________.==.____________.....T......WmmmmmmmmmmmW....".RRRRR:RRRRRR....T.....RRRRR.......::..............TTTTT
TT................o::oooooooooTT..TT.TT.....Wmmmrrrrrr__________rrrrrrmmmW.....T..,.........,......==.WWWWWWWdWWWWWWWW.T......____________.==,____________.......t.,..WWWWWWdWWWWWW......RRRRR:RRRRRR....T....RRRRRRR......::...............TTTT
TTT...............t::tttttttttT...TTTTT.T...Wmmmrrrrrr__________rrrrrrmmmW..........,......,.,...,.==........=......,..T.................,.==..........,....................=...,...,..,......:..........T.....RRRRR.......::................TTT
T:::::::::::::::::::::::::::::::::::::::....Wmmmrrrrrr__________rrrrrrmmmd===========================================================================================================...,.....:,.......T:::::::::::::::::::::::::::::::::::::::T
T:::::::::::::::::::::::::::::::::::::::....Wmmmrrrrrr__________rrrrrrmmmW===========================================================================================================.....,....,........:::::::::::::::::::::::::::::::::::::::T
TTT.......TTT......::.................T...,,WmmmrrrrrrrrrrrrrrrrrrrrrrmmmW....................".",.==..,"................................,..=......,.................".,...,.....................,.....T..........RRRRRRRRR::RR...............TT
TT........TRRR...RR::.................T.....WmmmrrrrrrrrrrrrrrrrrrrrrrmmmW."..tT.........."...,..."==...,..............t.t........,WWWWWWWWWdWWWWWWWWWWW.......T.."...................,........,.."......T.........RRRRR.RR::R.................T
T.........RRRRR.RRR::........TT.......T.....WmmmrrFrrrrrrrrrrrrrrrrFrrmmmW..".tTt....._____________________________....T.t.........WDDDDDDDDDDDDDDDDDDDW.......T...,.......".......".,.".................TTTTT......RRR...R::..................T
T........RRRRRRRRRR::R......TTTT......T..t,.WmmmrrrrrrrrrrrrrrrrrrrrrrmmmW.",..T...:.._____________________________..............."WDDDDDDDDDDDDDDDDDDDW....................."...,...............",......TTTTT.............::..................T
T.........RRRRR.RRR::........TTTT.....T.....WmmmrrrrrrrrrrrrrrrrrrrrrrmmmW............_____________________________....TT.......:..WDcccDcccDDDcccDDDDDW..,.............,........".......................TTTTT.............::.RRR..............T
TT..TTT....RRR...RR::TTT......TTTT....T.T...WmmmmmmmmmmmmmmmmmmmmmmmmmmmmW..........."_____________________________.....t..........WDDDDDDDDDDDDDDDDDDDW...,....T.....,..."...".,..,...,.......,,.."...T.TTTT..............::RRRRR.............T
TTTTTTTT....TTT...T::TTT.......TTT....T.....WmmmmmmmmmmmmmmmmmmmmmmmmmmmmW,..,.T......_____________________________............,..,WDDDDDDDDDDDDDDDDDDDW......t....".............."...,...........,......TT......TT........::RRRRRR............T
TTTTTTT.....TT...TT::TTT..............T.....WWWWWWWWWWWWWWWWWWWWWWWWWWWWWW,....t......_____________________________....TTt."....,..WDcccDcccDDDDDDDDDDDW......t.t.....".........,........,.......,.......T.......TT........::RRRRR..TT........TT
TT...T...........TT::TTT..............T......"...".............."...",...."....T......_____________________________.,..T...........WDDDDDDDDDDDDDDDDDDDW.......ttt."...........................".,.......T..............T..::.RRR....T.....TTTTT
TT................T::TTT....TT........T......"...,.......,.."........"..........t."......,"....,..,==.,......""........tt...",..,..WDDDDDDDDDDDDDDDDDDDW........t.....,,"....".,...",".,.".."....".......TT.............T..::.............TTTTTT
TTT..............TT::TTT...TTTTT.....TT.........,......,,.......".......,.....t.......".".,......."==..."....,..,..,.,t.......,....WWWWWWWWWWWWWWWWWWWWW...,....................,...."......."..,........TTT............T..::............TTTTTTT
TTTT............TTT::TTTT..TTTTTT..TTTT..t..................t.............t...tT........t..t.......==...t.t........t...T..t.....t...................t.......t..T..t...........tt........tt.t.......tt....TTTT..........TTT.::..TTTTTTTTTTTTTTTTT
T..................::....................t.tTT..t.t.........tTTt.t...T..T..TTtT....T..TT...TTTt.TT.==TTT........T.......tT...t.tt.......t...T..T....T.Tt.......T..t.t......TT.t..TT...TT...tt..t...T..t....................::..................T
T..................::......................T...t...ttT....T.t.tt.tTtTtt.T.......T....Tt...t.ttT.tt.::.....TTT....T..T......................::......................................::......................................::..................T
TTTTT...TTT....TTTT::...TT.TTTTTTTTTTTT.T...t.t..t..t.........t.............t...t.....t...........t::.....t..t.t..t..t...TTT..TTTTTTTTTTTTT::TTTTTTTTTTTTTTTTTT..TTTTTTTTTTTT....TT::TTTTTTTTTTTTTTTTTT..TT.TTTTTTTT.....TT::RRTTTTTTTTTTTTTTTTT
TTTT...............::......TTT.......TT.T................,......,..,.....,....................,"...::.,....,...,.........TT...........TTTT.::.....TTTTTTTT...TT..TTTtttttttttttt...::..........TTTTTTTT..T...tttttttttttt..::RRRTTT..........TTT
TTTT...............::.....TTTT........T.T."...RRRRRRRRRRRRRRRRRRRRRRRRR...............,."........,.::"RRRRR...RRRRR......TT.............T..::.......TTTT......T..TTToooooooooooo...::...........TTTTTTT..T...ooooooooooooTR::RRRR.............TT
TTT................::R...TTTT.........T...."..RRRRRRRRRRRRRRRRRRRRRRRRR..".........,"..""""......,.::RRRRRRR.RRRRRRR.....TT................::...TT...............TTTtttttttttttt...::..............TTTT..T...ttttttttttttT.::RRR..............TT
TT................R::RR.TTTTT.........T.t.....RRR###################RRR..,..,....t..,,,....,RRRRR.,::RRRRRRR.RRRRRRR.....TT................::RRTTT............T..TTToooooooooooo...::...............TTT..T...ooooooooooooT.::RRTT.............TT
TT..............TRR::RRR.T...........TT..t.,..RRR#xxxxxxxxxxxxxxxxx#RRR..............."...,RRRRRRR.::RRRRRRR.RRRRRRR...T.TT................::RRRTT............T..TTTtttttttttttt...::................TT..TT..tttttttttttt..::...T.............TT
TT.............TRRR::RR..............TT.Tt.,..RRR#x######xxxxxxxxxx#RRR....."....t,.....,..RRRRRRRR::RRRRRR...RRRRR.,.tt.T................R::RRRR.............T..TTToooooooooooo...::...........T.....T..TTT.oooooooooooo..::.................TT
TT.............RRRR::R.......RRR.....TT.T.,...RRR#x#wwww#xxxxxxxxxx#RRR.....""t......."....RRRRRRRR::RRRRR.....,,......T.T.................::RRR..............T..TT.tttttttttttt...::..........TT.....T..TTT.tttttttttttt..::.............T...TT
T..............TRRR::.......RRRRR....TT....,.,RRR#x#wwww#xxxxxxxxxx#RRR.........t....,,.RRRRRRRRRRR::RRRR............,.t..........TT.......::RR...............T..T..oooooooooooo...::.........TTT.....T..TT..oooooooooooo..::.........TTTTTT..TT
T..............TTRR::......RRRRRRR...TT.T.....RRR#x#wwwwdxxxxxxxxxx#RRR,.......t.......RRRRRRRRRRRR::RRR..............t...........TTT......::....TT...........T..T.........RRR.....::........TTTT.....T..T.................::........TTTTTTT..TT
TT............TTTTT::.......RRRRR.....T.......RRR#x#wwww#xxxxxxxxxx#RRR......"t.t.....RRRRRRRRRRRRR::RR...............t............T.......::....TTT..........T..T........RRRRR....::........TTT......T..T.................::.......TTTTTTT...TT
TTT.TT........TTT..::T.......RRRTTTT..T...,...RRR#x######xxxxxxxxxx#RRR..:..,........RRRRRRRRRRR.,.::,.....":............T.................::....TTT..........T..T.......RRRRRRR...::.......TTTT......T..T.................::........TTTTT....TT
T:::::::::::::::::::::::::::::::::::::::.....,RRR#xxxxxxxxxxxxxxxxxd::::::::::::Tt.."RRRRRRRRRRR...::::::::::::::::::::::::::::::::::::::::::::::::::::::::::::::::::::::::::::::::::::::::::::::::::::::::::::::::::::::::::::::::::::::::::::T
T:::::::::::::::::::::::::::::::::::::::...,..RRR#xxxxxxxxxxxxxxxxx#::::::::::::T..."RRRRRRRRRRR...::::::::::::::::::::::::::::::::::::::::::::::::::::::::::::::::::::::::::::::::::::::::::::::::::::::::::::::::::::::::::::::::::::::::::::T
TTTTTT.............::T........TTT...TTT.......RRR#xxxxxxxxxxxxxxxxx#RRR..,............RRRRRRRRR."..::::::::::::,.....,t..TTTTTTT........RRR::T....T.RRRRRRR........................::.......TTRRRRR...T..TT............TT..::.RRR.............TT
TTTTTT.............::T..............TTT.t..,..RRR#xxxxxxxxxxxxxxxxx#RRR...,,...T..................,....RRRRRRR:,,........TTT..TTT......RRRR::TT......RRRRR.........................::........RRRRRRR.....TT................::RRRRR............TT
TTTTTT.............::...............TTT...,...RRR#xxxxxxxxxxxxxxxxx#RRR,.,,"...TT.."RRRRR"......RRRRR.,.RRRRRR:RR......T.TT...TT......RRRRR::TT.......RRRTT......T.................::.......RRRRRRR......TT.............RRR::RRRRRR...........TT
TTTTT..............::...............TTT.....,.RRR#xxxxxxxxxxxxxxxxx#RRR..."...tT...RRRRRRR...".RRRRRRR.....RRR:RRR.....t.TT..TT........RRRR::TT.........TTTTT.T..TT................::......RRRRRRR.......T.............RRRR::RRRRR............TT
TTTT...............::................TT..t....RRR###################RRR....,,..Tt..RRRRRRR,....RRRRRRR....RRRR:RRR.....T.TTTTT..........RRR::TT...RRR..TTTTTTTT..TT................::.......RRRRR........T............RRRRR::.RRR.............TT
TTT................::..........RRR...TT.......RRRRRRRRRRRRRRRRRRRRRRRRR..,..,....t,RRRRRRR,"...RRRRRRR.".RRRRR:RRR.....t.TTTTT.............::T...RRRRR.TTTTTTTT..TT................::........RRR......T..T.............RRRR::................TTT
TTT.T..............::.........RRRRR..TT.T.....RRRRRRRRRRRRRRRRRRRRRRRRR.........T...RRRRR.......RRRRR....RRRRk:kRR..,....TTTT..............::...RRRRRRRTTTTTTTT..TT................::......TT.......TTT..T..............RRR::..TTTRRR........TTT
TTTTTT..........TTT::........RRRRRRR.TT.......RRRRRRRRRRRRRRRRRRRRRRRRR..........."......,...............RRRRk>kRR,......TTT...............::....RRRRR..TT...TT..TT............T...::......TT.......TTT....................::..TTRRRRR.......TTT
TTTTT..........TTTT::.........RRRRR.TTT.t.."...."...,...,"............,.....,...t..."...........,......"..RRRRR".......T.TT................::.....RRR.........T..TTT..........TTTTT::.......TT.......TT....................::..TRRRRRRR.......TT
TTT.....TT.....TTTT::..........RRR..TTT.........."...............,........"..,.......".......,...............,...,.....T.TTT...............::TT...............T..TTTT..........TTTT::TTT....TTT......TT..T.................::..TTRRRRRTTT......T
TTT....TTTT...TTTTT::..............TTTT..t..,.....".............."....,.........Tt............"..............,.".........TTTT..............::TTTT..TTTT......TT..TTTTT.........TTTT::TTTT...TTTTT....TT..T.................::.TTTTRRRTTTTT....TT
TTTTTTTTTTTTTTTTTTT::..TTTTTTTT...TTTTT.T.t......t....t...t......t.............T................t........................TTTTTTTTTTT..TTTTT::TTTTTTTTTTTTTTTTTT..TTTTTTTTTTTT..TTTT::TTTTTTTTTTTTTTTTTT..TT......TTTTTTTTTT::TTTTTTTTTTTTTTTTTTT
T..................::.....................T...Tt....T.......T..tttt..tT.....t....T.T..T..Tt.t.....t.......TtT.T...T..T.T...................::......................................::......................................::..................T
T..................::......................................::......................................::......................................::......................................::......................................::..................T
TTTTTTTTTT....TTTTT::TTTTTTTTTTTTTTTTTT..TTTTTTTTTTT......T::TTT..TTTTTTTTTTTTT..TTTTTTTTTTTTTTTTTT::...TTTTTTT..TTTTTT..TTTTTTTTTTTTTT....::..TTT.TTTTTTTTTTTT..TTTTTTTTTTTTTT....::TT...TTTTTTTTTTTTT..TTTTTTTTTTTTTRRRTT::TTTTTTTTTTT..TTTTTT
TTTTTTTTT.........T::........TTTT....TT..TTTTTTTTTT........::ttttttttttTTTTT.TT..TTTTT..TTTT..TTTTT::.................T..TTTTTTTTTT........::.......TTTTTTTTTTT..TT......TTTTT.....::........TTTTT....T..TTTTTT.....TRRRRRT::TTT...........TTTTT
TTTT...T...........::.........TT......T..TTTT..............::ooooooooooTTTT...T..TTTT....T......TT.::.................T..TTTT..TTT.........::........TTT.TT..TT..TT.......TTTT.....::.........TTT........TTTTT..RRR.RRRRRRR::...............TTTT
TTT................::.........TT......T..TT................::ttttttttttTTT....T..TTTT..............::.................T..TT.....TT.........::.................T..TT........TT......::.........TTTRRR.....T.TT..RRRRR.RRRRR.::.........TTT...TTTT
TT.................::.........TTT.....T..T.................::oooooooooo.TT.......TTT...............::.................T..T......T..........::.................T..T........ooooooooo::o..........RRRRR.........RRRRRRR.RRR..::.........TTT....TTT
TT.....TTT.RRR.....::..........T......T..T.................::ttttttttttR.TT......TT................::T................T..T.................::.................T..T........ttttttttt::t.........RRRRRRRT.....T..RRRRR.......::.........TTT.....TT
TT....TTT.RRRRR....::.................T..T.........TT......::ooooooooooRRTT...T..T.................::T................T..T......RRR........::................TT..T........ooooooooo::o..........RRRRRTT..T.TTT..RRR.......R::.........TTTT.....T
TTT..TTTTRRRRRRR...::......TTT........T..T.........TT......::ttttttttttR.TTT..T..T.......TT........::T................T..TT....RRRRR.......::.T..............TT..T........ttttttttt::t.....RRR...RRRTTT..TTTTT...........RR::R........TTTTT....T
TTTTTTTT..RRRRR...T::......TTT........T..T.........TTT.....::oooooooooo...TTTTT..T......TT........T::T...........T....T..TT...RRRRRRR......::.TT.............TT..T........ooooooooo::o....RRRRR......TT..TTTT..........TRRR::RR......TTTTTTT..TT
TTTTTTT....RRR....T::.......T............T..........TT.....::.............TTTTT..TT.TT..TT........T::T..........TT....T..TT....RRRRR.......::.................T..T........ttttttttt::t...RRRRRRR......T..T.............TTRR::R......TTTTTTTT.TTT
TTTTTT.............::T...................T.................::...RRR......TTTTTT..TTTTT............T::............T...TT..TTTRRR.RRRRR......::.................T..T........ooooooooo::o....RRRRR..........T................R::.......TT...TT...TT
TTT................::....................T.................::..RRRRR....TTT..TT..TTTTT.....RRR.....::................TT..TTRRRRR.RRRRR.....::.................T..T........ttttttttt::t.TT..RRR...........T.................::............TT....T
T::::::::::::::::::::::::::::::::::::::::::::::::::::::::::::::::::::::::::::::::::::::::::::::::::::::::::::::::::::::::::::::::::::::::::::::::::::::::::::::::::::::::::::::::::::::::::::::::::::::::::::::::::::::::::::::::::::::::::::::T
T::::::::::::::::::::::::::::::::::::::::::::::::::::::::::::::::::::::::::::::::::::::::::::::::::::::::::::::::::::::::::::::::::::::::::::::::::::::::::::::::::::::::::::::::::::::::::::::::::::::::::::::::::::::::::::::::::::::::::::::T
TT......RRRRR......::....................T...TTTTT.........::...RRR.......RRR.T...........RRooooooo::ooo..............T..TTTRRR...RRRT.....::...........T.....T..T.................::.TT.......TTTTTTTT..T..RRR............::T.....TTT........TT
TT.....RRRRRRR.....::TTRRR..................TTTTT.......T..::.TT.........RRRRRT..T.........Rttttttt::ttt.T............T..T.................::.................T................RRR.::..TT......TTTTTTTT..T.RRRRR...........::T.....TTT........TT
TTT.....RRRRR......::TRRRRR...........T.....TTTTT..........::TTTT..TTT..RRRRRRR..T..........ooooooo::oooR.............T...............RRR..::......T..........T...............RRRRR::..TTTT...TTTTTTTTT..TRRRRRRR..........::.......T.........TT
TTTT.....RRR.......::RRRRRRR..........T..T...TTTTT.........::TTT....TTT..RRRRRT..T..........ttttttt::tttRR............T..............RRRRR.::....TTT..........T..T...........RRRRRR::..TTTTTTTTTTT....T..TTRRRRR...........::..................T
TTTT...............::.RRRRR...........T..T...TTTTTT........::TT......T....RRR....TT.........ooooooo::oooRRR...........T.............RRRRRRR::....TTT..........T..TT...........RRRRR::...TTTTTT........T..TT.RRR............::..TT.....T........T
TTT................::..RRR...RRR.........TTTTTTTTTT........::TTT.................TT.........ttttttt::tttRRRR..T.T.T...T..T...........RRRRR.::....T............T..TT............RRR.::.................T..TTT...............::........TTT......TT
TTT................::.......RRRRR.T......TTTT.RRRTT........::TTTT................TT.........ooooooo::oooRRR...T.T.....T..T............RRR..::....................TT...........TTT..::.................T..TTTT..............::........TTTT....TTT
TT.................::......RRRRRRRT...T..TTT.RRRRRT........::TTTTT...............T.......RRRttttttt::tttRR..T.T.T....TT..T..............T..::........TT..........T.................::.................T..TTT...............::........TTTT...TTTT
TT.................::.......RRRRR.....T..TT.RRRRRRRT.......::..TTTT..............T......RRRRR......::.....TTT........TT..T.................::...TTTTTTTT.........T.................::.....TT..........T....................::.........TTT...TTTT
T..............TT..::........RRR......T..TT..RRRRRTTT......::...TTTT.......TTTT..T.....RRRRRRR...TT::.TT..TT.........TT..T.................::..TTTTTT.TTT........T.................::.....TT..........T...................T::................TTT
T.............TTTTT::..TTT............T..TT...RRRTTTTT.....::T..TTTTT..TTTTTTTT..TT.....RRRRR..TTTT::TTTTTTT........TTT..TT................::..TTTTTT.TTTT....T..TT................::....TTT..........T..T...........TTTTTT::T................TT
TT..TTTTTTTTTTTTTTT::TTTTTTTT...TT...TT..TTTT...TTTTTTTT..T::TTTTTTTTTTTTTTTTTT..TTTTTT..RRRTTTTTTT::TTTTTTTT.....TTTTT..TTT.....TTTT......::.TTTTTTTTTTTTTTTTT..TTT..TTTTTTTTT...T::TTTTTTTT..TTTT..TT..TTTTTTTT...TTTTTTT::TTTTTTTT........TTT
T..................::......................................::......................................::......................................::......................................::......................................::..................T
T..................::......................................::......................................::......................................::......................................::......................................::..................T
TTTTTTTTTTT...TTT..::.TTTTT...TTTTTTTTT..TT..TTTTT...TT..TT::TT..TTTTTTTTTTTTTT..TTTTTTTTTT..TTTT..::TTT..TTT...TTTTTTT..TTTTTTTTTTTTTTTTTT::TTTTTTTTTTTTTTTTTT..TTTTTT....TTTTTTTT::TTTTTT..TTTTTTTTTT..TTTTTTTTTTTTTTTTTT::TTTTTTTT....TTTTTTT
TT.................::..TTT.........TTTT..T...RRR...........::T...........TTTTTT..TT....TTTT...TT...::TT..........TT.TTT..T.....TTTTT.......::..........TT....TT..TTTTT........TTTTT::TT..............TT..TTTT..............::..TTTTT......TTTTTT
T.....RRR..........::...............TTT..T..RRRRR..........::T............TTTTT..T......TTRRR......::................TT.........TTTT.......::.................T..TTTT......oooooooo::oo...............T..TT................::...TTTTT.........TT
T....RRRRR.........::.................T..T.RRRRRRR.........::T............TTTTT..T.......RRRRR.....::................TT..T.......TTT.......::.................T..TTT.......tttttttt::tt..................T.................::R...TTTTT........TT
TT..RRRRRRR.......T::...........RRR......T..RRRRR.......TTT::T...............TT..T..RRR.RRRRRRR....::...........RRR..TT..T.......TTTT......::.................T..TT........oooooooo::oo.........RRR.......................R::RR....TTT........TT
TTTTTRRRRR.......TT::..........RRRRR.....T...RRR.......TTTT::T................T..TTRRRRR.RRRRR.....::..........RRRRR.TT..T........TTT......::.................T..TT........tttttttt::tt........RRRRR..T..................RR::RRR....TT.RRR.....T
TTTTT.RRR.......TTT::.......RRRRRRRRR....T........TT....TTT::T...............TT..TRRRRRRR.RRR......::.........RRRRRRR.T..T.................::.................T..TTT.......oooooooo::oo.......RRRRRRR.T..T..............RRR::RR.......RRRRR....T
TTTT......T.....TTT::......RRRRRRRRR.....T.....RRR.T......T::TTT....TT.......TT..TTRRRRR...........::ttttttttttttRRR..T..TT................::.................T..TTT.......tttttttt::tt........RRRRR..T..T...RRR.......RRRR::R.......RRRRRRR...T
TTT.......TT....TTT::.....RRRRRRRRR...T..TT...oooooooooooo.::TTTT...TT........T..TT.RRR............::ooooooooooooRR..TT..TT................::.................T..TT........oooooooo::oo.........RRR...T..T..RRRRR.......RRR::.........RRRRR...TT
TTT.......T.....TTT::......RRRRR......T..TT..Rtttttttttttt.::TTTT...TT........T..T.................::tttttttttttt...TTT..TT................::.................T..T.........tttttttt::tt...............T..T.RRRRRRR.......RR::..........RRR....TT
TTT.............TTT::.......RRR.......T..TT...oooooooooooo.::.TTTT............T..T.................::oooooooooooo..TTTT..TT................::................TT..T.................::.................T..T..RRRRR..........::T...............TTT
TTTT........TTTTTT.::.................T..T....tttttttttttt.::.TTTT............T..T.........TT......::tttttttttttt..TTTT..TT................::................TT..TT................::.................T......RRR...........::T...............TTT
T::::::::::::::::::::::::::::::::::::::::::::::::::::::::::::::::::::::::::::::::::::::::::::::::::::::::::::::::::::::::::::::::::::::::::::::::::::::::::::::::::::::::::::::::::::::::::::::::::::::::::::::::::::::::::::::::::::::::::::::T
T::::::::::::::::::::::::::::::::::::::::::::::::::::::::::::::::::::::::::::::::::::::::::::::::::::::::::::::::::::::::::::::::::::::::::::::::::::::::::::::::::::::::::::::::::::::::::::::::::::::::::::::::::::::::::::::::::::::::::::::T
TTT.......RRRTTT...::..............TTTT..TT...oooooooooooo.::.....TTTT........T..T........TTT......::oooooooooooo....TT..T..ooooooooooooTTT::...RRRRR.........T..TRRRRRRR.RRRTTT...::.............TTTTT..TTTTTT............::.......T.......TTTT
TT.......RRRRR.....::...............TTT..TTT..tttttttttttt.::......TTTT.......T..T.................::.................T..T..tttttttttttt.TT::..RRRRRRR........T..T.RRRRR.RRRRRTT...::..........TTTTTTTT..TTTTTT....T.......::.......T.......TTTT
T....T..RRRRRRR....::................TT..TTTTTTTT..........::.......TTT......TT..TT...RRR........T.::................TT..T..ooooooooooooR..::...RRRRR.........T..T..RRR.RRRRRRRT...::..........TTTTTT.T..TTTTTT...TT.......::..TTT...........TTT
T...TTT..RRRRR.....::...TT............T..TTTTTTTTT.........::R...RRR.T.......TT..TTT.RRRRR.......TT::................TT.....ttttttttttttRR.::....RRR..........T..T.......RRRRR.....::.....T..............T..TTT............::.TTT.............TT
TT.TTTT...RRRTT....::..TTT............T..TTTTTTTTTT.......R::RR.RRRRR.........T..TTTRRRRRRR........::.......T.........T.....ooooooooooooR..::.................T..T........RRR......::.....TT.........................T.....::TTT..............TT
TTTTTTT.....TTTT...::..TTT...........TT..TTTTTTTTT.......RR::RRRRRRRRR........T..TTTTRRRRR.........::.......T...............ttttttttttttRR.::......RRR........T....................::................................TT....::.................TT
TTTTTT.............::...T............TT..T.TTT............R::RR.RRRRR............TTTTTRRR.TT.......::.......................ooooooooooooRRR::.....RRRRR.......T....................::T.....................................::.................TT
TTTTT...TT.........::................TT....................::R...RRR..........T..TTTTTT..TTT.......::....................T..ttttttttttttRRR::....RRRRRRR.....TT....................::.................T....................::..................T
TTTTT...TTT........::T...............TT....................::.................T..TTT..TTTTTTT......::.................T..T............RRRRR::.....RRRRR......TT....................::.................T....................::..................T
TTTTT....TTTT......::TT..............TT..T.................::.................T..TTT..TTTTTTT......::.......TT.....TTTT..TT............RRR.::......RRR......TTT....................::.................T..T.................::..................T
TTTTTT...TTTTTT....::TT.............TTT..TT..TTTT..TT......::.............TT.TT..TTT..TTTTTTTT.....::......TTTT...TTTTT..TTTT....TTT.......::TTTTTTT.......TTTT..T......TTT........::..TTTTT...TTTTTTTT..TTT.......TT.....T::T................TT
TTTTTTT..TTTTTTTTTT::TTTTTTTT...TTTTTTT..TTTTTTTTTTTTTTTTTT::T.....TTTTTTTTTTTT..TTTTTTTTTTTTTTTTTT::TTTTTTTTTTTTTTTTTT..TTTTTTTTTTTTT..TTT::TTTTTTTTTTTTTTTTTT..TTTT..TTTTTTTT..TT::TTTTTTTTTTTTTTTTTT..TTTTTTTTTTTTT...TT::TTTTTTTTT..TTTTTTTT
T..................::......................................::......................................::......................................::......................................::......................................::..................T
T..................::......................................::......................................::......................................::......................................::......................................::..................T
TTTTTTTTTTTTTTTTTTT::T..TTTT..TTTTTTTTT..TTTTTTTTTTTTTTTTTT::T......TTTTTTTTTTT..TTTTTTTTTTTTTTTTTT::TTT..TTTTT...TTTTT..TTTTTTTTTTTTTTTTTT::TTTTTTTTTTTT....TT..TTT...TTTTTTTTTT..::RRTTTTTTTTTTTTTTTT..TTTTTTTTTTTTT..TTT::TTT..TTTTTTTTTTTTTT
TTTTTTTTTTTTTTTTT..::..........TTTTT.TT..TTT...TT....TTTTTT::........TTTTRRRTTT..TT..TTTT...TTTT...::................TT..T........TTTT...TT::TTT...TTTTRRR....T..T........TTTT.....::RRRTTTTT......TTTT..TTTTTT............::...........TT...TTT
TT...TTTTT...T.....::............TTT..T..TT..........TTTTTT::...........RRRRRTT..T...........TT....::................TT...........TTT......::.TT....TTRRRRR...T............TT.....R::RRRR...........TTT..TTTTT.............::.................TT
TT....T.TTT........::.................T..TT...........TTTT.::RRR.......RRRRRRRT..T...........TT....::.................T............TT......::.TTT....RRRRRRR.TT.....TTT....TT......::RRR.............TT..TTTT..RRR.........::.................TT
TT........TT.......::.................T..TT................::RRRR.......RRRRR....T...........TT....::.................T....................::..TTT..RRRRRRR..TT.....TTT....TT......::RRT.............TT..TT...RRRRR........::.................TT
TT.........TT......::.................T..TT................::RRRRR.......RRR.....T.................::.................T..T................T::...TT.RRRRRRR....T..T.TTTT............::TTT......T......TT..T...RRRRRRR.......::.................TT
TTT.........TTTT...::................TT..TTTT..............::RRRR.............T..T.................::.................T..T...............TT::T......RRRRR.....T..TTTTTT...........T::.TTT.RRR.........T..T....RRRRR........::.................TT
TTTT........TTTTT..::................TT..TTTT..............::RRRTTT.........TTT..T.................::.................T..TT.............TRR::TT......RRR......T..TTTTT.......TTTTTT::..TTRRRRR........T..T.....RRR.........::.................TT
TTTT....RRR..TTTT..::.........TT.....TT..TTTTT.............::....TT........TTTT..T.............oooo::oooooo...........T..TT.............RRR::TT...............T..TTTT........TTTTTT::..TRRRRRRR..........T.................::.................TT
TTT...TRRRRR.......::.........TT......T..TTTT..............::...............TTT..T.............tttt::tttttt...........T..TT............RRRR::R................T..TTT..........TTT..::..RRRRRRR...........TT..RRR...........::.................TT
TTT...RRRRRRR......::.................T..TT................::................TT..T.............oooo::oooooo..............T..............RRR::...........TTT...T..TT................::.RRRRRRR............TTTRRRRR..........::.TT..............TT
TTT....RRRRR.......::.................T..T.................::.................T..T.............tttt::tttttt..............T...............RR::...........TTTT..T..TTT...............::..RRRRR.............TTRRRRRRR.........::................TTT
T::::::::::::::::::::::::::::::::::::::::::::::::::::::::::::::::::::::::::::::::::::::::::::::::::::::::::::::::::::::::::::::::::::::::::::::::::::::::::::::::::::::::::::::::::::::::::::::::::::::::::::::::::::::::::::::::::::::::::::::T
T::::::::::::::::::::::::::::::::::::::::::::::::::::::::::::::::::::::::::::::::::::::::::::::::::::::::::::::::::::::::::::::::::::::::::::::::::::::::::::::::::::::::::::::::::::::::::::::::::::::::::::::::::::::::::::::::::::::::::::::T
TTT................::.................T..TT................::.RRRRR..........TT................oooo::ooooooRR......TTTT..TTT...............::...TTTTT...TT....T..TTTTTTTTT.........::....TT................TTTT............::................TTT
TT.................::.........T.......T..T.RRR.............::RRRRRRR........TTT..T........TTT..tttt::ttttttRTT.....TTTT..TT................::...TTTTT.........T..TTTTTTTT..........::...TTTT.............TTTTTT............::.................TT
TT..........RRR...R::........TTT.........TRRRRR............::.RRRRR........TTTT..T........TTT.....T::...RRR.TTRRR...TTT..TT................::....TTT..........T..TTT..TT...........::...TTTT.............TTTTTT............::.................TT
TTT........RRRRR.RR::R.......TT..........RRRRRRR...TT......::..RRR..........TTT..T.................::........RRRRR..TTT..TTT.......RRR.....::.....T...........T..TT..............TT::....TTTT............TTTTTTT..........T::.................TT
TTT.......RRRRRRRRR::RR...............T..TRRRRR....TTTTTT..::................TT..T.................::.......RRRRRRR..TT..TTTT.....RRRRR...T::....................T..............TTT::......TT.RRR........TTTTTTT.........TT::..................T
TTT........RRRRR.RR::R................T..TTRRR.....TTTTTT..::.................T..T.................::........RRRRR...TT..TTTT....RRRRRRR.TT::........TTT.........T...............TT::........RRRRR....T..TTTTTT....TT...TTT::......RRRTT.......T
TTT.......T.RRRRR.R::....................TTT...............::.................T....................::.........RRR.RRRTT..TT.......RRRRR..TT::......TTTTT......T..T.................::.......RRRRRRR..TT..TT.......TTTT.TTTT::.....RRRRRTT......T
TT........TT.RRRRR.::....................T.................::.........TT......T....................::TT..........RRRRRT..T.........RRRT....::.....TTTTTT......T..T......TT.........::........RRRRR..TTT..T.......TTTTTTTTTT::....RRRRRRRT......T
TT..........RRRRRRR::....................T..............TTT::........TTT..........................T::TTT........RRRRRRR..T..........TTT....::.....TTTT........T..T.................::.........RRR....TT..T.......TTTT...TT.::...RRRRRRRTT.....TT
TTT..........RRRRR.::TT...T...........T..T.............TTTT::........TTT.........................TT::TT..........RRRRRT..T...........TT....::.....TTT.........T..T.................::.................T..TT......TTTTT.....::..RRRRRRR.TT.....TT
TTTTTTTT......RRR..::TTTTTTTT........TT..TT..........TTTTTT::.......TTTTTTTTTTT..T..............TTT::TT...........RRRTT..TT...............T::....TTTTT........T..T.................::.......TTT.......T..TTTT....TTTTT.....::..TRRRRR.TTT.....TT
TTTTTTTTTTTTTTTTTTT::TTTTTTTTTTTTTTTTTT..TTTTTTTTTTTTTTTTTT::..TTTTTTTTTTTTTTTT..TTTTTTTT..TTTTTTTT::TT..TTTTTTT..TTTTT..TTTT......T.T.TTTT::TTTTTTTTTTTTTTT.TT..TT..TTT....TT..TTT::......TTTTT.....TT..TTTTTTTTTTTTTTTTTT::TTTTRRRTTTTTT...TTT
TTTTTTTTTTTTTTTTTTTTTTTTTTTTTTTTTTTTTTTTTTTTTTTTTTTTTTTTTTTTTTTTTTTTTTTTTTTTTTTTTTTTTTTTTTTTTTTTTTTTTTTTTTTTTTTTTTTTTTTTTTTTTTTTTTTTTTTTTTTTTTTTTTTTTTTTTTTTTTTTTTTTTTTTTTTTTTTTTTTTTTTTTTTTTTTTTTTTTTTTTTTTTTTTTTTTTTTTTTTTTTTTTTTTTTTTTTTTTTTT
