KKKKKKKKKKKKKKKKKKKKKKKKKKKKKKKKKKKKKKKKKKKKKKKKKKKKKKKKKKKKKKKK
KxxxxxxxxxxxxxxxxxxxxKKKKKKKKKKKKKKKKKKKKKKKKKKKKKKKKKKKKKKKKKKK
KxxxxxxxxxxxxxxxxxxxxKKKKKKKwwwwwwwwwwwwwwwwwwwKKKKKKKKKKKKKKKKK
KxxcccxxxxxxxxxxcccxxKKKKKKKwwwwwwwwwwwwwwwwwwwKKKKKKKKKKKKKKKKK
KxxcccxxxxxxxxxxcccxxKKKKKKKwwcccccccwwccccccwwKKKKKKKKKKKKKKKKK
Kxxxxxxx~~~~~~xxxxxxxKKKKKKKwwwwwwwwwwwwwwwwwwwKKKKKKKKKKKKKKKKK
Kxxxxxxx~~~~~~xxxxxxxKKKKKKKwwwwwwwwwwwwwwwwwwwKKKKKKKKKKKKKKKKK
Kxxcccxx~~~~~~xxxxxxxKKKKKKKwwcccccccwwccccccwwKKKKKKKKKKKKKKKKK
Kxxcccxx~~~~~~xxxxxxxKKKKKKKwwwwwwwwwwwwwwwwwwwKKKKKKKKKKKKKKKKK
Kxxxxxxx~~~~~~xxcccxxKKKKKKKwwwwwwwwwwwwwwwwwwxxxxxxxxxxxxKKKKKK
KxxxxxxxxxxxxxxxcccxxKKKKKKKwwcccccccwwccccccwxxxxxxxxxxxxKKKKKK
KxxxxxxxxxxxxxxxxxxxxKKKKKKKwwwwwwwwwwwwwwwwwwwKKKKKKKKKxxKKKKKK
KxxxxxxxxxxxxxxxxxxxxxxxxxxxwwwwwwwwwwwwwwwwwwwKKKKKKKKKxxKKKKKK
Kxx<xxxxxxxxxxxxxxxxxxxxxxxxwwcccccccwwccccccwwKKKKKKKKKxxKKKKKK
KxxxxxxxxxxxxxxxxxxxxKKKKKKKwwwwwwwwwwwwwwwwwwwKKKKKKKKKxxKKKKKK
KKKKKKKKKKKKKKKKKKKKKKKKKKKKwwwwwwwwwwwwwwwwwwwKKKKKKKKKxxKKKKKK
KKKKKKKKKKKKKKKKKKKKKKKKKKKKwwwwwwwwwxxwwwwwwwwKKKKKKKKKxxKKKKKK
KKKKKKKKKKKKKKKKKKKKKKKKKKKKKKKKKKKKKxxKKKKKKKKKKKKKKKKKxxKKKKKK
KKKKKKKKKKKKKKKKKKKKKKKKKKKKKKKKKKKKKxxKKKKKKKKKKKKKKKKKxxKKKKKK
KKKKKKKKKKKKKKKKKKKKKKKKKKKKKKKKKKKKKxxKKKKKKKKKKKKKKKKKxxKKKKKK
KKKKKKKKKKKKKKKKKKKKKKKKccccccccccccccccccccccccrrrrrrrrxxrrrrrK
KKKKKKKKKKKKKKKKKKKKKKKKcwwwwwcwwwwwcwwwwwcwwwwwrrrrrrrrxxrrrrrK
KKKKKKKKKKKKKKKKKKKKKKKKcwwwwwcwwwwwcwwwwwcwwwwwrrrrcccccccrrrrK
KKKKKKKKKKKKKKKKKKKKKKKKccccwwcwwcwwcwwcwwccccwwrrrrcccccccrrrrK
KKKKKKKKKKKKKKKKKKKKKKKKcwwcwwwwwcwwwwwcwwwwwwwwrrrrcccccccrrrrK
KKKKKKKKKKKKKKKKKKKKKKKKcwwcwwwwwcwwwwwcwwwwwwwwrrrrrrrrrrrrrrrK
KKKKKKKKKKKKKKKKKKKKKKKKcwwcccccccccccccccccccwwrrrrrrrrrrrrrrrK
KKKKKKKKKKKKKKKKKKKKKKKKcwwwwwwwwwwwwwwwwwwwwcwwrrrrrrrrrrrrrrrK
KKKKKKKKKKKKKKKKKKKKKKKKcwwwwwwwwwwwwwwwwwwwwcwwrrrrrrrrrrrrrrrK
KKKKKKKKKKKKKKKKKKKKKKKKcwwcccccccccccccwwccccwwrrrrrrrrrrrrrrrK
KKKKKKKKKKKKKKKKKKKKKKKKcwwcwwwwwwwwwwwcwwcwwwwwrrrrrrrrrrrrrrrK
KKKKKKKKKKKKKKKKKKKKKKKKcwwcwwwwwwwwwwwcwwcwwwwwrrrrrrrrrrrrrrrK
KKKKKKKKKKKKKKKKKKKKKKKKcwwcwwcccccccwwccccwwcccrrrrrrrrrrrrrrrK
KKKKKKKKKKKKKKKKKKKKKKKKcwwwwwwwwwwwcwwwwwwwwwwwrrrrrrrrrrrrrrrK
KKKKKKKKKKKKKKKKKKKKKKKKcwwwwwwwwwwwcwwwwwwwwwwwrrrrrrrrrrrrrrrK
KKKKKKKKKKKKKKKKKKKKKKKKccccccccccccccccccccccccxxrrrrrrrrrrrrrK
KKKKKKKKKKKKKKKKKKKKKKKKKKKKKKKKKKKKKKKKKKKKKKKKxxrrrrrrrrrrrrrK
KKKKKKKKKKKKKKKKKKKKKKKKKKKKKKKKKKKKKKKKKKKKKKKKrrrrrrrrrrrrrrrK
KKKKKKKKKKKKKKKKKKKKKKKKKKKKKKKKKKKKKKKKKKKKKKKKKKKKKKKKKKKKKKKK
KKKKKKKKKKKKKKKKKKKKKKKKKKKKKKKKKKKKKKKKKKKKKKKKKKKKKKKKKKKKKKKK
