KKKKKKKKKKKKKKKKKKKKKKKKKKKKKKKKKKKKKKKKKKKKKKKKKKKKKKKKKKKKKKKKKKKKKKKKKKKKKKKKKKKKKKKKKKKKKKKKKKKKKKKKKKKKKKKKKKKKKKKKKKKKKKKKKKKKKKKKKKKKKKKKKKKKKKKKKKKKKKKKKKKKKKKKKKKKKKKKKKKKKKKKKKKKKKKKKKKKKKKKKKKKKKKKKKKKKKKKKKKKKKKKKKKKKKKKKKKKKKKK
KKKKKKKKKKKKKKKKKKKKKKKKKKKKKKKKKKKKKKKKKKKKKKKKKKKKKKKKKKKKKKKKKKKKKKKKKKKKKKKKKKKKKKKOOOOKOOKKKKKKKKKKKKKKKKKKKKKKKKKKKKKKKKKKKKKKKKKKKKKKKKKKKKKKKKKKKKKKKKKKKKKKKKKKKKKKKKKKKKKKKKKKKKKKKKKKKKKKKKKKKKKKKKKKKKKKKKKKKKKKKKKKKKKKKKKKKKKKKKKK
KKKKKKKKKKKKKKKKKKKKKKKKKKKKKKKKKKKKKKKKKKKKKKKKKKKKKKKKKKKKKKKKKKKKKKKKKKKKKKKKKKKKKKOKKKOOOKKKKKKKKKKKKKKKKKKKKKKKKKKKKKKKKKKKKKKKKKKKKKKKKKKKKKKKKKKKKKKKKKKKKKKKKKKKKKKKKKKKKKKKKKKKKKKKKKKKKKKKKKKKKhhKKKKKKKKKKKKKKKKKKKKKKKKKKKKKKKKKKKKK
KKKKKKKKKKKKKKKKKKKKKKKKKKKKKKKKKKKKKKKKKKKKKKKKKKKKKKKKKKKKKKKKKKKKKKKKKKKKKKKKKKKKKKKKKKOOKKKKKKKKKKKKKKKKKKKKKKKKKKKKKKKKKKKKKKKKKKKKKKKKKKKKKKKKKKKKKKKKKKKKKKKKKKKKKKKKKKKKKKKKKKKKKKKKKKKKKKKKKKKKhKhKKKKKKKKKKKKKKKKKKKKKKKKKKKKKKKKKKKKK
KKKKKKKKKKKKKKKKKKKKKKKKKKKKKKKKKKKKKKKKKKKKKKKKKKKKKKKKSKKKKKKKKKKKKKKKKKKKKKKKKKKKKKKKKKKKKKKKKKKKKKKKKKKKKKKKKKKKKKKKKKKKKKKKKKKKKKKKKKKKKKKKKKKKKKKKKKKKKKKKKKKKKKKKKKKKKKKKKKKKKKKKKKKKKKKKKKKKKKKKhKKKKKKKKKKKKKKKKKKKKKKKKKKKKKKKKKKKKKKK
KKKKKKKKKKKKKKKKKKKKKKKKKKKKKKKKKKKKKKKKKKKKKKKKKKKKKKKSSKKKKKKKKKKKKKKKKKKKKKKKKKKKKKKKKKKKKKKKKKKKKKKKKKKKKKKKKKKKKKKKKKKKKKKKKKKKKKKKKKKKKKKKKKKKKKKKKKKKKKKKKKKKKKKKKKKKKKKKKKKKKKKKKKKKKKKKKKKKKKKKhKKKKKKKKKKKKKKKKKKKKKKKKKKKKKKKKKKKKKKK
KKKKKKKKKKKKKKKKKKKKKKKKKKKKKKKKKKKKKKKKKKKKKKKKKKKKKKKSSSKKKKKKKKKKKKKKKKKKKKKKKKKKKKKKKKKKKKKKKKKKKKKKKKKKKKKKKKKKKKKKKKKKKKKKKKKKKKKKKKKKKKKKKKKKKKKKKKKKKKKKKKKKKKKKKKKKKKKKKKKKKKKKKKKKKKKKKKKKKKKKKKKKKKKKKKKKKKKKKKKKKKKKKKKKKKKKKKKKKKKK
KKKKKKKKKKKKKKKKKKKKKKKKKKKKKKKKKKKKKKKKKKKKKKKKKKKKKKSSSSKKKKKKKKKKKKKKKKKKKKKKKKKKKKKKKKKKKKKKKKKKKKKKKKKKKKKKKKKKKKKKKKKKKKKKKKKKKKKKKKKKKKKKKKKKKKKKKKKKKKKKKKKKKKKKKKKKKKKKKKKKKKKKKKKKKKKKKKKKKKKKKKKKKKKKKKKKKKKKKKKKKKKKKKKKKKKKKKKKKKKK
KSKKKKKKKKKKKKKKKKKKKKKKKKKKKKKKKKKKKKKKKKKKKKKKKKKKKKKKKKKKKKKKKKKKKKKKKKKKKKKKKKKKKKKKKKKKKKKKKKKKKKKKKKKKKKKKKKKKKKKKKKKKKKKKKKKKKKKKKKKKKKKKKKKKKKKKKKKKKKKKKKKKKKKKKKKKKKKKKKKKKKKKKKKKKKKKKKKKKKKKKKKKKKKKKKKKKKKKKKKKKKKKKKKKKKKKKKKKKKKK
KKSKKKKKKKKKKKKKKKKKKKKKKKKKKKKKKKKKKKKKKKKKKKKKKKKKKKKKKKKKKKKKKKKKKKKKKKKKKKKKKKKKKKKKKKKKSSKKKKKKKKKKKOKKKKKKKKKKKKKKKKKKKKKKKKKKKKKKKKKKKKKKKKKKKKKKKKKKKKKKKKKKKKKKKKKKKKKKKKKKKKKKKKKKKKKKKKKKKKKKKKKKKKKKKKKKKKKKKKKKKKKKKKKKKKKKKKKKKKKK
KKKSKKKKKKKKKKKKKKKKKKKKKKKKKKKKKKKKKKKKSSKKKKKKKKKKKKKKKKKKKKKKKKKKKKKKKKKKKKKKKKKKKKKKKKKKSSKKKKKKKKKKOOKKKKKKKKKKKKKKKKKKKKKKKKKKKKKKKKKKKKKKkKKKKKKKKKKKKKKKKKKKKKKKKKKKKKKKKKKKKKKKKKKKKKKKKKKKKKKKKKKKKKKKKKKKKKKKKKKKKKKKKKKKKKKKKKKKKKKK
KKSKSSKKKKKKKKKKKKKKKKKKKKKKKKKKKKKKKKSKSSSKKKKKKKKKKKKKKKKKKKKKKKKKKKKKKKKKKKKKKKKKKKKKKKKKKKSKKKKKKKKKKOOKKKKKKKKKKKKKKKKKKKKKKKKKKKOKKKKKKKKkkkKKKKKKKKKKKKKKKKKKKKKKKKKKKKKhhKKKKKKKKKKKKKKKKKKKKKKKKKKKKKKKKKKKKKKKKKKKKKKKKKKKKKKKKKKKKKKK
KKKSSKKKKKKKKKKKKKKKKKKKKKKKKKKKKKKKKKKSSKKKKKKKKKKKKKKKKKKKKKKKKKKKKKKKKKKKKKKKKKKKKKKKKKKKKKKSKKKKKKKKKOOOKKKKKKKKKKKKKKKKKKKKKKKKKKOKKKKKKKKkkkkKKKKKKKKKKKKKKKKKKKKKKKKKKKhKKKKKKKKKKKKKKKKKKKKKKKKKKKKKKKKKKKKKKKKKKKKKKKKKKKKKKKKKKKKKKKKK
KKKKSKKKKKKKKKKKKKKKKKKKKKKKKKKKKKKKKKKKKKKKKKKKKKKKKKKKKKKKKKKKKKKKKKKKKKKKKKKKKKKKKKKKKKKKKKKSSKKKKKKKKKOKKKKKKKKKKKKKKKKKKKKKKKKKKKOOKKKKKKKKkkkkKKKKKKKKKKKKKKKKKKKKKKKKKKKhKKKKKKKKKKKKKKKKKKKKKKKKKKKKKKKKKKKKKKKKKKKKKKKKKKKKKKKKKKKKKKKK
KKKKKKKKKKKKKKKKKKKkkKKKKKKKKKKKKKKKKKKKKKKKKKKKKKKKKKKKKKKKKKKKKKKKKKKKKKKKKKKKKKKKKKKKKKKKKKKSKKKKKKKKKKKKKKKKKKKKKKKKKKKKKKKKKKKKKKOKKKKKKKKKkkkkKKKKKKKKKKKKKKKKKKKKKKKKKKhKKKKKKKKKKKKKKKKKKKKKKKKKKKKKKKKKKKKKKKKKKKKKKKKKKKKKKKKKKKKKKKKK
KKKKKKKKKKKKKKKKKKKkkKKKKKKKKKKKKKKKKKKKKKKKKKKKKKKKKKKKKKKKKKKKKKKKKKKKKKKKKKKKKKKKKKKKKKKKKKKKKKKKKKKKKKKKKKKKKKKKKKKKKKKKKKKKKKKOKKOKKKKKKKKKKkkKKKKKKKKKKKKKKKKKKKKKKKKKKKhKKKKKKKKKKKKKKKKKKKKKKKKKKKKKKKKKKKKKKKKKKKKKKKKKKKKKKKKKKKKKKKKK
KKKKKKKKKKKKKKKKKKKkkKKKKKKKKKKKKKKKKKKKKKkkKKKKKKKKKKKKKKKKKKKKKKKKKKKKKKKKKKKKKKKKKKKKKKKKKKKKKKKKKKKKKKKKKKKKKKKKKKKKKKKKKKKKKKKKOOKKKKKKKKKKKKKKKKKKKKKKKKKKKKKKKKKKKKKKKKKKKKKKKKKKKKKKKKKKKKKKKKKKKKKKKKKKKKKKKKKKKKKKKKKKKKKKKKKKKKKKKKKK
KKKKKKKKKKKKKKKKKKKKKKKKKKKKKKKKKKKKKKKKKkkkkKKKKKKKKKKKKKKKKKKKKKKKKKKKKKKKKKKKKKKKKKKKKKKKKKKKKKKKKKKKKKKKKKKKKKKKKKKKKKKKKKKKKKKKOKKKKKKKKKKOOKKKKKKKKKKKKKKKKKKKKKKKKKKKKKKKKKKKKKKKKKKKKKKKKKKKKKKKKKKKKKKKKKKKKKKKKKKKKKKKKKKKKKKKKKKKKKKK
KKKKKKKKKKKKKKKKKKKKKKKKKKKKKKKKKKKKKKKKkkkkkKKKKKKKKKKKKKKKKKKKKKKKKKKKKKKKKKKKKKKKKKKKKKKKKKKKKKKKKKKKKKKKKKKKKKKKKKKKKKKKKKKKKKKOKKKKKKKKKKKOOKKKKKKKKKKKKKKKKKKKKKKKKKKKKKKKKKKKKKKKKKKKKKKKKKKKKKKKKKKKKKKKKKKKKKKKKKKKKKKKKKKKKKKKKKKKKKKK
KKKKKKKKKKKKKKKKKKKKKKKKKKKKKKKKKKKKKKKkkkkkkKKKKKKKKKKKKKKKKKKKKKKKKKKKKKKKKKKKKKKKKKKKKKKKKKKKKKKKKKKKKKKKKKKKKKKKKKKKSSKKKKKKOOOKKKKKKKKKKKKKOKKKKKKKKKKKKKKKKKKKKKKKKKKKKKKKKKKKKKKKKKKKKKKKKKKKKKKKKKKKKKKKKKKKKKKKKKKKKKKKKKKKKKKKKKKKKKKK
KKKKKKKKKKKKKKKKKKKKKKKKKKKKKKKKKKKKKKkkkkkkkKKKKKKKKKKKKKKKKKKKKKKKKKKKKKKKKKKKKKKKKKKKKKKKKKKKKKKKKKKKKKKKKKKKKKKKKKKKSSKKKKKKKOKKKKKKKKKKKKKKKOKKKKKKKKKKKKKKKKKKKKKKKKKKKKKKKKKSKKKKKKKKKKKKKKKKKKKKKKKKKKKKKKKKKKKKKKKKKKKKKKKKKKKKKKKKKKKK
KKKKKKKKKKKKKKKKKKKKKKKKKKKKKKKKKKKKKKkkkkkkkKKKKKKKKKKKKKKKKKKKKKKKKKKKKKKKKKKKKKKKKKKKKKKKKKKKKKKKKKKKKKKKKKKKKKKKKKKKKKSKKKKKKKKKKKKKKKKKKKKKKOKKKKKOOKKKKKKKKKKKKKKKKKKKKKKKKKKSKKKKKKKKKKKKKKKKKKKKKKKhhhKKKKKKKKKKKKKKKKKKKKKKKKKKKKKKKKKK
KKKOKKKKKKKKKKKKKKKKKKKKKKKKKKKKKKKKKKKkkkkkKKKKKKKKKKKKKKKKKKKKKKKKKKKKKKKKKKKKKKKKKKKKKKKKKKKKKKKKKKKKKKKKKKKKKKKKKKKKKSSKKKKKKKKKKKKKKKKKKKKKKKOKKKOKOOKKGKKKKKKKKKKKKKKKKKKKKKSKKKKKKKKKKKKKKKKKKKKKKKKKhhKKKKKKKKKKKKKKKKKKKKKKKKKKKKKKKKKK
KKKOKKKKKKKKKKKKKKKKKKKKKKKKKKKKKKKKKKKKkkKKKKKKKKKKKKKKKKKKKKKKKKKKKKKKKKKKKKKKKKKKKKKKKKKKKKKKKKKKKKKKKKKKKKKKKKKKKKKKKKSKKKKKKKKKKKKKKKKKKKKKKKKOKKOOOKGGGKKKKKKKKKKKKKKKKKKKKKSSKKKKKKKKKKKKKKKKKKKKKKKKhKKKKKKKKKKKKKKKKKKKKKKKKKKKKKKKKKKK
KKKOKKKKKKKKKKKKKKKKKKKKKKKKKKKKKKKKKKKKKKKKKKKKKKKKKKKKKKKKKKKKKKKKKKKKKKKKKKKKKKKKKKKKKKKKKKKKKKKKKKKKKKKKKKKKKKKKKKKKKKKKKKKKKKKKKKKKKKKKKKKKKKOKKKKKOOOKKKKKKKKKKKKKKKKKKKKKKKSSKKKKKKKKKKKKKKKKKKKKKKKKKKKKKKKKKKKKKKKKKKKKKKKKKKKKKKKKKKKK
KOOKOOKKKKKKKKKKKKKKKKKKKKKKKKKKKKKKKKKKKKKKKKKKKKKKKKKKKKKKKKKKKKKKKKKKKKKKKKKKKKKKKKKKKKKKKKKKKKKKKKKKKKKKKKKKKKKKKKKKKKKKKKKKKKKKKKKKKKKKKKKKKOKKKKKKKOOOKKKKKKKKKKKKKKKKKKKKKKKKKKKKKKKKKKKKKKKKKKKKKKKKKKKKKKKKKKKKKKKKKKKKKKKKKKKKKKKKKKKK
KKOOKOKKKKKKKKKKKKKKKKKKKKKKKKKKKKKKKKKKKKKKKKKKKKKKKKKKKKKKKKKKKKKKKKKKKKKKKKKKKKKKKKKKKKKKKKKKKKKKKKKKKKKKKKKKKKKKKKKKKKKKKKKKKKKKKKKKKKKKKKKKKKKKKKKKKOOOKKKKKKKKKKKKKKKKKKKKKKKKKKKKKKKKKKKKKKKKKKKKKKKKKKKKKKKKKKKKKKKKKKKKKKKKKKKKKKKKKKKK
KKOOOKKKKKKKKKKKKKKKKKKKKKKKKKKKKKKKKKKKKKKKKKKKKKKKKKKKKKKKKKKKKKKKKKKKKKKKKKKKKKKKKKKKKKKKKKKKKKKKKKKKKKKKKKKKKKKKKKKKKKKKKKKKKKKKKKKKKKKKKKKKKKKKKKKKKKOOKKKKKKKKKKKKKKKKKKKKKKKKKKKKKKKKKKKKKKKKKKKKKKKKKKKKKKKKKKKKKKKKKKKKKKKKKKKKKKKKKKKK
KKKKKKKKKKKKKKKKKKKKKKKKKKKKKKKKKKKKKKKKKKKKKKKKKKKKKKKKKKKKKKKKKKKKKKOOOOKKKKKKKKKKKKKKKKKKKKKKKKKKKKKKKKKKKKKKKKKKKKKKKKKKKKKKKKKKKKKKKKKKKKKKKKKKKKKKKKOOKKKKKKKKKKKKKKKKKKKKKKKKKKKKKKKKKKKKKKKKKKKKKKKKKKKKKKKKKKKKKKKKKKKKKKKKKKKKKKKKKKKK
KKKKKKKKKKKKKKKKKKKKKKKKKKKKKKKKKKKKKKKKKKKKKKKKKKKKKKKKKKKKKKKKKKKKKOKKOOOOOKKKKKKKKKKKKKKKKKKKKKKKKKKKKKKKKKKKKKKKKKKKKKKKKKKKKKKKKKKKKKKKKKKKKKKKKKKKKKKKOKKKKKKKKKKKKKKKKKKKKKKKKKKKKKKKKKKKKKKKKKKKKKKKKKKKKKKKKKKKKKKKKKKKKKKKKKKKKKKKKKKK
KKKKKKKKKKKKKKKKKKKKKKKKKKKKKKKKKKKKKKKKKKKKKKKKKKKKKKKKKKKKKKKKKKKKKKKKKKKKKKKKKKKKKKKKKKKKKKKKKKKKKKKKKKKKKKKKKKKKKKKKKKKKKKKKKKKKKKKKKKKKKKKKKKKKKKKKKKKKKKKKKKKKKKKKKKKKKKKKKKKKKKKKKKKKKKKKKKKKKKKKKKKKKKKKKKKKKKKKKKKKKKKKKKKKKKKKKKKKKKKK
KKKKKKKKKKKKKKKKKKKKKKKKKKKKKKKKKKKKKKKKKKKKKKKKKKKKKKKKKKKKKKKKKKKKKKKKKKKKKKKKKKKKKKKKKKKKKKKKKKKKKKKKKKKKKKKKKKKKKKKKKKKKKKKKKKKKKKKKKKKKKKKKKKKKKKKKKKKKKKKKKKKKKKKKKKKKKKKKKKKKKKKKKKKKKKKKKKKKKKKKKKKKKKKKKKKKKKKKKKKKKKKKKKKKKKKKKKKKKKKK
KKKKKKKKKKKKKKKKKKKKKKKKKKKKSKKKKKKKKKKKKKKKKKKKKKKKKKKKKKKKKKKKKKKKKKKKAKKKKKKKKKKKKKKKKKKKKKKKKKKKKKKKKKKKKKKKKKKKKKKKKKKKKKKKKKKKKKKKKKKKKKKKKKKKKKKKKKKKKKKKKKKKKKKKKKKKKKKKKKKKKKKKKKKKKKKKKKKKKKKKKKKKKKKKKKKKKKKKKKKKKKKKKKKKKKKKKKKKKKKK
KKKKKKKKKKKKKKKKKKKKKKKKKKKKKSSKKKKKKKKKKKKKKKKKKKKKKKKKKKKKKKKKKKKKKKAAAKKKKKKKKKKKKKKKKKKKKKKKKKKKKKKKKKKKKKKKKKKKKKKKKKKKKKKKKKKKKKKKKKKKKKKKKKKKKKKKKKKKKKKKKKKKKKKKKKKKKKKKKKKKKKKKKKKKKKKKKKKKKKKKKKKKKKKKKKKKKKKKKKKKKKKKKKKKKKKKKKKKKKKK
KKKKKKKKKKKKKKKKKKKKKKKKKKKKSKSKKKKKKKKKKKKKKKKKKKKKKKKKKKKKKKKKKKKKKKKKKKKKKKKKKKKKKKKKKKKKKKKKKKKKKKKKKKKKKKKKKKKKKKKKKKKKKKKKKKKKKKKKKKKKKKKKKKKKKKKKKKKKKKKKKKKKKKKKKKKKKKKKKKKKKKKKKKKKKKKKKKKKKSKKKKKKKKKKKKKKKKKKKKKKKKKKKKKKKKKKKKKKKKKK
KKKKKKKKKKKKKKKKKKKKKKKKKKKKKKSKKKKKKKKKKKKKKKKKKKOKKKKKKKKKKKKKKKKKKKKKKKKKKKKKKKKKKKKKKKKKKKKKKKKKKKKKKKKKKKKKKKKKKKKKKKKKKKSSSKKKKKKKKKKKKKKKKKKKKKKKKKKKKKKKKKKKKKKKKKKKKKKKKKKKKKKKKKKKKKKKKKKKKKSKSOKKKKKKKKKKKKKKKKKKKKKKKKKKKKKKKKKKKKKK
KKKKKKKKKKKKKKKKKKKKKKKKKKKKKSKKKKKKKKKKKKKKKKKKKOOKKKKKKKKKKKKOOKKKKKKKKKKKKKKKKKKKKKKKKKKKKKKKKKKKKKKKKKKKKKKKKKKKKKKKKKKKKKKKKSKKKKKKKKKKKKKKKKKKKKKKKKKKKKKKKKKKKKKKKKKKKKKKKKKKKKKKKKKKKKKKKKKKKKKSOOKKKKKKKKKKKKKKKKKKKKKKKKKKKKKKKKKKKKKK
KKKKKKKKKKKKKKKKKKKKKKKKKKKKKSKKKKKKKKKKKKKKKKKKOKOKKKKKKKKKKKOOOKKKKKKKKKKKKKKKKKKKKKKKKKKKKKKKKKKKKKKKKKKKKKKKKKKKKKKKKKKKKKKKKSSKKKKKKKKKKKKKKKKKKKKKKKKKKKKKKKKKKKKKKKKKKKKKKKKKKKKKKKKKKKKKKKKKKKSKOKSKKKKKKKKKKKKKKKKAAKKKKKKKKKKKKKKKKKKK
KKKKKKKKKKKKKKKKKKKKKKKKKKKKKKKKKKKKKKKKKKKKKKKKOOKKKKKKKKKKKKKOKKKKKKKKKKKKKKKKKKKKKKKKKKKKKKKKKKKKKKKKKKKKKKKKKKKKKKKKKKKKKKKKKSSSKKKKKKKKKKKKKKKKKKKKKKKKKKKKKKKKKKKKKKKKKKKKKKKKKKKKKKKKKKKKKKKKKKKOKKSSKKKKKKKKKKKKKKKAKKKKKKKKKKKKKKKKKKKK
KKKKKKKKKKKKKKKKKKKKKKKKKKKKKKKKKKKKKKKKKKKKKKKKKKOOOKKKKKKKKKKOKKKKKKKKKKKKKKKKKKKKKKKKKKKKKKKKKKKKKKKKKKKKKKKKKKKKKKKKKKKKKKKKKKSKKKKKKKAKKKKKKKKKKKKKKKKKKKKKKKKKKKKKKKKKKKKKKKKKKKKKKKKKKKKKKKKKKKOKOKSKKKKKKKKKKKKKKKKKKKKKKKKKKKKKKKKKKKKK
KKKKKKKKKKKKKKKKKKKKKKKKKKKKKKKKKKKKKKKKKKKKKKKKKKKOKKKKKKKKKKKKOKKKKKKKKKKKKKKKKKKKKKKKKKKKKKKKKKKKKKKKKKKKKKKKKKKKKKKKKKKKKKKKKKKKKKKKKKAKKKKKKKKKKKKKKKKKKKKKKKKKKKKKKKKKKKKKKKKKKKKKKKKKKKKKKKKKKKKKOOKKKKKKKKKKKKKKKKKKKKKKKKKKKKKKKKKKKKKK
KKKKKKKKKKKKKKKKKKKKKKKKKKKKKKKKKKKKKKKKKKKKKKKKKKKKKKKKKKKKKKKOOKKKKKKKKKKKKKKKKKKKKKKKKKKKKKKKKKKKKKKKKKKKKKKKKKKKKKKKKKKKKKKKKKKKKKKKKKKKKKKKKKKKKKKKKKKKKKKKKKKKKKKKKKKKKKKKKKKKKKKKKKKKKKKKKKKKKKKKOOKKKKKKKKKKKKKKKKKKKKKKKKKKKKKKKKKKKKKK
KKKKKKKKKKKKKKKKKKKKKKKKKKKKKKKKKKKKKKKKKKKKKKKKKKKKKKKKKKKKKKKKOKKKKKKKKKKKKKKKKKKKKKKKKKKKKKKKKKKKKKKKKKKKKKKKKKKKKKKKKKKKKKKKKKKKKKKKKKKKKKKKKKKKKKKKKKKKKKKKKKKKKKKKKKKKKKKKKKKKKKKKKKKKKKKKKKKKKKKKKKKKKKKKKKKKKKKKKKKKKKKKKKKKKKKKKKKKKKKK
KKKKKKKKKKKKKKKKKKKKKKKKKKKKKKKKKKKKKKKKKKKKKKKKKKKKKKKKKKKKKKKKKKKKKKKKKKKKKKKKKKKKKKKKKKKKKKKKKKKKKKKKKKKKKKKKKKKKKKKKKKKKKKKKKKKKKKKKKKKKKKKKKKKKKKKKKKKKKKKKKKKKKKKKKKKKKKKKKKKKKKKKKKKKKKKKKKKKKKKKKKKKKKKKKKKKKKKKKKKKKKKKKKKKKKKKKKKKKKKK
KKKKKKKKKKKKKKKKKKKKKKKKKKKKKKKKKKKKKKKKKKKKKKKKKKKKKKKKKKKKKKKKKKKKKKKKKKKKKKKKKKKKKKKKKKKKKKKKKKKKKKKKKKKKKKKKKKKKKKKKKKKKKKKKKKKKKKKKKKKKKKKKKKKKKKKKKKKKKKKKKKKKKKKKKKKKKKKKKKKKKKKKKKKKKKKKKKKKKKKKKKKKKKKKKKKKKKKKKKKKKKKKKKKKKKKKKKKKKKKK
KKKKKKKKKKKKKKKKKKKKKKKKKKKKKKKKKKKKKKKKKKKKKKKKKKKKKKKKKKKKKKKKKKKKKKKKKKKKKKKKKKKKKKKKKKKKKKKKKKKKKKKKKKKKKKKKKKKKKKKKKKKKKKKKKKKKKKKKKKKKKKKKKKKKKKKKKKKKKKKKKKKKKKKKOKKKKKKKKKKKKKKKKKKKKKKKKKKKKKKKKKKKKKKKKKKKKKKKKKKKKKKKKKKKKKKKKKKKKKKK
KKKKKKKKKKKKKKKKKKKKKKKKKKKKKKKKKKKKKKKKKKKKKKKKKKKKKKKKKKhhKKKKKKKKKKKKKKKKKKKKKKKKKKKKKKKKKKKKKKKKKKKKKKKKKKKKKKKKKKKKKKKKKKKKKKKKKKKKKKKKKKKKKKKKKKKKKKKKKKKKKKKKKKKKKOOKKOKKKKKKKKKKKKKKKKKKKKKKKKKKKKKKKKKKKKKKKKKKKKKKKKKKKKKKKKKKKKKKKKKK
KKKKKKKKKKKKKKKKKKKKKKKKKKKKKKKKKKKKKKKKKKKKKKKKKKKKKKKKKKKKhKKKKKKKKKKKKKKKKKKKKKKKKKKKKKKKKKKKKKKKKKKKKKKKKKKKKKKKKKKKKKKKKKKKKKKKKKKKKKKKKKKKKKKKKKKKKKKKKKKKKKKKKKKKKOOOOOKKKKKKKKKKKKKKKKKKKKKKKKKKKKKKKKKKKKKKKKOKOOOKKKKKKKKKKKKKKKKKKKKK
KKKKKKKKKKKKKKKKKKKKKKKKKKKKKKKKKKKKKKKKKKKKKKKKKKKKKKKKKKKhKKKKKKKKKKKKKKKKKKKKKKKKKKKKKKKKKKKKKKKKKKKKKKKKKKKKKKKKKKKKKKKKKKKKKKKKKKKKKKKKKKKKKKKKKKKKKKKKKKKKKKKKKKKKKKKKOOKKKKKKKKKKKKKKKKKKKKKKKKKKKKKKKKKKKKKKKKKOOOKKKKKKKKKKKKKKKKKKKKKK
KKKKKKKKKKKKKKKKKKKKKKKKKKKKKKKKKKKKKKKKKKKKKKKKKKKKKKKKKKKhhKKKKKKKKKKKSSSSKKKKKKKKKKKKKKKKKKKKKKKKKKKKSKKKSKKKKKKKKKKKKKKKKKKKKKKKKKKKKKKKKKKKKKKKKKKKKKKKKKKKKKKKKKKKKKKKKKOKKKKKKKKKKKKKKKKKKKKKKKKKKKKKKKKKKKKKKKKKOOKKKKKKKKKKKKKKKKKkKKKK
KKKKKKKKKKKKKKKKKKKKKKKKKKKKKKKKKKKKKKKKKKKKKKKKKKKKKKKKKKKKKKKKKKKKKKKKKSSSKKKKKKKKKKKKKKKKKKKKKKKKKKKKSSSSSKKKKKKKKKKKKKKKKKKKKKKKKKKKKKKKKKKKKKKKKKKKKKKKKKKKKKKKKKKKKKKKKKKKKKKKKKKKKKKKKKKKKKKKKKKKKKKKKKKKKKKKKKKKKKOKKKKKKKKKKKKKKKKkKKKK
KKKKKKKKKKKKKKKKKKKKKKKKKKKKKKKKKKKKKKKKKKKKKKKKKKKKKKKKKKKKKKKKKKKKKKKKKSKSKKKKKKKKKKKKKKKKKKKKKKKKKKKKSKKKKKKKKKKKKKKKKKKKKKKKKKKKKKKKKKKKKKKKKKKKKKKKKKKKKKKKKKKKKKKKKKKKKKKKKKKKKKKKKKKKKKKKKKKKKKKKKKKKKKKKKKKKKKKKKKOKKKKKKKKKkKKKKKKKKKKK
KKKKKKKKKKKKKKKKKKKKKKKKKKKKKKKKKKKKKKKKKKKKKKKKKKKKKKKKKKKKKKKKKKKKKKKKKKKKKKKKKKKKKKKKKKKKKKKKKKKKKKKKSKKKKKKKKKKKKKKKKKKKKKKKKKKKKKKKKKKKKKKKKKKKKKKKKKKKKKKKKKKKKKKKKKKKKKKKKKKKKKKKKKKKKKKKKKKKKKKKKKKKKKKKKKKKKKKKKOOKKKKKKKKKkkKKKKKKKKKK
KKKKKKKKKKKKKKKKKKKKKKKKKKKKKKKKKKKKKKKKKKKKKKKKKKKKKKKKKKKKKKKKKKKKKKKKKKKKKKKKKKKKKKKKKKKKKKKKKKKKKKKSKKKKKKKKKKKKKKKKKKKKKKKKKKKKKKKKKKKKKKKKKKKKKKKKKKKKKKKKKKKKKKKKKKKKKKKKKKKKKKKKKKKKKKKKKKKKKKKKKKKKKKKKKKKKKKKKKKKKKKKKKKKkkKKKKKKKKKKK
KKKKKKKKKKKKKKKKKKKKKKKKKKKKKKKKKKKKKKKKKKKKKKKKKKKKKKKKKKKKKKKKKKKKKKKKKKKKKKKKKKKKKKKKKKKKKKKKKKKKKKKSKKKKKKKKKKKKKKKKKKKKKKKKKKKKKKKKKKKKKKKKKKKKKKKKKKKKKKKKKKKOOKKKKKKKKKKKKKKKKKKKKKKKKKKKKKKKKKKKKKKKKKKKKKKKKKKKKKKKKKKKKKkkkKKKKKKKKKKK
KKKKKKKKKKKKKKKKKKKKKKKKKKKKKKKKKKKKKKKKKKKKKKKKKKKKKKKKKKKKKKKKKKKKKKKKKKKKKKKKKKKKKKKKKKKKKKKKKKKKKKKKKKKKKKKKKKKKKKKKKKKKKKKKKKKKKKKKKKKKKKKKKKKKKKKKKKKKKKKKKKKKOOKKKKKKKKKKKKKKKKKKKKKKKKKKKKKKKKKKKKKKKKKKKKKKKKKKKKKKKKKKKKkkKKKKKKKKKKKK
KKKKKKGKGKKKKKKKKKKKKKKKKKKKKKKKKKKKKKKKKKKKKKKKKKKKKKKKKKKKKKKKKKKKKKKKKKKKKKKKKKKKKKKKKKKKKKKKKKKKKKKKKKKKKKKKKKKKKKKKKKKKKKKKKKKKKKKKKKKKKKKKKKKKKKKKKKKKKKKKKKOOKKKKKKKKKKKKKKKKKKKKKKKKKKKKKKKKKKKKKKKKKKKKKKKKKKKKKKKKKKKKKKKKKKKKKKKKKKKK
KKKKKKKGGKKKKKKKKKKKKKKKKKKKKKKKKKKKKKKKKKKKKKKKKKKKKKKKKKKKKKKKKKKKKKKKKKKKKKKKKKKKKKKKKKKKKKKKKKKKKKKKKKKKKKKKKKKKKKKKKKKKKKKKKKKKKKKKKKKKKKKKKKKKKKKKKKKKKKKKKOOKKKKKKKKKKKKKKKKKKKKKKKKKKKKKKKKKKKKKKkkkkOKKKKKKKKKKKKKKKKKKKKKKKKKKKKKKKKKK
KKKKKKKKKKKKKKKKKKKKKKKKKKKKKKKKKKKKKKKKKKKKKKKKKKKKKKKKKKKKKKKKKKKKKKKKKKKKKKKKKKKKKKKKKKKKKKKKKKKKKKKKKKKKKKKKKKKKKKKKKKKKKKKKKKKKKKKKKKKKKKKKKKKKKKKKKKKKKKKKKKOOKKKKKKKKKKKKKKKKKKKKKKKKKKKKKKKKKKKKKkkkkkOKKKKKKKKKKKKKKKKKKKKKKKKKKKKKKKKK
KKKKKKKKKKKKKKKKKKKKKKKKKKKKKKKKKKKKKKKKKKKKKKKKKKKKKKKKKKKKKKKKKKKKKKKKKKKKKKKKKKKKKKKKKKKKKKKKKKKKKKKKKKKKKKKKKKKKKKKKKKKKKKKKKKKKKKKKKKKKKKKKKKKKKKKKKKKKKKKKKOOKOKKKKKKKKKKKKKKKKKKKKKKKKKKKKKKKKKKKKKkkkkkOKKKKKKKKKKKKKKKKKKKKKKKKKKKKKKKK
KKKKKKKKKKKKKKKKKKKKKKKKKKKKKKKKKKKKKKKKKKKKKKKKKKKKKKKKKKKKKKKKKKKKKKKKKKKKKKKKKKKKKKKKKKKKKKKKKKKKKKKKKKKKKKKKKKKKKKKKKKKKKKKKKKKKKKKKKKKKKKKKKKKKKKKKKKKKKKKKKKOOKKKKKKKKKKKKKKKKKKKKKKKKKKKKKKKKKKKKKKKKkkkOKKKKKKKKKKKKKKKKKKKKKKKKKKKKKKKK
KKKKKKKKKKKKKKKKKKKKKKKKKKKKKKKKKKKKKKKKKKKKKKKKKKKKKKKKKKKKKKKKKKKKKKKKKKKKKKKKKKKKKKKKKKKKKKKKKKKKKKKKKKKKKKKKKKKKKKKKKKKKKKKKKKKKKKKKKKKKKKKKKKKKKKKKKKKKKKKKKKKKKKKKKKKKKKKKKKKKKKKKKKKKKKKKKKKKKKKKKKKKKkkKKKKKKKKKKKKKKKKKKKKKKKKKKKKKKKKK
KKKKKKKKKKKKKKKKKKKKKKKKKKKKKKKKKKKKKKKKKKKKKKKKKKKKKKKKKKKKKKKKKKKKKKKKKKKKKKKKKKKKKKKKKKKKKKKKKKKKKKKKKKKKKKKKKKKKKKKKKKKKKKKKKKKKKKKKKKKKKKKKKKKKKKKKKKKKKKKKKKKKKKKKKKKKKKKKKKKKKKKKKKKKKKKKKKKKKKKKKKKKKKKKKKKKKKKKKKKKKKKKKKKKKKKKKKKKKKKK
KKKKKKKKKKKKKOOKKKKKKKKhKKKKKKKKKKKKKKKKKKKKKKKKKKKKKKKKKKKKKKKKKKKKKKKKKKKKKKKKKKKKKKKKKKKKKKKKKKKKKKKKKKKKKKKKKKKKKKKKKKKKKKKKKKKKKKKKKKKKKKKKKKKKKKKKKKKKKKKKKKKKKKKKKKKKKKKKKKKKKOOOKKKKKKKKKKKKKKKKKKKKKKKKKKKGGKKKKKKKKKKKKKSKKKKKKKKKKKKK
KKKKKKKKKKKKKOOOKKKKKKKKhKKKKKKKKKKKKKKKKKKKOOKKKKKKKKKKKKKKKKKKKKKKKKKKKKKKKKKKKKKKKKKKKKKKKKKKKKKKKKKKKKKKKKKKKKKKKKKKKKKKKKKKKKKKKKKKKKKKKKKKKKKKKKKKKKKKKKKKKOkkkkkKKKKKKhKKKKKKKOOKOOKKKKKKKKKKKKKKKKKKKKKKKKGKGGKKKKKOKKKKKSSSKKKKKKKKKKKK
KKKKKKKKKKKKKKOOKKKKKKKKhhKKKKKKKKKKKKKKKKKKOOKKKKKKKKKKKKKKKKKKKKKKKKKKKKKKKKKKKKKKKKKKKKKKKKKKKKKKKKKKKKKKKKKKKKKKKKKKKKKKKSKKKKKKKKKKKKKKKKKKKKKKKKKKKKKKKKKKKOkkkkkKKKKKKhhkkkKKKKAKKOOKKKKKKKKKKKKKKKKKKKKKKKKKKKKKKKKOKKKkkSSKSKKKKKKKKKKK
KKKKKKKKKKKKKKKKOKKKKKKKhKKKKKKKKKKKKKKKKKKKOOKKKKKKKKKKKKKKKKKKKKKKKKKKKKKKKKKKKKKKKKKKKKKKKKKKKKKKKKKKKKKKKKKKKKKKKKKKKKKKSSSKKKKKKKKKKKKKKKKKKKKKKKKKKKKKKKKKKOkkkkkKKKKKKhkkkkKKKKKAAKOKKKKKKK~KKKKKKKKKkkKKKKKKKKKKKKKKOKkkkkkkSKKKKKKKKKKK
KKKKKKKKKKKKKKKKOKKKKKKKKKKKKKKKKKKKKKKKKKKOKKKKKKKKKKKKKKKKKKKKKKKKKKKKKKKKKKKKKKKKKKKKKKKKKKKKKKKKKKKKKKKKKKKKKKKKKKKKKKKKSSSKKKKKKKKKKKKKKKKKKKKKKKKKKKKKKKKKKOkkkkkkkkkkkkkkkkkkkkkkkkkkkkkkkkkkkkkkkkkkkkkkkkkkkkkkkkkkkkkkkkkkKKKKKKKKKKKK
KKKKKKKKKKKKKKKKOKKKKKKKKKKKKKKKKKKKKKKKKKKKKKKKKKKKKKKKKKKKKKKKKKKKKKKKKKKKKKKKKKKKKKKKKKKKKKKKKKKKKKKKKKKKKKKKKKKKKKKKKKKKSSSKKKKKKKKKKKKKKKKKKKKKKKKKKKKKKKKKKOkkkkkKKKKKKKKKSKKKKSKKKKkkkkKKKGK~KKKKkkkkkkkKKKKKKKKKKKKOKhkKKKkKKKKKKKKKKKKK
KKKKKKKKKKKKKKKKOOKKKKKKKKKKKKKKKKKKKKKKKKKKKKKKKKKKKKKKKKKKKKKKKKKKKKKKKKKKKKKKKKKKKKKKKKKKKKKKKKKKKKKKKKKKKKKKKKKKKKKKkkKKKKKKKKKKKKKKKKKKKKKKKKKKKKKKKKKKKKKKKKOKkkKKKKKKKKKKSSSKSKKKKKKkkkkKKKG~KSKkkkkkkkKKKKKKKKkkkKOOKKhhKKkKKKKKKKKKKKKK
KKKKKKKKKKKKKKKKKKKKKKKKKKKKKKKKKKKKKKKKKKKKKKKKKKKKKKKKKKKKKKKKKKKKKKKKKKKKKKKKKKKKKKKKKKKKKKKKKKKKKKKKKKKKKKKKKKKKKKKkkkkKKKKKKKKKKKKKKKKKKKKKKKKKKKKKKKKKKKKKKKKhkkKKKKKKKKKKKSKSSKKKKKKOkkkOKKG~KSSkkkkkkKKGKKKKKkkkkkOKKKKkkkkKKKKKKKKKKKKK
KKKKKKKKKKKKKKKKKKKKKKKKKKKKKKKKKKKKKKKKKKKKKKKKKKKKKKKKKKKKKKKKKKKKKKKKKKKKKKKKKKKKKKKKKKKKKKKKKKKKKKKKKKKKKKKKKKKKKKkkkkkKKKKKKKKKKKKKKKKKKKKKKKKKKKKKKKKKKKKKKKhhkkKKKKKKKKKKKKSSKKKKKKKOOkkkKSS~KSSSkkkSKKKGKKKKkkkkkkkKKKkkkkkKKKKKKKKKKKKK
KKKKKKKKKKKKKKKKKKKKKKKKKKKKKKKKKKKKKKKKKKKKKKKKKKKKKKKKKKKKKKKKKKKKGGKKKKKKKKKKKKKKKKKKKKKKKKKKKKKKKKKKKKKKKKKKKKKKKKkkkkkkKKKKKKKKKKKKKKKKKKKKKKKKKKKKKKKKKKKKKKhKkkKKKKKKKKKKKSSSKKKKKKKKKKkkKSKK~SKhhKKKKKKKGKKkkkkkkkkkkkkkkkkKKKKKKKKKKKKK
KKKKKKKKKKKKKKKKKKKKKKKKKKKKKKKKKKKKKKKOOOKKKKKKKKKKKKKKOKKKKKKKKKKKGKKKKKKKKKKKKKKKKKKKKKKKKKKKKKKKKKKKKKKKKKKKKKKKKKKKKKKKKKKKKKKKKKKKKKKKKKKKKKKKKKKKKKKKKKKKKKKKkkKKKKKKKKKKKKKKKKKKKhKKKSkkSKSK~kKKKKKKKKOKKGKkkkkkkkkkkkkkkkkKKKKKKKKKKKKK
KKKKKKKKKKKKKKKKKKKKKKKKKKKKKKKKKKKKKKOOOKKKKKKKKKKKKKKKKOOKKKKKKKKKKKKKKKKKKKKKKKKKKKKKKKKKKKKKKKSSSSSSKKKKKKKKKKKKKKKKKKKKKKKKKKKKKKKKKKKKKKKKKKKKKKKKKKKKKKKKKKKKkkKKKKKKKKKOKKKKKKKKKKhSSKKOSSSS~kkKKKKKKKKOKGKKkkkkkkkkKKKkkkkKKKKKKKKKKKKK
KKKKKKKKKKKKKKKKKKKKKKKKKKKKKKKKKKKKKKOOOKKKKKKKKKKKKKKKKKOOKKKKKKKKKKKKKKKKKKKKKKKKKKKKKKxxxxxxxSKSKSKKKKKKKKKKKKKKKKKKKKKKKKKKKKKKKKKKKKKKKKKKKKKKKKKKKKKKKKKKKKKKkkKKKKKKKKKOOKKKKKKKhSSSSSOSSSSS~kKKKKKKKKKOKKKKKKKkkkkKKKKKKKkKKKKKKKKKKKKK
KKKKKKKKKKKKKKKKKKKKKKKKKKKKKKKKKKKKKKKKKKKKKKKKKKKKKKKKOOOKKKKKKKKKKKKKKKKKKKKKKKKKKKKKKKx<xxxxxKKKKKKKKKKKKKKOOKKKKKKKKKKKKKKKxxxxxxxxxxxxxKKKKKKKKKKKKKKKKKKKKKKKkkKKkkKKKYKOOKKKKKKKhSSSSOSSSSKK~KKKKKSKKYOKKKKKKKKKkkkKKKKKKKkKKKKKKKKKKKKK
KKKKKKKKKKKKKKKSSKKKKKKKKKKKKKKKKKKKKKKKKKKKKKKKKKKKKKKKKOOKKKKKKKKKKKKKKKKKKKKKKKKKKKKKKKxxxxxxxKKKKKKKKKKKKKOOKKKKKKKKKKKKKKKKxxxxxxxxxxxxxKKKKKKKKKKKKKKKKKKKKKKKkkKkkkkKSSKOKOKKKKKKKKSKKSSKKK~KKKKKKKKSSYOKKKKKKKKKkkkKKKKKKKkKKKKKKKKKKKKK
KKKKKKKKKKKKKKKSSKKKKKKKKKKKKKKKKKKKKKKKKKKKKKKKKKKKKKKKKKKKKKKKKKKKKKKKKKKKKKKKKKKKKKKKKKxxxxxxxxxxxxxxxxxxxxxxxxxxxxxxxxxxxxxxxxxxxxxxxxxxxKKKKKKKKKKKKKKKKKKKKKKKkkKkkkkkSSSSSOOKKKKKKKKKKKSKKK~KKKKKKKKKSSYOKKKKKKKkkkkKKKKKKKkKKKKKKKKKKKKK
KKKKKKKKKKKKKKKSKKKKKKKKKKKKKKKKKKKKKKKKKKKKKKKKKKKKKKKKKKKKKKKKKKKKKKKKKKKKKKKKKKKKKKKKKKxxxxxxxxxxxxxxxxxxxxxxxxxxxxxxxxxxxxxxxxxxxxxxxxxxxKKSKKKKKKKKKKKKKKKKKKKKkkKkkkkKSSKSSOKKKKKKKKKKKKSSKK~OKKKKKKKSSSKOKOKKKKKkkkkKKKKKKKkKKKKKKKKKKKKK
KKKKKKKKKKKKKKKSKKKKKKKKKKKKKKKKKKKKKKKKKKKKKKKKKKKKKKKKKKKKKKKKKKKKKKKKKKKKKKKKKKKKKKKKKKxxxxxxxKxKKKKKKKKOKKKKKKxxKKKKKKKKKKKKxxxxxxxxxxxxxKKKSKKKKKKKKKKKKKKKKKKKkkKkkkSKKSSSKKKKKKKKKKKKKKKSKK~OOKKKKKKKSSKOOOKKKKKkkkkKKKKKKKkKKKKKKKKKKKKK
KKKKKKKKKKKKKSSSKKKKKKKKKKKKKKKKKKKKKKKKKKKKKKKKKKKKKKKKKKKKKKKKKKKKKKKKKKKKKKKKKKKKKKKKKKxxxxxxxKxKKKKKKKOKxxxxxxxxxxxxxxxKKKKKxxxxxxxxxxxxxKKSSSSKKOKKKKKKKKKKKKKKkkKkkSKSKKKSSSKKKKKKKKKKKKKKKK~OOKKSSKSKKKSKOOKKKKKkkkkKKKKKKKkKKKKKKKKKKKKK
KKKKKKKKKKKKKKSSKKKKKKKKKKKKKKKKKKKKKKKKKKKKKKKKKKKKKKKKKKKKKKKKKKKKKKKKKKKKKKKKKKKKKKKKKKKKKKKKKKxKKKKKOOOOxxxxxxxxxxxxxxxKKKKKxxxxxxxxxxxxxKKSKKKKOOKKKKKKKKKKKKKKkkKKSSSKSKSSSSKKKKKKSkKKKKKKKkk~kOKSSSKSSSKSKSSSKKKkkkkKKKKKKKkKKKKKKKKKKKKK
KKKKKKKKKKKKKKKKKKKKKKKKKKKKKKKKKKKKKKKKKKKKKKKKKKKKKKKKKKKKKKKKKKKKKKKKKKKKKKKKKKKKKKKKKKKKKKKKKKxKOKOKOOKOxxxxxxxxxxxxxxxKKKKKxxxxxxxxxxxxxKKKKKKKOOKKKKKKKKKKKKKKkkKKKSKkkkkkKKKKKKSSkkkKKKKKbbbbbbbKKKSSSSSKSKKSKKKkkkkkkkkOOKkKKKKKKKKKKKKK
KKKKKKKKKKKKKKKKKKKKKKKKKKKKKKKKKKKKKKKKKKKKKKKKKKKKKKKKKKKKKKKKKKKKKKKKKKKKKKKKKKKKKKKKKKKKKKKKKKxKKOKOKKKKxxxxxxxxxxxxxxxKKxxxxxxxxxxxxxxxxKKKKKKKOOKKKKKKKKKKKKKKkkKKKSSkkkkkkkKKSSKkkkkKKKKKKOK~kkkKKKKShhSSKKSSKKKKkkkkkkkkKKkKKKKKKKKKKKKK
KKKKKKKKKKKKKKKKKKKKKKKKKKKKKKKKKKKKKKKKKKKKKKKKKKKKKKKKKKKKKKKKKKKKKKKKKKKKKKKKKKKKKKKKKKKKKKKKKKxKKKKKKKOKxxxxxxxxxxxxxxxKxxxKKOOOOKKKKKKKKKKKKKKOKKKKKKKKKKKKKKKKkkKKKKkkkkkkkkKSKSKkkkKKKKKKKKO~kkkkkkkkkKSSKKSSKKKKKKkkkkkkkKkKKKKKKKKKKKKK
KKKKKKKKKKKKKKKKKKKKKKKKKKKKKKKKKKKKKKKKKKKKKKKKKKKKKKKKKKKKKKKKKKKKKKKKKKKKKKKKKKKKKKKKKKKKKKKKKKxKKKKKKKOOxxxxxxxxxxxxxxxKxxxKKOKOOOKKKKKKKKKKKKOKKKKKKKKKKKKKKKKKkkKKKAkkkkkkkkKSSSKkkkKKKKKkkKO~kkkkkkkkkkSSSKSSSSKKKKKKKOSkkkkKKKKKKKKKKKKK
KKKKKKKKKKKKKKKKKKKKKKKKKKKKKKKKKKKKKKKKKKKKKKKKKKKKKKKKKKhKKKKKKKKKKKKKKKKKKKKKKKKKKKKKKKKKKKKKKKxKKOKKKKKOxxxxxxxxxxxxxxxKxxxKKKOOOKKKOOKKKKKKKKOKKKKKKKKKKKKKKKKGkkKKKkkkkKSkkKKKKKKKkkkKKKkkkOOO~kkkkkkkkkSSKkkkSKKKKKKKKKSSkkkKKKKKKKKKKKKK
KKKKKKKKKKKKKKKKKKKKKKKKKKKKKKKKKKKKKKKKKKKKKKKKKKKKKKKKhhhKKKKKKKKKKKKKKKKKKKKKKKKKKKKKKKKKKKKKKKxKOKKKKKKOxxxxxxxxxxxxxxxxxxxKKKOOOKKKOKOOOKKKKKKKKKKKKKKKKKKKKKKGkkKKKkkkKKSKKKKKKKKKkkkkkkkkkSOO~KkkkKKKkSKKKkkkKKKKKKKKKKKKSkkKKKKKKKKKKKKK
KKKKKKKKKKKKKKKKKKKKKKKKKKKKKKKKKKKKKKKKKKKKKKKKKKKKKKKKhhKKKKKKKKKKYYKKKKKKKKKKKKKKKKKKKKKKKKKKKKxOOOKKKKKOxxxxxxxxxxxxxxxKxxxKKOOKKKKKKOKKOKKKKKKKKKKKKKKKKKKKKKKkkkKKKkkkKKKKKKKKKKKKkkkkkkkkkSSS~SOKKKKKKKKKKkkkKKGGKKKKKKSSKKkKKKKKKKKKKKKK
KKKKKKKKKKKKKKKKKKKKKKKKKKKKKKKKKKKKKKKKKKKKKKKKKKKKKKKKKKKKKKKKKKKKKYKKKKKKKKKKKKKKKKKKKKKKKKKKKKxKOKKKKKKKxxxxxxxxxxxxxxxKxxxKOOOKKKKKKKKKKKKKKKKKKKKKKKKKKKKKKKkkkkKKKKkKKKKKKKKKKKKkkkkkkkkkkKKS~KOOKKKKOOKKKkkkKKGSSKKKKKKSSKkKKKKKKKKKKKKK
KKKKKKKKKKKKKhhKKKKKKKKKKKKKKKKKKKKKKKKKKKKKKKKKKKKKKKKKKKKKKKKKKKKKKKYKKKKKKKKKKKKKKKKKKKKKAKKKKKxKKKKKKKKOxxxxxxxxxxxxxxxKxxxKKOOOKKKKKKKKKKKKKKKKKKKKKKKKKKKKKKkkkkKSKKKKKKKKKKKKKKkkkkkKKkkkkkSK~KKOOKOOKKKKKKkKKGGKSKKKKKKSKKkKKKKKKKKKKKKK
KKKKKKKKKKKKKhKhKKKKKKKKKKKKKKKKKKKKKKKKKKKKKKKKKKKKKKKKKKKKKKKKKKKKKKKKKKKKKKKKKKKKKKKKKKKAKAAKKKxKKKKKKKOKKKKKKKKKKKKKKKKKxxxKKKOOOOKKKKKKKKKKKKKKKKKKKKKKKKKKKKhkkkSOKKKKKKKkkKKKKKkkkkKKKYkkkk~SKKKKKOOKKKKKSSKKKSSSKKKKKKKKKKkKKKKKKKKKKKKK
KKKKKKKKKKKKKKKKhKKKKKKKKKKKKKKKKKOKKKKKKKKKKKKKKKKKKKKKKKKKKKKKKKKKKKKKKKKKKKKKKKKKKKKKKKKKKKAKKKxKKKKKKKKKKKKKKKKKKKKKKKKKxxxOKKKOOKKKKKKKKKKKKKKKKKKKKKKKKKKKKKhKkkSOOKOOKKKkkKSAKKkkkkKKSKkkkk~KKKKKKKKKKKKKSSSKSSKSKKKKKKKKKKkKKKKKKKKKKKKK
KKKKKKKKKKKKKKKKKKKKKKKKKKKKKKKKKKOKKKKKKKKKKKKKKKKKKKKKKKKKKKKKKKKKKKKKKKKKKKKKKKKKKKKKKKKKKKKKKKxKKKKKKKKKKKKKKKSSKSKKKKKKxxxKOOOKAAKKKKKKKKKKKKKKKKKKKKKKKKKKKKKSkkOSKOKKKKKkkKSKKKKkkkKSSSkkkk~KKKKKKKKKKKKKKKKSSKKKKKKKKKKKKKkKKKKKKKKKKKKK
KKKKKKKKKKKKKKKKKKKKKKKKKKKKKKKKOOKKKKKKKKKKKKKKKKKKKKKKKKKKKKKKKKKKKKKKKKKKKKKKKKKKKKKKKKKKKKKKKSxSKKKKKKKKKKKKKSSSSSKKKKOKxkkkkkkkkkkkkkkKKKKKKKKKKKKKKKKKKKKKKKKKkkSKKKKKKKkkkAKSKKKKkkkKSSSkkK~KKKKKKKKKKKKKKKKKSKKKKKKKKKKKKKkKKKKKKKKKKKKK
KKKKKKKKKKKKKKKKKKKKKKKKKKKKKKKKKOKKKKKKKKKKKKKKKKKKKKKKKKKKKKKKKKKKKKKKKKKKKKKKKKKKKKKKKKKKKKKkkkxSSKKKKKKKKKKKKKOSKKKKKKKOOOOOKOKOKkkkKKkKKKKKKKKKKKKKKKKKKKKKKKKSkkKKKKKKKkkkkKSKKKKkkkSSSSKKKK~KKKKKKKKKKKKKKKKkKKKKKKKKKKKKKKkKKKKKKKKKKKKK
KKKKKKKKKKKKKKKKKKKKKKKKKKKKKKKKKOKKKKKKKKKKKKKKKKKKKKKKKKKKKKKKKKKKKKKKKKKKKKKKKKKKKKKKKKKKKKkkkkxSKKKKKKKKKKKKKKOOKKKKKKKKOKKKOKKKkkkkKKkKKKKKKKKKKKKKKKKKKKKKKKSSkkKKKKKKkkkkkKSKKKkkkkKKSKKKKKK~KKKKKKKKKKAKKKkkkKKKKKKKKKKKKKkKKKKKKKKKKKKK
KKKKKKKKKKKKKKKKKKKKKKKKKKKKKKKKKOOKKKKKKKKKKKKKKKKKKKKKKKKKKKKKKKKKKKKKKKKKKKKKKKKKKKKKKKKKKkkkkkKKSSKKKkkKKKKKKOOKKKKKKKKKKKKKKKKKkkkkKKkKKkkKKKKKKKKKKKKKKKKKKKSKkkKKKKKKkkkkKKSKKkkkKKKKKKKKKKK~KKKKKKKKKAKAKKkkKKKKKKKKKKKKKKkKKKKKKKKKKKKK
KKKKKKKKKKKKKKKKKKKKKKKKKKKKKKKKKKOOKKKKKKKKKKKKKKKKKKKKKKKKKKKKKKKKKKKKKKKKKKKKKKKKKKKKKKKKKkkkkKKKKKKKkkkkSSKKKKKSKKKKKKKKKKKKKKKkkkkKKKkKKkkkKKKKKKKKKKKKKKKKKKKKkkKKKKKkkkkKSSKKhkkkKKKKKKkKKKK~KKKKKKKKKKKKKKkkKKKKKKKKKKKKKKkKKKKKKKKKKKKK
KKKKKKKKKKKKKKKKKKKKKKKKKKKKKKKKKKKKKKKKKKKKKKKKKKKKKKKKKKKKKKKKKKKKKKKKKKKKKKKKKKKKKKKKKKKKKKKKKKKKKKKkkkkkkSSKKSSSKKKKKKKKKKKKKKKkkkKKKKkKKKkkkKKKKKKKKKKKKKKKKKKKkkKKKKkkkkkSSSKKKhhKKKKKKkkkkGG~KKKKKKKKKKKKKKKKKKKKKKKKKKKKKKkKKKKKKKKKKKKK
KKKKKKKKKKKKKKKKKKKKKKKKKKKKKKKKKKKKKKKKKKKKKKKKKKKKKKKKKKKKKKKKKKKKKKKKKKKKKKKKGKKKKKKKKKKKKKOKKKKKKKKKkkkkkSKKKSSSKKKKKKKKKKKKKKKkkkKKKKkKKKkkkkKKKKKKKKKKkkkkkkkkkkkkkkkkkkkkkkkkkkkkkkkkkkkkkkkkkkkkkkkkkkkkkkkkkkkkkkkkkkkkkkkKKKKKKKKKKKKK
KKKKKKKKKKKKKKKKKKKKKKKKKKKKKKKKKKKKKKKKKKKKKKKKKKKKKKKKKKKKKKKKKKKKKKKKKKKKKKKGKKKKKKKKKKKKOKOOKKKKKKOOOkkkkKKKKKKKKKKKKKKKKOOKKKKkkkKKKKkKKkkkkkkKKKKKKKKKkkkkkkkkkkkkkkkkkkkkkkkkkkkkkkkkkkkkkkkkkkkkkkkkkkkkkkkkkkkkkkkkkkkkkkkKKKKKKKKKKKKK
KKKKKKKKKKKKKKKKKKKKKKKKOOKKKKKKKKKKKKKKKKKKKKKKKKKKKKKKKKKKKKKKKKKKKKKKKKKKKKGKKKKKKKKKKKKKOOOOkkkKKKOOKOkkkKKKKKKKKKKKKKKKKOKOKKKkkkkKKKkkkkkkkkkkKKKKKKKKkkKKKhKhkkKKKKKKKKKKKKKKKKKKKKKKKKKKKKKKKKKGKKKKOOOOKKKKKKKKKKKKKKKKKKKKKKKKKKKKKKKK
KKKKKKKKKKKKKKKKKKKKKKOOOKKkkKKKKKKKKKKKKKKKKKKKKKKKKKKKKKKKKKKKKKKKKKKKKKKKKKKGKKKKKKKKKKKKKKKkkkkkKKOOOKkkKKKKKKKKKKKKKKKKKKKKOKKkkkkkkKKKKkkkkkKkKKKKKKKKkkKkKhKKkkKKKKKKKKKKKKKKKKKKKKKKKKKKKKKKKKKGGKKOOOOKOOKKKKKKKKKKKKKKKKKKKKKKKKKKKKKK
KKKKKKKOOKKKKKKKKKKKOOKOOOkkkkKKKKKKKKKKKKKKKKKKKKKKKKKKKKKKKKKKKKKKKKKKKKKKKKKKKKKKKKKKKKKKKKKKkkkkkOKKKkkkOOOKKKKKKKKKKKOKKKKOKOKKkkkkkkKKKkkkkKKkKKKKKKKKkkkkKKKKkkKKKKKKKKKKKKKKKKKKKKKKKKKKKKKKKKKKKKKKKKKKKKKKKKKKKKKKKKKKKKKKKKKKKKKKKKKK
KKKKKKOOOOOKKKKKKKKKKOKKOOkkkKKKKKKKKKKKKKKKKKKKKKKKKKKKKKKKKKKKKKKKKKKKKKKKKKKKKSSSSKKKKKKKKKKKkkkkkkKKkkkkkOKKKKKKKKKKKOOKKKKKKKKKKkkkkkKKKKkkKKkkkKKKKKKKkkKkkKKKkkKKKKKKhKKKKKKKKKKKKKKKKKKKKKKKKKKKKKKKKKKKKKKKKKKKKKKKKKKKKKKKKKKKKKKKKKKK
KKKKKKOOOOKKKKKKKKKKKKKOOOOKKKKKKKKKKKKKKKKKKKKKKKKKKKKKKKKKKKKKKKKKKKKKKKKKKKKKKKSSKKKKKKKKKKKKkkkkkkkkkkkkkKOKKKKKKKKKKOOOKKKKKKKKKKkkkKKKKKKKKKkkkkkkkkkkkkkkkkkkkkKKKKKKKKKKKKKKKKKKKKKKKKKKKKKKKKKKKKKKKKKKKKKKKKKKKKKKKKKKKKKKKKKKKKKKKKKK
KKKKKKKKKKKKKKKKKKKKKKKOOKKKKKKKKKKKKKKKKKKKKKKKKKKKKKKKKKKKKKKKKKKKKKKKKKKKKKKKKKKKKKKKKKKKKKKKkkkkkkkkkkkkKKKOKKKKKKKKKOOOOKKKKKKKKKOOKKKKKKKKKKkkkkkkkkkkkkkkkkkkkKKKKKKKKKKKKKKKKKKKKKKKKKKKKKKKKKKKKKKKKKKKKKKKKKKKKKKKKKKKKKKKKKKKKKKKKKKK
KKKKKKKKKKKKKKKKKKKKKKKKOKKKKKKKKKKKKKKKKKKKKKKKKKKKKKKKKKKKKKKKKKKKKKKKKKKKKKKKKKKKKKKKKKKKKKKKKkkkkkOOKKKKKOOKKKKKKKKKOOOOKKKKKKKKKKKOKKKKKKKKKKkkkKKKKKKKkkKKKKKKKKKKKKKKKKKKKKKKKKKKKKKKKKKKKKKKKKKKKKKKKKKKKKKKKKKKKKKKKKKKKKKKKKKKKKKKKKKK
KKKKKKKKKKKKKKKKKKKKKKKKOKKKKKKKKKKKKKKKKKKKKKKKKKKKKKKKKKKKKKKKKKhKKKKKKKKKKKKKKKKKKKKKKKKKKKKKKKKKKKOOKKKKKKKKKKKKKKKKOOOOKKKKKKKKKKKKKKKKKKKKKKKKKKKKKKKKkkKKKKKKKKKKKKKKKKKKKKKKKKKKKKKKKKKKKKKKKKKKKKKKKKKKKKKKKKKKKKKKKKKKKKKKKKKKKKKKKKKK
KKKKKKKKKKKKKKKKKKKKKKKKKKKKKKKKKKKKKKKKKKKKKKKKKKKKKKKKKKKKKKKKKhhKKKKKKKKKKKKKKKKKKKKKKKKKKKKKKKKKKKKKKKKKKKKKKKKKKKKKKOOOKKKKKKKKKKKKKKKKKKKKKKKKKKKKKKKKkkKKKKKKKKKKKKKKKKKKKKKKKKKKKKKKKKKKKKKKKKKKKKKKKKKKKKKKKKKKKKKKKKKKKKKKKKKKKKKKKKKK
KKKKKKKKKKKKKKKKKKKKKKKKKKKKKKKKKKKKKKKKKKKKKKKKKKKKKKKKKKKKKKKKKKhKKKKKKKKKKKKKKKKKKKKKKKKKKKKKKKKKKKKKKKKKKKKKKKKKKKKKKKKKKKKKKKKKKKKKKKKKKKKKKKKKKKKKKKKKkkKKKKKKKKKKKKKKKKKKKKKKKKKKKKKKKKKKKKKKKKKKKKKKKKKKKKKKKKKKKKKKKKKKKKKKKKKKKKKKKKKK
KKKKKKKKKKKKKKKKKKKKKKKKKKKKKKKKKKKKKKKKKKKKKKKKKKKKKKKKKKKKKKKKKKKKKKKKKKKKKKKKKKKKKKKKKKKKKKKKKKKKKKKKKKKKKKKKKKKKKKKKKKKKKKKKKKKKKKKKKKKKKKKKKKKKKKKKKKKKkkKKKKKKKKKKKKKKKKKKKKKKKKKKKKKKKKKKKKKKKKKKKKKKKKKKKKKKKKKKKKKKKKKKKKKKKKKKKKKKKKKK
KKKKKKKKKKKKKKKKKKKKKKKKKKKKKKKKKKKKKKKKKKKKKKKKKKKKKKKKKKKKKKKKKKKKKKKKKKKKKKKKKKKKKKKKKKKKKKKKKKKKKKKKKKKKKKKKKKKKKKKKKKKKKKKKKKKKKKKKKKKKKKKKKKKKKKKKKKKKkkKKKKKKKKKKKKKKKKKKKKKKKKKKKKKKKKKKKKKKKKKKKKKKKKKKKKKKKKKKKKKKKKKKKKKKKKKKKKKKKKKK
KKKKKKKKKKKKKKKKKKKKKKKKKKKKKKKKKKKKKKKKKKKKKKKKKKKKKKKKKKKKKKKKKKKKKKKKKKKKKKKKKKKKKKKKKKKKKKKKKKKKKKKKKKKKKKKKKKKKKKKKKKKKKKKKKKKKKKKKKKKKKKKKKKKKKKKKKKKKkkKKKKKKKKKKKKKKKKKKKKKKKKKKKKKKKKKKKKKKKKKKKKKKKKKKKKKKKKKKKKKKKKKKKKKKKKKKKKKKKKKK
KKKKKKKKKKKKKKKKKKKKKKKKKKKKKKKKKKKKKKKKKKKKKKKKKKKKKKKKKKKKKKKKKKKKKKKKKKKKKKKKKKKKKKKKKKKKKKKKKKKKKKKKKKKKKKKKKKKKKKKKKKKKKKKKKKKKKKKKKKKKKKKKKKKKKKKKKKKKkkKKKKKKKKKKKKKKKKKKKKKKKKKKKKKKKKKKKKKKKKKKKKKKKKKKKKKKKKKKKKKKKKKKKKKKKKKKKKKKKKKK
KKKKKKKKKKKKKKKKKKKKKKKKKKKKKKKKKKKKKKKKKKKKKKKKKKKKKKKKKKKKKKKKKKKKKKKKKKKKKKKKKKKKKKKKKKKKKKKKKKKKKKKKKYKKKKKKKKKKKKKKKKKKKKKKKKKKKKKKKKKKKKKKKKKKKKKKKKKKkkKKKKKKKKKKKKKKKKKKKKKKKKKKKKKKKKKKKKKKKKKKKKKKKKKKKKKKKKKKKKKKKKKKKKKKKKKKKKKKKKKK
KKKKKKKKKKKKKKKKKKKKKKKKKKKKKKKKKKKKKKKKKKKKKKKKKKKKKKKKKKKKKKKKKKKKKKKKKKKKKKKKKKKKKKKKKKKKKKKKKKKKKKKKYYKKKKKKKKKKKKKKKKKKKKKKOKKKKKKKKKKKKKKKKKKKKKKKKKkkkkkKKKKkkkKKKKKKkkkKKKKKKKKKKKkkKKKKKKKKKKKKKKKKKKKKKKkkKKKKKKKKKKKKKKKKKKKKSSKKKKKK
KKKKKKKKKKKKKKKKKKKKKKKKKKKKKKKKKKKKKKKKKKKKKKKKKKKKKKKKKKKKKKKKKKKKKKKKKKKKKKKKKKKKKKKKKKKKKKKKKKKKKKKKKKYKKKKKKKKKKKKKKKKKKKKOKOOKKKKKKKKKKKKKKKKKKKKKKKkkkkkKKKkkkkkKKKKkkkkkkkkkkkkkkkkkkKKKkkKKKKKkkKKKKKKKKkkkkKKKKKKKKKKKKKkKKKKKKSKKKKKK
KKKKKKKKKKKKKKKKKKKKKKKKKKKKKKKKKKKKKKKKKKKKKKKKKKKKKKKKKKKKKKKKKKKKKKKKKKKKKKKKKKKKKKKKKKKKKKKKKKKKKKKKKKKKKKKKKKKKKKKKKKKKKKOKKKOOKKKKKKKKKKKKKKKKKKKKKKkkkkkKKKkkkkkkKKkkkkkkkkkkkkkkkkkkkkkkkkkKKKkkkKKKKKKKkkkkkKKKKkkKKKKKKkkkKKKKSKKKKKKK
KKKKKKKKKKKKKKKKKKKKKKKKKKKKKKKKKKKKKKKKKKKKKKKKKKKKKKKKKKKKKKKKKKKKKKKKKKKKKKKKKKKKKKKKKKKKKKKKKKKKKKKKKKKKKKKKKKKKKKKKKKKKKOKKKKKKKKKKKKKKKKKKKKKKKKKKKKkkkqqqqqqqqqqqqqqqqqqqqqqqqqqqqqqqqqqqqqqqqqqqqqqqqqqqqqqqqqqqqqqqqqqqqqqkKKKKSKKKKKKK
KKKKKKKKKKnnnnnnMMMMMMMMMMMMMMMMMMMMMMMMMMMMMMMMMMMMMMMMMMMMMMMMMMKKKKKKKKKKKKKKKKKKKKKKKKKKKKKKKKKKKKKKKKKKKKKKKKKKKKKKKKKKKOOOKKKKKKKKKKKKKKKKKKKKKKKKKKkkkkkkkkkkkkkkkkkkkkkkkkkkKkkkkkKKKKKkkkkKKKKkkKKKKKkkkkqquqKKquqqKKKKKkqkKKKKKKKKKKKK
KKKKKKKKKKnnnnnnMMMMMMMMMMMMMMMMMMMMMMMMMMMMMMMMMMMMMMMMMMMMMMMMMMKKKKKKKKKKKKKKKKKKKKKKKKKKKKKKKKKKKKKKKKKKKKKKKKKKKKKKKKKKKOKOKKKKKKKKKKKKKKKKKKKKKKKKKKKKkkkkkkkkkkkkkkkkkkkkkkkKKKkkkkKKKKKkkkkkKKKkkkKKKkkkkkqqquqqqquqqKKKKkqkKKKKKKKKKKKK
KKKKKKKKKKnnkknnMMMMMMMMMMMMMMMMMMMMMMMMMMMMMMMMMMMMMMMMMMMMMMMMMMKKKKKKKKKKKKKKKKKKKKKKKKKKKKKKKKKKKKKKKKKKKKKKKKKKKKKKKKKKKKKKKKKKKKKKKKKKKKKKKKKKKKKKKKKKkkkkkkkkkkqqqquqqqquqqKKKKkkkkkKKKkkkkkkkkkkkkkkkkkkkkqqqquqqqquqqKKKKqkKKKKKKKKKKKK
KKKKKKKKKKnnkknnnnnnnnnnnnnnnnnnnnnnnnnMMMMMMMMMMMMMMMMMMMMMMMMMMMKKKKKKKKKKKKKKKKKKKKKKKKKKKKKKKKKKKKKKKKKKKKKKKKKKKKKKKKKKKKKKKKKKKKKKKKKKKKKKKKKKKKKKKKKKkkkkkkkkkkKqqqquqqqquKKKKkkkkkkkkkkkkkkkkkkkkkkkkkkkkkuqqqquqqqquqqKKKqkKKKKKKKKKKKK
KKKKKKKKKKnnkknnMMMMMMMMMMMMMMMnnnMMMMnMMMMMMMMMMMMMMMMMMMMMMMMMMMKKKKKKKKKKKKKKKKKKKKKKKKKKKKKKKKKKKKKKKKKKKKKKKKKKKKKKKKKKKKKKKKKKKKKKKKKKKKKKKKKKKKKKKKKKKkkkkkkkkKKKqqqquqqqqKKKKkkkkkkkkkkkkkkkkkkkkkKKKkkkkkquqqqquqqqquqKKKqkkKKKKKKKKKKK
KKKKKKKKKKnnkknnnMMMMMMMMMMMMMMnnnMMMMnMMMMMMMMMMMMMMMMMMMMMMMMMMMKKKKKKKKKKKKKKKKKKOKKKKKKKKKKKKKKKKKKKKKKKKKKKKKKKKKKKKKKKKKKKKKKKKKKKKKKKKKKKKKKKKKKKKKKKKKKKkkkkkKKKuqqqquqqqKKKkkkkkkkkkkkkkkkkkkkkkKKKKKkkkkqquqqqquqqqquKKKqkkKKKKKKKhKKK
KKKKKKKKKKMMkkMnnnMMMMMMMMMMMMMnnnMMMMnMMMMMMMMMnnnMMMMMMMMMMMMMMMKKKKKKKKKKKKKKKKKOKOKKKKKKKKKKKKKKKKKKKKKKKKKKKKKKKKKKKKKKKKKKKKKKKKKKKKKKKKKKKKKKKKKKKKKKKKKKKKkkKKKKquqqqquqqqqkkkkkkkkkkkkkkkkkkkkkkKKKKKkkkkqqquqqqquqqqqKKKqKKKKKKKKhKKKK
KKKKKKKKKKMMkkMnnnnMMMMMMMMMMMMMnnMMMMnMMMMMMMMnnnnMMMMMMMMMMMMMMMKKKKKKKKSSKKKKKKKOOOKKKKKKKKKKKKKhhhKKKKKKKKKKKKKKKKKKKKKKKKKKKKKKKKKKKKKKKKKKKKKKKKKKKKKkkkKKKKKKKKKKqquqqqquqqqkkkkkkkkkkkkkkkkkkkkkkkKKKkkkkkqqqquqqqquqqKKKKqKKKKKKKhKKKKK
KKKKKKKKKKMMkkMnnnnMMMMMMMMMMMMMMMMMMMnMMMMMMMMMnnMMMMMMMMMMMMMMMMKKKKKKKKSKKKKKOOOKKKKKKKKKKKKKKKhKKKKKKKKKKKKKKKKKKKKKKKKKKKKKKKKKKKKKKKKKKKKKKKKKKKKKKKKkkkkkKKKKKKKqqqquqqqquqqkkKKKkkkkkkkkkkkkkkkkkkkkkkkkkkuqqqqqqqqqKKKKKKqkKKKKKKKhKKKK
KKKKKKKKKKMMkkMMnnMMMnnMMMMMMMMMMMMMMMnMMMMMMMMMMMMMMMMMMMMMMMnnMMKKKKKKKKKSKKKKOOKKKKKKKKKKKKKKKhKKKKKKKKKKKKKKKKKKKKKKKKKKKKKKKKKKKKKKKKKKKKKKKKKKKKKKKKKkkkkkkKKkkkquqqqquqqqquqkkKKKkkkkkkkkkkkkkkkkkkkkkkkkkkkkkkkqqqkKKKKKkkqkkKKKKKhKKKKK
KKKKKKKKKKMMkkMMMMMMMnnMMMMMMMMMMMnnMMnMMMMMMMMMMMMMMMMMMMMMMnnnnMKKKKKKKKKSKKKKOKKKKKKKKKKKKKKKKKKKKKKKKKKKKKKKKKKKKKKKKKKKKKKKKKKKKKKKKKKKKKKKKKKKKKKKKKkkkkkkkkkkkkqquqqqqqqqqqukkKKKkkkkkkkkkKkkkkkkkkkkkkkkkkkkkkkqqqkkKKKkkkqkkKKKKKKKKKKK
KKKKKKKKKKMMkkMMMMMMMnnMMMMMMMMMMnnnnMnMMMMMMMMMMMMMMMMMMMMMnnnnnMKKKKKKKKKKSKKKKKKKKKKKKKKKKKKKKKKKKKKKKKKKKKKKKKKKKKKKKKKKKKKKKKKKKKKKKKKKKKKKKKKKKKKKKKkkkkkkkkkkkkkkkkkqqqkkkkkkkKKKkkkkkkkkkKkkkkkkkkkkkkkkkkkkkkkkkkkkkkkkkkqkKKKKKKKKKKKK
KSKKKKKKKKMMkkMMMMMMnnnMMMMMMMMMMnnnnMnMMMMMMMMMMMMMMMMMMMMMnnnnnMKKKKKKKKKKSSKKKKKKKKKKKKKKKKKKKKKKKKKKKKKKKKKKKKKKKKKKKKKKKKKKKKKKKKKKKKKKKKKKKKKKKKKKKKkkkkkkkkkkkkkkkkkqqqkkkkkkkkGkkkkk~~~~~~~~~~~kkkkkkkkkkkkkkkkkkkkkkkkkkkqkKKKKKhhKKKKK
KSSKKKKKKKMMkkMMMMMMnnnMMMMMMMMMMnnnnnnMMMMMMMMMMMMMMMMMMMMMnnnnnMKKKKKKKKKKKKKKKKKKKKKKKKKKKKKKKKKKKKKKKKKKKKKKKKKKKKKKKKKKKKKKKKKKKKKKYKKKKKKKKKKKKKKKKKKkkkkkkkkkkkkkkkkkkkkkkkkkkkkkkkkk~~~~~~~~~~~kkkkkkkkkkkkkkkkkkkkkkkkkkkqkKKKKhKKKKKKK
KSSKKKKKKKMMkkMMMMMMnnnMMMMMMMMMMMnnnnnMMMMMMMMMMMMMMMMMMMMMnnnnnMKKKKKKKKKKKKKKKKKKKKKKKKKKKKKKKKKKKKKKKKKKKKKKKKKKKKKKKKKKKKKKKKKKKKKKKYKKKKKKKKKKKKKKKKKKkkkkkkkkkkKKKkkkkkkkkkkkkkkkkkkk~~~~~~~~~~~kkkkkkkkkkkkkkkkkkkkkkkkkkkqkkKKKKKKKKKKK
KKKKKKKKKKMMkkMMMMMMMnMMMMMMMMMMMMMnnnnnnnMMMMMMMMMMMMMMMMMMMnnnnMKKKKKKKKKKKKKKKKKKKKKKKKKKKKKKKKKKKKKKKKKKKKKKKKKKKKKKKKKKKKKKKKKKKKKKYKKKKKKKKKKKKKKKKKKKkkkkkkkkkKKKKkkkkkkkkkkkkkkkkkkk~~~~~~~~~~~kkkkkkkkkkkkkkkkkkkkkkkkkkkqkkKKKKKKKKKKK
KKKKKKKKKKMMkkMMMMMMMMMMMMMMMMMMMMMnnnnnnnMMMMMMMMMMMMMMMMMMMMnnMMKKKKKKKKKKKKKKKKKKKKKKKKKKKKKKKKKKKKKKKKKKKKKKKKKKKKKKKKKKKKKKKKKKKKKKKKKKKKKKKKKKKKKKKKKKkkkkkkkkkKKKkkkkkkkkKKkkkkkkkkkkbbbbbbbbbbbkkkkkkkkkkkkkkkkkkkKKKKkkkkqkkKKKKKKKKKKK
KOKKKKKKKKMMkkMMMMMMMMMMMMMMMMMMMMMnnnnnnnMMMMMMMMMMMMMMMMMMMMMMMMKKKKKKKKKKKKKKKKKKKKKKKKOOKKKKKKKKKKKKKKKKKKKKKKKKKKKKKKKKKKKKKKKKKKKKKKKKKKKKKKKKKKKKKKKKkkkkkkkkkkkkkkkkkkkKKKKkkkkkkkkk~~~~~~~~~~~kkkkkkkkkkkkkkkkkkKKKKKkkkkqkkKKKKKKKKKKK
KOOKKKKKKKMMkkMMMMMMMMMMMMMMMMMMMMMnnnnnnnMMMMMMMMMMMMMMMMMMMMMMMMKKKKKKKKKKKKKKKKKKKKKKKKOOKKKKKKKKKKKKKKKKKKKKKKKKKKKKKKKKKKKKKKKKKKKKKKKKKKKKKKKKKKKKKKKkkkkkkkkkkkkkkkkkkkKKKKKkkkkkkkkk~~~~~~~~~~~kkkkkkkkkkkkkkkkkkkKKKkkkkkqkkKKKKKKKKKKK
KOKOKKKKKKMMkkMMMMMMMMMMMMMMMMMMMMMnnnnnnnMMMMnnnMMMMMMMMMMMMMMMMMKKKKKKKKKKKKKKKKKKKKKKKKKOOOKKKKKKKKKKKKKKKKKKKKKKKKKKKKKKKKKKKKKKKKKKKKKKKKKKKKKKKKKKKKKkkkkkkkkkkkkkkkkKKKKKKKKkkkkkkkkk~~~~~~~~~~~kkkkkkkkkkkkkkkkkkkkkkkkkkkqkKKKKKKKKKKKK
KOOKOKKKKKMMkkMMMMMMMMMMMMMMMMMMMMMnnnnnnnMMMMnnnMMMMMMMMMMMMMMMMMKKKKKKKKKKKKKKKKKKKKKKKKOKOKKKKKKKKKKKKKKKKKKKKKKKKKKKKKKKKKKKKKKKKKKKKKKKKKKKKKKKKKKKKKKKkkkkkkkkkkkkkkkKKKKKKkkkkkkkkkkk~~~~~~~~~~~quqqqquqqqqukkkkkkkkkkkkkkKqKKKKKOKKKKKKK
KOKKKOOKKKMMkkMMMMMMMMMMMMMMMMMMMMMnnnnnnnMMMMMnMMMMMMMMMMMMMMMMMMKKKKKKKKKKKKKKKKKKKKKKKKKKKOOKKKKKKKKKKKKKKKKKKKKKKKKKKKKKKKKKKKKKKKhKKKKKKKKKKKKKKKKKKKKKkkkkkkkkkkkkkkkKKKKKkkkkkkkkkkkkkKKKKkkkkkqqquqqqquqqqqkkkkkkkkkkkkkKKqKKKKKOKKKKKKK
KKKKKKKKKKMMkkMMMMMMMMMMMMMMMMMMMMMMMMMMMMMMMMMMMMMnnnMMMMMMMMMMMMKKKKKKKKKKKKKKKKKKKKKKKKKKKKKKKKKKKKKKKKKKKKKKKKKKKKKKKKKKKKKKKKKKKhKKKKKKKKKKKKKKKKKKKKKKkkkkkkkkkkkkkkkKKKKkkkkkkkkkkkkkkkKKkkkkkkqqqquqqqquqKKKKKKkkkkkkkkKKKqkkKKKOKKKKKKK
KKKKKKKKKKMMkkMMMMMMMMMMMMMMMMMMMMMMMMMMMMMMMMMMMMnnnnnMMMMMMMMMMMKKKKKKKKKKKKKKKKKKKKKKKKKKKKKKKKKKKKKKKKKKKKKKKKKKKKKKKKKKKKKKKKKKKKhKKKKKKKKKKKKKKKKKKKKkkkkkkkkkkkkkkkkKKKkkkkkkkkkkkkkkkkkkkkkkkkuqKKKuqqqqKKKKKKKKKkkKKKKkkkqkkkKKOKKKKKKK
KKKKKKKKKKMMkkMMMMMMMMMMMMMMMMMMMMMMMMMMMMMMMMMMMMnnnnnMMMMMMMMMMMKKKKKKKKKKKKKKKKKKKKKKKKKKKKKKKKKKKKKKKKKKKKKKKKKKKKKKKKKKKKKKKKKKKKhKKKKKKKKKKKKKKKKKKKKkkkkkqqquqqqquqqKKKKkkkkkkkkkkkkkkkkkkkkkkkquqKKquqqqKKKKKKKKKKKKKKKkkkqkkkKKOOKKKKKK
KKKKKKKKKKMMkkMMMMMMMMMMMMMMMMMMMMMMMMMMMMMMMMMMMMMMMnnMMMMMMMMMMMKKKKKKKKKKKKKKKKKKKKKKKKKKKKKKKKKKKKKKKKKKKKKKKKKKKKKKKKKKKKKKKKAKKKhKKKKKKKKKKKKKKKKKKKkkkkkkqqqquqqqquqKKKKkkkkkkkkkkkKKkkkkkkkkkkqquqqqquqqKKukkKKKKKKKKKkkkkqkkkKKKKKKKKKK
KKKKKKKKKKMMkkMMMMMMMMMMMMMMMMMMMMMMMMMMMMMMMMMMMMMMMMMMMMMMMMMMMMKKKKKKKKKKKKKKKKKKKKKKKKKKKKKKKKKKKKKKKKKKKKKKKKKKKKKKKKKKKKKKKKKAKKKKKKKKKKKKKKKKKKKKKKkkkkkkuqqqquqqqquKKKKkkkkkkkkkkkKKKkkkkkkkkkKqquqqqquKKKqkkkKKKKKKKkkkkkqkkKKKKKKKKKKK
KKKKKKKKKKMMkkMMMMMMMMMMMMMMMMMMMMMMMMMMMMMMMMMMMMMMMMMMMMMMMMMMMMKKKKKKKKKKKKKKKKKKKKKKKKKKKKKKKKKKKKKKKKKKKKKKKKKKKKKKKKKKKKKKKKKAAKKKKKKKKKKKKKKKKKKKKKkkkkkkquqqqquqqqqKKKKkkkkkkkkkkkKKkkkkkkkkkKKKqquqqqqKKKqkkkkkkKKKKkkkkkqkKKKKKKKKKKKK
KKKKKKKKKKMMkkMMMMMMMMMMMMMMMMMMMMMMMMMMMMMMMMMMMMMMMMMMMMMMMMMMMMKKKKKKkKKKKKKKKKKKKKKKKKKKKKKKKKKKKKKKKKKKKKKKKKKKKKKKKKKKKKKKKKKKKKKKKKKKKKKKKKKKKKKKKKkkkkkkqquqqqquqKqqKKkkkkkkkkkkkkkkkkkkkkkkkkuqqqqqqqqqKKKkkkkkkkKKkkkkkkqkKKKKKKKKKKKK
KKKKKKKKKKMMkkMMMMMMMMMMMMMMMMMMMMMMMMMMMMMMMMMMMMMMMMMMMMMMMMMMMMKKKKKkkkKKKKKKKKKKKKKKKKKKKKKKKKKKKKKKKKKKKKKKKKKKKKKKKKKKKKKKKKKKKKKKKKKKKKKKKKKKKKKKKKkkkkkkqqquqqqqKKqqqkkkkkkkkkkkkkkkkkkkkkkkkkkkkkkqqqkkkKkkkkkkkkkkkkkkkkqkKKKKKKKKKKKK
KKKKKKKKKKMMkkMMMMMMMMMMMMMMMMMMMMMMMMMMMMMMMMMMMMMMMMMMMMMMMMMMMMKKKKKkkkkKKKKKKKKKKKKKKKKKKKKKKKKKKKKKKKKKKKKKKKKKKKKKKKKKKKKKKKKKKKKKKKKKKKKKKKKKKKKKKKkkkkkkqqqquqqqquqqqkkKkkkkkkkkkkkkkkkkkkkkkkkkkkkqqqkkkkkkkkkkkkkkkkkkkkqkkKKKKKKKKKKK
KKKKKKKKKKMMkkMMMMMMMMMMMMMMMMMMMMMMMMnnMMMMMMMMMMMMMMMMMMMMMMMMMMKKKKKkkkkKKKKKKKKKKKKKKKKKKKKKKKKKKKKKKKKKKKKKKKKKKKKKKKKKKKKKKKKKKKKKKKKKKKKKKKKKKKKKKKkkkkkKKqqqquqqqquqqkKKKkkkkKKKKkkkkkkkkkkkkkkkkkkkkkkkkkkkkkkkkkkkkkkkkkqkkGKKOKKKKKKK
KKKKKKKKKKMMkkMMMMMMMMMMMMMMMMMMMMMMMnnnnMMMMMMMMMMMMMMMMMMMMMMMMMKKKKKkkkkKKKKKKKKKKKKKKKKKKKKKKKKKKKKKKKKKKKKKKKKKKKKKKKKKKKKKKKKKKKKKKKKKKKKKKKKKKKKKKKKkkkKKKKqqqquqqqquqkkKkkkKKKKKKkkkkkkkkkkkkkkkkkkkkkkkkkkkkkkkkkkkkkkkkkqkkGGKOKKKKKKK
KKKKKKKKKKMMkkMMMMMMMMMMMMMMMMMMMMMMMnnnnMMMMMMMMMMMMMMMMMMMMMMMMMKKKKKKkkKKKKKKKKKKKKKKKKKKKKKKKKKKKKKKKKKKKKKKKKKKKKKKKKKKKKKKKKKKKKKKKKKKKKKKKKKKKKKKKKKKKKKKKKkkkkkkkkkkkkkkkkKKKKKKKkkkkkkkkkkkkkkkkkkkkkkkkkkkkkkkkkkkkKKKkkqkkKKKKKKKKKKK
KKKKKKKKKKMMkkMMMMMMMMMMMMMMMMMMMMMMMMnnMMMMMMMMMMMMMMMMMMMMMMMMMMKKKKKKKKKKKKKKKKKKKKKKKKKKKKKKKKKOKKKKKKKKKKKKKKKKKKKKKKKKKKKKKKKKKKKKKKKKKKKKKKKKKKKKKKKKKKKKKKKkkkkkkkkkkkkkkkKKKKKkkkkkkkkkkkkkkkkkkkkkkKKKkkkkkkkkkkkkkKKKKkqkKKKKOKKKKKKK
KKKKKKKKKKMMkkMMMMMMMMMMMMMMMMMMMMMMMMMMMMMMMMMMMMMMMMMMMMMMMMMMMMKKKKKKKKKKKKKKKKKKKKKKKKKKKKKKKOOOOKKKKKKKKKKKKKKKKKKKKKKKKKKKKKKKKKKKKKKKKKKKKKKKKKKKKKKKKkkkkkKkkkkkkkkkKkkkkkKKKKkkkkkkkkkkkkkkkkkkkkkkKKKKKkkkkkkkkkkkkkKKKKqKKKKKKKKKKKKK
KKKKKKKKKKKKkkKKKKKKKKKKKKKKKKKKKKKKKKKKKKKKKKKKKKKKKKKKKKKKKKKKKKKKKKKKKKKKKKKKKKKKKKKKKKKKOOKKKOOOKKKKKKKKKKKKKKKKKKKKKKKKKKKKKKKKKKKKKKKKKKKKKKKKKKKKKKKKkkkkkkkkkkkkkkkKKKkkkkkkkkkkkkkkkkkkkkkkkkkKKkkkKKKKKKkkkkkkkkkkkkkKKKqKKKKKKKKKKKKK
KKKKKKKKKKKKkkkkkkkkkkkkkkkkkkkkkkkkkkkkkkkkkkkkkkkkkkkkkkkkkkkkkkkkkkkkkkkkkkkkkkkkkkkkkkkkkkkkkkkkkkkkkkkkkkkkkkkkkkkkkkkkkkkkkkkkkkkkkkkkkkkkkkkkkkkkkkkkkkkkkkkkkkkkkkkkkkkkkkkkkkkkkkkkkkkkkkkkkkkkkkkkkkkkkkkkkkkkkkkkkkkkkkkKKKKKKKKKKKKK
KKKKKKKKKKKKkkkkkkkkkkkkkkkkkkkkkkkkkkkkkkkkkkkkkkkkkkkkkkkkkkkkkkkkkkkkkkkkkkkkkkkkkkkkkkkkkkkkkkkkkkkkkkkkkkkkkkkkkkkkkkkkkkkkkkkkkkkkkkkkkkkkkkkkkkkkkkkkkkkkkkkkkkkkkkkkkkkkkkkkkkkkkkkkkkkkkkkkkkkkkkkkkkkkkkkkkkkkkkkkkkkkkkkKKKKKKKKKKKKK
KKKKKKKKKKKKKKKKKKKKKKKKKKKKKKKKKKKKKKKKKKKKKKKKKKKKKKKKKKKKKKKKKKKKKKKKKKKKKKKKKKKKKKKKKKKKKKKKKKKKKKKKKKKKKKKKKKKKKKKKKKKKKKKKKKKKKKKKKKKKKKKKKKKKKKKKKKKKKKKKKKKKkkKKKKKKKKKKkkkKKKkkkKKKKKkkKKkkKKKKKKKKKKKKKKKKKKKKKKKkkKKKKKKKKKKKKKKKKKKK
KKKKKKKKKKKKKKKKKKKKKKKKKKKKKKKKKKKKKKKKKKKKKKKKKKKKKKKKKKKKKKKKKKKKKKKKKKKKKKKKKKKKKKKKKKKKKKKKKKKKKKKKKKKKKKKKhKKKKKKKKKKKKKKKKKKKKKKKKKKKKKKKKKKKKKKKKKKKKKKKKKKKKKKKKKKKKKKKKKKKKKKKKKKKKKKKKKKKKKKKKKKKKKKKKKKKKKKKKKKKKKKKKKKKKKKKKKKKKKKK
KKKKKKKKKKKKKKKKKKKKKKKKKKKKKKKKKKKKKKKKKKKKKKKKKKKKKKKKKKKKKKKKKKKKKKKKKKKKKKKKKKKKKKKKKKKKKKKKKKKKKKKKKKKKKKKKKhhKKKKKKKKKKKKKKKKKKKKKKKKKKKKKKKKKKKKKKKKKKKKKKKKKKKKKKKKKKKKKKKKKKKKKKKKKKKKKKKKKKKKKKKKKKKKKKKKKKKKKKKKKKKKKKKKKKKKKKKKKKKKK
KKKKKKKKKKKKKKKKKKKKKKKKKKKKKKKKKKKKKKKKKKKKKKKKKKKKKKKKKKKKKKKKKKKKKKKKKKKKKKKKKKKKKKKKKKKKKKKKKKKKKKKKKKKKKKKKKKhKKKKKKKKKKKKKKKKKKKKKKKKKKKKKKKKKKKKKKKKKKKKKKKOOKKKKKKKKKKKKKKKKKKKKKKKKKKKKKKKKKKKKKKKKKKKKKKKKKKKKKKKKKKKKKKKKKKKKKKKKKKKK
KKKKKKKKKKKKKKKKKKKKKKKKKKKKKKKKKKKKKKKKKKKKKKKKKKKKKKKKKKKKKKKKKKKKKKKKKKKKKKKKKKKKKKKKKKKKKKKKKKKKKKKKKKKKKKKKKKKKKKKKKKKKKKKKKKKKKKKKKKKKKKKKKKKKKKKKKKKKKKKKKKKKKKKKKKKKKKKKKKKKKKKKKKKKKKKKKKKKKKKKKKKKKKKKKKKKKKKKKKKKKKKKKKKKKKKKKKKKKKKK
KKKKKKKKKKKKKKKKKKKKKKKKKKKKKKKKKKKKKKKKKKKKKKKKKKKKKKKKKKKKKKKKKKKKKKKKKKKKKKKKKKKKKKKKKKKKKKKKKKKKKKKKKKKKKKKKKKKKKKKKKKKKKKKKKKKKKKKKKKKKKKKKKKKKKKKKKKKKKKKKKKKKKKKKKKKKKKKKKKKKKKKKKKKKKKKKKKKKKKKKKKKKKKKKKKKKKKKKKKKKKKKKKKKKKKKKKKKKKKKK
KKKKKKKKKKKKKKKKKKKKKKKKKKKKKKKKKKKKKKKKKKKKKKKKKKKKKKKKKKKKKKKKKKKKKKKKKKKKKKKKKKKKKKKKKKKKKKKKKKKKKKKKKKKKKKKKKKKKKKKKKKKKKKKKKKKKKKKKKKKKKKKKKKKKKKKKKKKKKKKKKKKKKKKKKKKKKKKKKKKKKKKKKKKKKKKKKKKKKKKKKKKKKKKKKKKKKKKKKKKKKKKKKKKKKKKKKKKKKKKK
