TTTTTTTTTTTTTTTTTTTggTTTTTTTTTTTTTTTTTTT
TttttttttttttttttttggttttttttttttttttttT
Tt.................gg."..,...,........tT
Tt..,..............gg"................tT
Tt.......",.......,gg.........,.....".tT
Tt.".,..........,..gg."...............tT
Tt.................gg.................tT
Tt........,..,.....gg...,.."....,.....tT
Tt...,..,,.........gg........,....,...tT
Tt......,..........gg....,,.....".....tT
Tt.....,...........gg..,............,.tT
Tt...".............gg..........,.."...tT
Tt......,......,...gg.,....,"....."...tT
gggggggggggggggggggggggggggggggggggggggg
gggggggggggggggggggggggggggggggggggggggg
Tt..,.,............gg,................tT
Tt..",.........,...gg...........,.....tT
Tt....,............gg........,........tT
Tt.........".....,.gg....,....."......tT
Tt.ssssssssssssssssggssssssssssssssss.tT
T~~~~~~~~~~~~~~~~~~bb~~~~~~~~~~~~~~~~~~T
T~~~~~~~~~~~~~~~~~~bb~~~~~~~~~~~~~~~~~~T
Tt.ssssssssssssssssggssssssssssssssss.tT
Tt.................gg..,,."...........tT
Tt.....,.........".gg..."...".....,"..tT
Tt.............."..gg......,..........tT
TttttttttttttttttttggttttttttttttttttttT
TTTTTTTTTTTTTTTTTTTggTTTTTTTTTTTTTTTTTTT
